Archive member included to satisfy reference by file (symbol)

/home/misiker/Desktop/ld.so/build/libc_pic.a(check_fds.os)
                              /home/misiker/Desktop/ld.so/build/elf/dl-allobjs.os (__libc_check_standard_fds)
/home/misiker/Desktop/ld.so/build/libc_pic.a(errno.os)
                              /home/misiker/Desktop/ld.so/build/libc_pic.a(check_fds.os) (__libc_errno)
/home/misiker/Desktop/ld.so/build/libc_pic.a(profil.os)
                              /home/misiker/Desktop/ld.so/build/elf/dl-allobjs.os (__profil)
/home/misiker/Desktop/ld.so/build/libc_pic.a(prof-freq.os)
                              /home/misiker/Desktop/ld.so/build/libc_pic.a(profil.os) (__GI___profile_frequency)
/home/misiker/Desktop/ld.so/build/libc_pic.a(xstat.os)
                              /home/misiker/Desktop/ld.so/build/elf/dl-allobjs.os (__GI___xstat64)
/home/misiker/Desktop/ld.so/build/libc_pic.a(fxstat.os)
                              /home/misiker/Desktop/ld.so/build/elf/dl-allobjs.os (__GI___fxstat64)
/home/misiker/Desktop/ld.so/build/libc_pic.a(lxstat.os)
                              /home/misiker/Desktop/ld.so/build/elf/dl-allobjs.os (__GI___lxstat64)
/home/misiker/Desktop/ld.so/build/libc_pic.a(open.os)
                              /home/misiker/Desktop/ld.so/build/elf/dl-allobjs.os (__open)
/home/misiker/Desktop/ld.so/build/libc_pic.a(read.os)
                              /home/misiker/Desktop/ld.so/build/elf/dl-allobjs.os (__libc_read)
/home/misiker/Desktop/ld.so/build/libc_pic.a(write.os)
                              /home/misiker/Desktop/ld.so/build/elf/dl-allobjs.os (__libc_write)
/home/misiker/Desktop/ld.so/build/libc_pic.a(access.os)
                              /home/misiker/Desktop/ld.so/build/elf/dl-allobjs.os (__access)
/home/misiker/Desktop/ld.so/build/libc_pic.a(fcntl.os)
                              /home/misiker/Desktop/ld.so/build/libc_pic.a(check_fds.os) (__GI___libc_fcntl)
/home/misiker/Desktop/ld.so/build/libc_pic.a(close.os)
                              /home/misiker/Desktop/ld.so/build/elf/dl-allobjs.os (__close)
/home/misiker/Desktop/ld.so/build/libc_pic.a(mmap.os)
                              /home/misiker/Desktop/ld.so/build/elf/dl-allobjs.os (__mmap)
/home/misiker/Desktop/ld.so/build/libc_pic.a(munmap.os)
                              /home/misiker/Desktop/ld.so/build/elf/dl-allobjs.os (__munmap)
/home/misiker/Desktop/ld.so/build/libc_pic.a(mprotect.os)
                              /home/misiker/Desktop/ld.so/build/elf/dl-allobjs.os (__mprotect)
/home/misiker/Desktop/ld.so/build/libc_pic.a(llseek.os)
                              /home/misiker/Desktop/ld.so/build/elf/dl-allobjs.os (__lseek)
/home/misiker/Desktop/ld.so/build/libc_pic.a(uname.os)
                              /home/misiker/Desktop/ld.so/build/elf/dl-allobjs.os (__uname)
/home/misiker/Desktop/ld.so/build/libc_pic.a(_exit.os)
                              /home/misiker/Desktop/ld.so/build/elf/dl-allobjs.os (__GI__exit)
/home/misiker/Desktop/ld.so/build/libc_pic.a(getpid.os)
                              /home/misiker/Desktop/ld.so/build/elf/dl-allobjs.os (__getpid)
/home/misiker/Desktop/ld.so/build/libc_pic.a(environ.os)
                              /home/misiker/Desktop/ld.so/build/elf/dl-allobjs.os (__environ)
/home/misiker/Desktop/ld.so/build/libc_pic.a(setjmp.os)
                              /home/misiker/Desktop/ld.so/build/elf/dl-allobjs.os (__sigsetjmp)
/home/misiker/Desktop/ld.so/build/libc_pic.a(__longjmp.os)
                              /home/misiker/Desktop/ld.so/build/elf/dl-allobjs.os (__longjmp)
/home/misiker/Desktop/ld.so/build/libc_pic.a(sigaction.os)
                              /home/misiker/Desktop/ld.so/build/libc_pic.a(profil.os) (__GI___sigaction)
/home/misiker/Desktop/ld.so/build/libc_pic.a(strchr.os)
                              /home/misiker/Desktop/ld.so/build/elf/dl-allobjs.os (strchr)
/home/misiker/Desktop/ld.so/build/libc_pic.a(strcmp.os)
                              /home/misiker/Desktop/ld.so/build/elf/dl-allobjs.os (strcmp)
/home/misiker/Desktop/ld.so/build/libc_pic.a(strdup.os)
                              /home/misiker/Desktop/ld.so/build/elf/dl-allobjs.os (__strdup)
/home/misiker/Desktop/ld.so/build/libc_pic.a(strlen.os)
                              /home/misiker/Desktop/ld.so/build/elf/dl-allobjs.os (strlen)
/home/misiker/Desktop/ld.so/build/libc_pic.a(strnlen.os)
                              /home/misiker/Desktop/ld.so/build/elf/dl-allobjs.os (strnlen)
/home/misiker/Desktop/ld.so/build/libc_pic.a(memchr.os)
                              /home/misiker/Desktop/ld.so/build/elf/dl-allobjs.os (memchr)
/home/misiker/Desktop/ld.so/build/libc_pic.a(memcmp.os)
                              /home/misiker/Desktop/ld.so/build/elf/dl-allobjs.os (memcmp)
/home/misiker/Desktop/ld.so/build/libc_pic.a(memmove.os)
                              /home/misiker/Desktop/ld.so/build/elf/dl-allobjs.os (memmove)
/home/misiker/Desktop/ld.so/build/libc_pic.a(memset.os)
[...]
Memory Configuration

Name             Origin             Length             Attributes
*default*        0x0000000000000000 0xffffffffffffffff

Linker script and memory map

START GROUP
LOAD /home/misiker/Desktop/ld.so/build/elf/dl-allobjs.os
LOAD /home/misiker/Desktop/ld.so/build/libc_pic.a
LOAD /usr/lib/gcc/x86_64-linux-gnu/5/libgcc.a
END GROUP

.interp
 *(.interp)

.note.gnu.build-id
 *(.note.gnu.build-id)

.hash
 *(.hash)

.gnu.hash
 *(.gnu.hash)

.dynsym
 *(.dynsym)

.dynstr
 *(.dynstr)

.gnu.version
 *(.gnu.version)

.gnu.version_d
 *(.gnu.version_d)

.gnu.version_r
 *(.gnu.version_r)

.rela.init
 *(.rela.init)

.rela.text
 *(.rela.text)

.rela.fini
 *(.rela.fini)

.rela.rodata
 *(.rela.rodata)

.rela.data.rel.ro
 *(.rela.data.rel.ro)

.rela.data
 *(.rela.data)

.rela.tdata
 *(.rela.tdata)

.rela.tbss
 *(.rela.tbss)

.rela.ctors
 *(.rela.ctors)

.rela.dtors
 *(.rela.dtors)

.rela.got
 *(.rela.got)

.rela.bss
 *(.rela.bss)

.rela.ldata
 *(.rela.ldata)

.rela.lbss
 *(.rela.lbss)

.rela.lrodata
 *(.rela.lrodata)

.rela.ifunc
 *(.rela.ifunc)

.rela.plt
 *(.rela.plt)

.init
 *(SORT(.init))

.plt
 *(.plt)
 *(.iplt)

.plt.got
 *(.plt.got)

.plt.bnd
 *(.plt.bnd)

.text           0x0000000000000000    0x1f795
 *(.text .stub)
 .text          0x0000000000000000    0x18740 /home/misiker/Desktop/ld.so/build/elf/dl-allobjs.os
                0x0000000000000000                _start
                0x0000000000000008                _dl_start_user
                0x0000000000000050                _dl_initial_error_catch_tsd
                0x0000000000006890                _dl_dst_count
                0x0000000000006940                _dl_dst_substitute
                0x0000000000007250                _dl_init_paths
                0x0000000000007690                _dl_map_object
                0x0000000000008090                _dl_rtld_di_serinfo
                0x0000000000008fa0                _dl_lookup_symbol_x
                0x000000000000a070                _dl_setup_hash
                0x000000000000a120                _dl_add_to_namespace_list
                0x000000000000a1b0                _dl_new_object
                0x000000000000a550                _dl_try_allocate_static_tls
                0x000000000000a630                _dl_allocate_static_tls
                0x000000000000a660                _dl_nothread_init_static_tls
                0x000000000000a6b0                _dl_protect_relro
                0x000000000000a710                _dl_reloc_bad_type
                0x000000000000a7e0                _dl_relocate_object
                0x000000000000cb00                _dl_map_object_deps
                0x000000000000dda0                _dl_important_hwcaps
                0x000000000000e540                _dl_fixup
                0x000000000000e750                _dl_profile_fixup
                0x000000000000ed50                _dl_call_pltexit
                0x000000000000ee60                _dl_signal_error
                0x000000000000f000                _dl_signal_cerror
                0x000000000000f090                _dl_catch_error
                0x000000000000f160                _dl_receive_error
                0x000000000000f2e0                _dl_init
                0x000000000000f410                _dl_sort_fini
                0x000000000000f650                _dl_fini
                0x000000000000f9e0                _dl_debug_state
                0x000000000000f9e0                __GI__dl_debug_state
                0x000000000000f9f0                _dl_debug_initialize
                0x0000000000010060                _dl_sysdep_read_whole_file
                0x00000000000100f0                _dl_debug_printf
                0x00000000000101a0                _dl_debug_printf_c
                0x0000000000010250                _dl_dprintf
                0x00000000000102f0                _dl_name_match_p
                0x0000000000010360                _dl_higher_prime_number
                0x00000000000107e0                _dl_check_map_versions
                0x0000000000010ca0                _dl_check_all_versions
                0x0000000000010d10                _dl_start_profile
                0x00000000000114f0                __GI__dl_mcount
                0x00000000000114f0                _dl_mcount
                0x0000000000011750                _dl_resolve_conflicts
                0x0000000000011be0                _dl_next_tls_modid
                0x0000000000011ce0                _dl_count_modids
                0x0000000000011d40                _dl_determine_tlsoffset
                0x0000000000011f10                __GI__dl_tls_setup
                0x0000000000011f10                _dl_tls_setup
                0x0000000000011fc0                _dl_get_tls_static_info
                0x0000000000011fe0                _dl_allocate_tls_storage
                0x0000000000012080                __GI__dl_allocate_tls_init
                0x0000000000012080                _dl_allocate_tls_init
                0x0000000000012320                __GI__dl_allocate_tls
                0x0000000000012320                _dl_allocate_tls
                0x0000000000012360                _dl_deallocate_tls
                0x0000000000012360                __GI__dl_deallocate_tls
                0x00000000000123f0                _dl_update_slotinfo
                0x0000000000012690                __GI___tls_get_addr
                0x0000000000012690                __tls_get_addr
                0x00000000000126d0                _dl_tls_get_addr_soft
                0x0000000000012750                _dl_add_to_slotinfo
                0x0000000000012830                _dl_get_origin
                0x00000000000129b0                _dl_scope_free
                0x0000000000012a80                _dl_make_stack_executable
                0x0000000000012a80                __GI__dl_make_stack_executable
                0x0000000000012b10                _dl_check_caller
                0x0000000000012f40                __GI__dl_find_dso_for_object
                0x0000000000012f40                _dl_find_dso_for_object
                0x0000000000013030                _dl_open
                0x0000000000013440                _dl_show_scope
                0x0000000000013f50                _dl_addr_inside_object
                0x0000000000014100                _dl_close_worker
                0x0000000000015060                _dl_close
                0x00000000000150f0                _dl_runtime_resolve_avx512
                0x0000000000015260                _dl_runtime_profile_avx512
                0x00000000000156e0                _dl_runtime_resolve_avx
                0x0000000000015840                _dl_runtime_profile_avx
                0x0000000000015cc0                _dl_runtime_resolve_sse
                0x0000000000015df0                _dl_runtime_profile_sse
                0x0000000000015ff0                _dl_cache_libcmp
                0x00000000000160d0                _dl_load_cache_lookup
                0x0000000000016690                _dl_unload_cache
                0x00000000000166d0                _dl_make_tlsdesc_dynamic
                0x00000000000169a0                _dl_tlsdesc_resolve_rela_fixup
                0x0000000000016b60                _dl_tlsdesc_resolve_hold_fixup
                0x0000000000016ba0                _dl_unmap
                0x0000000000016c20                _dl_tlsdesc_return
                0x0000000000016c30                _dl_tlsdesc_undefweak
                0x0000000000016c40                _dl_tlsdesc_dynamic
                0x0000000000016ce0                _dl_tlsdesc_resolve_rela
                0x0000000000016d50                _dl_tlsdesc_resolve_hold
                0x0000000000016dd0                __get_cpu_features
                0x0000000000016de0                _dl_sysdep_start
                0x0000000000017490                _dl_sysdep_start_cleanup
                0x00000000000174a0                _dl_show_auxv
                0x0000000000017650                _dl_discover_osversion
                0x0000000000017820                _dl_next_ld_env_entry
                0x0000000000017870                unsetenv
                0x00000000000178e0                __libc_memalign
                0x00000000000179e0                malloc
                0x00000000000179f0                calloc
                0x0000000000017a30                free
                0x0000000000017a60                __sigjmp_save
                0x0000000000017a70                __strerror_r
                0x0000000000017b50                __GI___libc_fatal
                0x0000000000017b50                __libc_fatal
                0x0000000000017b80                __GI___chk_fail
                0x0000000000017b80                __chk_fail
                0x0000000000017b90                __GI___assert_fail
                0x0000000000017b90                __assert_fail
                0x0000000000017be0                realloc
                0x0000000000017c70                __GI___assert_perror_fail
                0x0000000000017c70                __assert_perror_fail
                0x0000000000017ce0                __strtoul_internal
                0x0000000000017eb0                _itoa
                0x0000000000017f00                __strsep
                0x0000000000017f00                strsep
                0x0000000000017f00                __strsep_g
                0x0000000000017f90                __brk
                0x0000000000017f90                brk
                0x0000000000017fe0                sbrk
                0x0000000000017fe0                __sbrk
                0x0000000000018070                __getcwd
                0x0000000000018070                getcwd
                0x00000000000184d0                openat64
                0x0000000000018540                __alloc_dir
                0x0000000000018640                __opendir
                0x0000000000018640                opendir
                0x00000000000186f0                __fxstatat
                0x00000000000186f0                __fxstatat64
                0x00000000000186f0                __GI___fxstatat64
 .text          0x0000000000018740       0xf2 /home/misiker/Desktop/ld.so/build/libc_pic.a(check_fds.os)
                0x0000000000018800                __libc_check_standard_fds
 .text          0x0000000000018832        0x0 /home/misiker/Desktop/ld.so/build/libc_pic.a(errno.os)
 *fill*         0x0000000000018832        0xe 
 .text          0x0000000000018840      0x1ce /home/misiker/Desktop/ld.so/build/libc_pic.a(profil.os)
                0x0000000000018890                __profil
                0x0000000000018890                profil
 *fill*         0x0000000000018a0e        0x2 
 .text          0x0000000000018a10        0xb /home/misiker/Desktop/ld.so/build/libc_pic.a(prof-freq.os)
                0x0000000000018a10                __GI___profile_frequency
                0x0000000000018a10                __profile_frequency
 *fill*         0x0000000000018a1b        0x5 
 .text          0x0000000000018a20       0x4c /home/misiker/Desktop/ld.so/build/libc_pic.a(xstat.os)
                0x0000000000018a20                _xstat
                0x0000000000018a20                __xstat64
                0x0000000000018a20                __GI___xstat64
                0x0000000000018a20                __GI___xstat
                0x0000000000018a20                __xstat
 *fill*         0x0000000000018a6c        0x4 
 .text          0x0000000000018a70       0x4c /home/misiker/Desktop/ld.so/build/libc_pic.a(fxstat.os)
                0x0000000000018a70                __GI___fxstat
                0x0000000000018a70                __GI___fxstat64
                0x0000000000018a70                __fxstat64
                0x0000000000018a70                _fxstat
                0x0000000000018a70                __fxstat
 *fill*         0x0000000000018abc        0x4 
 .text          0x0000000000018ac0       0x4c /home/misiker/Desktop/ld.so/build/libc_pic.a(lxstat.os)
                0x0000000000018ac0                __GI___lxstat
                0x0000000000018ac0                _lxstat
                0x0000000000018ac0                __lxstat
                0x0000000000018ac0                __lxstat64
                0x0000000000018ac0                __GI___lxstat64
 *fill*         0x0000000000018b0c        0x4 
 .text          0x0000000000018b10       0x5a /home/misiker/Desktop/ld.so/build/libc_pic.a(open.os)
                0x0000000000018b10                __GI___open64
                0x0000000000018b10                __open
                0x0000000000018b10                __GI_open
                0x0000000000018b10                __GI___open
                0x0000000000018b10                __GI_open64
                0x0000000000018b10                __libc_open
                0x0000000000018b10                open64
                0x0000000000018b10                __GI___libc_open
                0x0000000000018b10                open
                0x0000000000018b10                __open64
                0x0000000000018b19                __open_nocancel
 *fill*         0x0000000000018b6a        0x6 
 .text          0x0000000000018b70       0x5a /home/misiker/Desktop/ld.so/build/libc_pic.a(read.os)
                0x0000000000018b70                __read
                0x0000000000018b70                __GI_read
                0x0000000000018b70                __libc_read
                0x0000000000018b70                __GI___read
                0x0000000000018b70                read
                0x0000000000018b70                __GI___libc_read
                0x0000000000018b79                __read_nocancel
 *fill*         0x0000000000018bca        0x6 
 .text          0x0000000000018bd0       0x5a /home/misiker/Desktop/ld.so/build/libc_pic.a(write.os)
                0x0000000000018bd0                __write
                0x0000000000018bd0                __GI_write
                0x0000000000018bd0                write
                0x0000000000018bd0                __GI___libc_write
                0x0000000000018bd0                __GI___write
                0x0000000000018bd0                __libc_write
                0x0000000000018bd9                __write_nocancel
 *fill*         0x0000000000018c2a        0x6 
 .text          0x0000000000018c30       0x21 /home/misiker/Desktop/ld.so/build/libc_pic.a(access.os)
                0x0000000000018c30                __GI_access
                0x0000000000018c30                __GI___access
                0x0000000000018c30                access
                0x0000000000018c30                __access
 *fill*         0x0000000000018c51        0xf 
 .text          0x0000000000018c60      0x110 /home/misiker/Desktop/ld.so/build/libc_pic.a(fcntl.os)
                0x0000000000018cd0                __fcntl_nocancel
                0x0000000000018d00                __libc_fcntl
                0x0000000000018d00                __GI___libc_fcntl
                0x0000000000018d00                __GI___fcntl
                0x0000000000018d00                __fcntl
                0x0000000000018d00                fcntl
 .text          0x0000000000018d70       0x5a /home/misiker/Desktop/ld.so/build/libc_pic.a(close.os)
                0x0000000000018d70                __GI_close
                0x0000000000018d70                __GI___libc_close
                0x0000000000018d70                __libc_close
                0x0000000000018d70                __close
                0x0000000000018d70                __GI___close
                0x0000000000018d70                close
                0x0000000000018d79                __close_nocancel
 *fill*         0x0000000000018dca        0x6 
 .text          0x0000000000018dd0       0xbe /home/misiker/Desktop/ld.so/build/libc_pic.a(mmap.os)
                0x0000000000018dd0                __mmap
                0x0000000000018dd0                mmap
                0x0000000000018dd0                __mmap64
                0x0000000000018dd0                mmap64
 *fill*         0x0000000000018e8e        0x2 
 .text          0x0000000000018e90       0x21 /home/misiker/Desktop/ld.so/build/libc_pic.a(munmap.os)
                0x0000000000018e90                munmap
                0x0000000000018e90                __GI___munmap
                0x0000000000018e90                __GI_munmap
                0x0000000000018e90                __munmap
 *fill*         0x0000000000018eb1        0xf 
 .text          0x0000000000018ec0       0x21 /home/misiker/Desktop/ld.so/build/libc_pic.a(mprotect.os)
                0x0000000000018ec0                __mprotect
                0x0000000000018ec0                __GI___mprotect
                0x0000000000018ec0                __GI_mprotect
                0x0000000000018ec0                mprotect
 *fill*         0x0000000000018ee1        0xf 
 .text          0x0000000000018ef0       0x21 /home/misiker/Desktop/ld.so/build/libc_pic.a(llseek.os)
                0x0000000000018ef0                __GI___lseek
                0x0000000000018ef0                __GI_lseek64
                0x0000000000018ef0                __llseek
                0x0000000000018ef0                __GI_llseek
                0x0000000000018ef0                __lseek64
                0x0000000000018ef0                lseek
                0x0000000000018ef0                __libc_lseek64
                0x0000000000018ef0                __GI___libc_lseek64
                0x0000000000018ef0                __GI___libc_lseek
                0x0000000000018ef0                llseek
                0x0000000000018ef0                __lseek
                0x0000000000018ef0                __GI___lseek64
                0x0000000000018ef0                __libc_lseek
                0x0000000000018ef0                __GI___llseek
                0x0000000000018ef0                __GI_lseek
                0x0000000000018ef0                lseek64
 *fill*         0x0000000000018f11        0xf 
 .text          0x0000000000018f20       0x21 /home/misiker/Desktop/ld.so/build/libc_pic.a(uname.os)
                0x0000000000018f20                uname
                0x0000000000018f20                __GI_uname
                0x0000000000018f20                __uname
                0x0000000000018f20                __GI___uname
 *fill*         0x0000000000018f41        0xf 
 .text          0x0000000000018f50       0x58 /home/misiker/Desktop/ld.so/build/libc_pic.a(_exit.os)
                0x0000000000018f50                _Exit
                0x0000000000018f50                __GI__exit
                0x0000000000018f50                _exit
 *fill*         0x0000000000018fa8        0x8 
 .text          0x0000000000018fb0       0x3c /home/misiker/Desktop/ld.so/build/libc_pic.a(getpid.os)
                0x0000000000018fb0                __getpid
                0x0000000000018fb0                getpid
                0x0000000000018fb0                __GI_getpid
                0x0000000000018fb0                __GI___getpid
 .text          0x0000000000018fec        0x0 /home/misiker/Desktop/ld.so/build/libc_pic.a(environ.os)
 *fill*         0x0000000000018fec        0x4 
 .text          0x0000000000018ff0       0x57 /home/misiker/Desktop/ld.so/build/libc_pic.a(setjmp.os)
                0x0000000000018ff0                __sigsetjmp
                0x0000000000018ff0                __GI___sigsetjmp
 *fill*         0x0000000000019047        0x9 
 .text          0x0000000000019050       0x50 /home/misiker/Desktop/ld.so/build/libc_pic.a(__longjmp.os)
                0x0000000000019050                __longjmp
 .text          0x00000000000190a0      0x274 /home/misiker/Desktop/ld.so/build/libc_pic.a(sigaction.os)
                0x00000000000190c0                __libc_sigaction
                0x00000000000190c0                __GI___libc_sigaction
                0x00000000000192f0                sigaction
                0x00000000000192f0                __GI___sigaction
                0x00000000000192f0                __sigaction
 *fill*         0x0000000000019314        0xc 
 .text          0x0000000000019320      0x24a /home/misiker/Desktop/ld.so/build/libc_pic.a(strchr.os)
                0x0000000000019320                index
                0x0000000000019320                strchr
                0x0000000000019350                __strchr_sse2
                0x0000000000019350                __GI_strchr
 *fill*         0x000000000001956a        0x6 
 .text          0x0000000000019570     0x1479 /home/misiker/Desktop/ld.so/build/libc_pic.a(strcmp.os)
                0x0000000000019570                strcmp
                0x00000000000195b0                __strcmp_sse2
                0x00000000000195b0                __GI_strcmp
 *fill*         0x000000000001a9e9        0x7 
 .text          0x000000000001a9f0       0x41 /home/misiker/Desktop/ld.so/build/libc_pic.a(strdup.os)
                0x000000000001a9f0                __GI___strdup
                0x000000000001a9f0                __strdup
                0x000000000001a9f0                strdup
 *fill*         0x000000000001aa31        0xf 
 .text          0x000000000001aa40      0x19c /home/misiker/Desktop/ld.so/build/libc_pic.a(strlen.os)
                0x000000000001aa40                strlen
                0x000000000001aa40                __GI_strlen
 *fill*         0x000000000001abdc        0x4 
 .text          0x000000000001abe0      0x218 /home/misiker/Desktop/ld.so/build/libc_pic.a(strnlen.os)
                0x000000000001abe0                __strnlen
                0x000000000001abe0                strnlen
                0x000000000001abe0                __GI___strnlen
                0x000000000001abe0                __GI_strnlen
 *fill*         0x000000000001adf8        0x8 
 .text          0x000000000001ae00      0x344 /home/misiker/Desktop/ld.so/build/libc_pic.a(memchr.os)
                0x000000000001ae00                __GI_memchr
                0x000000000001ae00                memchr
                0x000000000001ae00                __memchr
 *fill*         0x000000000001b144        0xc 
 .text          0x000000000001b150      0x440 /home/misiker/Desktop/ld.so/build/libc_pic.a(memcmp.os)
                0x000000000001b150                bcmp
                0x000000000001b150                memcmp
                0x000000000001b190                __GI_memcmp
                0x000000000001b190                __memcmp_sse2
 .text          0x000000000001b590      0x1b1 /home/misiker/Desktop/ld.so/build/libc_pic.a(memmove.os)
                0x000000000001b590                __GI_memmove
                0x000000000001b590                __memmove_sse2
                0x000000000001b6ea                memmove
                0x000000000001b6ea                memcpy@GLIBC_2.2.5
                0x000000000001b6ea                __libc_memmove
 *fill*         0x000000000001b741        0xf 
 .text          0x000000000001b750      0x173 /home/misiker/Desktop/ld.so/build/libc_pic.a(memset.os)
                0x000000000001b750                memset
                0x000000000001b7a0                __bzero
                0x000000000001b7a0                bzero
                0x000000000001b7b0                __memset_tail
                0x000000000001b7d0                __memset_chk_sse2
                0x000000000001b7e0                __GI_memset
                0x000000000001b7e0                __memset_sse2
 *fill*         0x000000000001b8c3        0xd 
 .text          0x000000000001b8d0      0x11c /home/misiker/Desktop/ld.so/build/libc_pic.a(stpcpy.os)
                0x000000000001b8d0                stpcpy
                0x000000000001b8d0                __stpcpy
                0x000000000001b910                __GI_stpcpy
                0x000000000001b910                __GI___stpcpy
                0x000000000001b910                __stpcpy_sse2
 *fill*         0x000000000001b9ec        0x4 
 .text          0x000000000001b9f0      0x4e5 /home/misiker/Desktop/ld.so/build/libc_pic.a(memcpy.os)
                0x000000000001b9f0                __new_memcpy
                0x000000000001b9f0                memcpy@@GLIBC_2.14
                0x000000000001ba60                __memcpy_chk_sse2
                0x000000000001ba70                __memcpy_sse2
                0x000000000001ba70                __GI_memcpy
 *fill*         0x000000000001bed5        0xb 
 .text          0x000000000001bee0      0x556 /home/misiker/Desktop/ld.so/build/libc_pic.a(wordcopy.os)
                0x000000000001bee0                _wordcopy_fwd_aligned
                0x000000000001c020                _wordcopy_fwd_dest_aligned
                0x000000000001c150                _wordcopy_bwd_aligned
                0x000000000001c2e0                _wordcopy_bwd_dest_aligned
 *fill*         0x000000000001c436        0xa 
 .text          0x000000000001c440      0x204 /home/misiker/Desktop/ld.so/build/libc_pic.a(rawmemchr.os)
                0x000000000001c440                __GI___rawmemchr
                0x000000000001c440                __rawmemchr
                0x000000000001c440                rawmemchr
 .text          0x000000000001c644        0x0 /home/misiker/Desktop/ld.so/build/libc_pic.a(strcmp-ssse3.os)
 *fill*         0x000000000001c644        0xc 
 .text          0x000000000001c650      0x2a3 /home/misiker/Desktop/ld.so/build/libc_pic.a(strcmp-sse2-unaligned.os)
                0x000000000001c650                __strcmp_sse2_unaligned
 .text          0x000000000001c8f3        0x0 /home/misiker/Desktop/ld.so/build/libc_pic.a(memcmp-sse4.os)
 .text          0x000000000001c8f3        0x0 /home/misiker/Desktop/ld.so/build/libc_pic.a(memcpy-ssse3.os)
 *fill*         0x000000000001c8f3        0xd 
 .text          0x000000000001c900      0x217 /home/misiker/Desktop/ld.so/build/libc_pic.a(memcpy-sse2-unaligned.os)
                0x000000000001c900                __memcpy_sse2_unaligned
 *fill*         0x000000000001cb17        0x9 
 .text          0x000000000001cb20      0x748 /home/misiker/Desktop/ld.so/build/libc_pic.a(memcpy-avx512-no-vzeroupper.os)
                0x000000000001cb20                __memcpy_chk_avx512_no_vzeroupper
                0x000000000001cb30                __memcpy_avx512_no_vzeroupper
 .text          0x000000000001d268        0x0 /home/misiker/Desktop/ld.so/build/libc_pic.a(memmove-ssse3.os)
 .text          0x000000000001d268        0x0 /home/misiker/Desktop/ld.so/build/libc_pic.a(memmove-avx-unaligned.os)
 .text          0x000000000001d268        0x0 /home/misiker/Desktop/ld.so/build/libc_pic.a(memcpy-avx-unaligned.os)
 .text          0x000000000001d268        0x0 /home/misiker/Desktop/ld.so/build/libc_pic.a(memmove-ssse3-back.os)
 *fill*         0x000000000001d268        0x8 
 .text          0x000000000001d270      0x748 /home/misiker/Desktop/ld.so/build/libc_pic.a(memmove-avx512-no-vzeroupper.os)
                0x000000000001d270                __memmove_chk_avx512_no_vzeroupper
                0x000000000001d280                __memmove_avx512_no_vzeroupper
 .text          0x000000000001d9b8        0x0 /home/misiker/Desktop/ld.so/build/libc_pic.a(stpcpy-ssse3.os)
 *fill*         0x000000000001d9b8        0x8 
 .text          0x000000000001d9c0      0x6b0 /home/misiker/Desktop/ld.so/build/libc_pic.a(stpcpy-sse2-unaligned.os)
                0x000000000001d9c0                __stpcpy_sse2_unaligned
 .text          0x000000000001e070        0x0 /home/misiker/Desktop/ld.so/build/libc_pic.a(strchr-sse2-no-bsf.os)
 .text          0x000000000001e070        0x0 /home/misiker/Desktop/ld.so/build/libc_pic.a(memcmp-ssse3.os)
 .text          0x000000000001e070        0x0 /home/misiker/Desktop/ld.so/build/libc_pic.a(memset-avx2.os)
 .text          0x000000000001e070      0x280 /home/misiker/Desktop/ld.so/build/libc_pic.a(memset-avx512-no-vzeroupper.os)
                0x000000000001e070                __memset_chk_avx512_no_vzeroupper
                0x000000000001e080                __memset_avx512_no_vzeroupper
 .text          0x000000000001e2f0      0x5c0 /home/misiker/Desktop/ld.so/build/libc_pic.a(cacheinfo.os)
                0x000000000001e880                __cache_sysconf
 .text          0x000000000001e8b0       0x21 /home/misiker/Desktop/ld.so/build/libc_pic.a(setitimer.os)
                0x000000000001e8b0                setitimer
                0x000000000001e8b0                __setitimer
                0x000000000001e8b0                __GI_setitimer
                0x000000000001e8b0                __GI___setitimer
 *fill*         0x000000000001e8d1        0xf 
 .text          0x000000000001e8e0       0xb9 /home/misiker/Desktop/ld.so/build/libc_pic.a(libc-cancellation.os)
                0x000000000001e8e0                __libc_enable_asynccancel
                0x000000000001e940                __libc_disable_asynccancel
 .text          0x000000000001e999        0x0 /home/misiker/Desktop/ld.so/build/libc_pic.a(libc_multiple_threads.os)
 *fill*         0x000000000001e999        0x7 
 .text          0x000000000001e9a0       0x54 /home/misiker/Desktop/ld.so/build/libc_pic.a(closedir.os)
                0x000000000001e9a0                __closedir
                0x000000000001e9a0                closedir
 *fill*         0x000000000001e9f4        0xc 
 .text          0x000000000001ea00       0xf8 /home/misiker/Desktop/ld.so/build/libc_pic.a(readdir.os)
                0x000000000001ea00                readdir
                0x000000000001ea00                __readdir64
                0x000000000001ea00                __readdir
                0x000000000001ea00                readdir64
 *fill*         0x000000000001eaf8        0x8 
 .text          0x000000000001eb00       0x93 /home/misiker/Desktop/ld.so/build/libc_pic.a(rewinddir.os)
                0x000000000001eb00                rewinddir
                0x000000000001eb00                __rewinddir
                0x000000000001eb00                __GI___rewinddir
 *fill*         0x000000000001eb93        0xd 
 .text          0x000000000001eba0       0x8d /home/misiker/Desktop/ld.so/build/libc_pic.a(getdents.os)
                0x000000000001eba0                __getdents
                0x000000000001eba0                __getdents64
 *fill*         0x000000000001ec2d        0x3 
 .text          0x000000000001ec30       0x9a /home/misiker/Desktop/ld.so/build/libc_pic.a(fdopendir.os)
                0x000000000001ec30                fdopendir
                0x000000000001ec30                __fdopendir
 *fill*         0x000000000001ecca        0x6 
 .text          0x000000000001ecd0      0x5c6 /home/misiker/Desktop/ld.so/build/libc_pic.a(forward.os)
                0x000000000001ecd0                pthread_equal
                0x000000000001ed00                pthread_attr_destroy
                0x000000000001ed30                pthread_attr_init@@GLIBC_2.2.5
                0x000000000001ed30                __pthread_attr_init_2_1
                0x000000000001ed60                pthread_attr_getdetachstate
                0x000000000001ed90                pthread_attr_setdetachstate
                0x000000000001edc0                pthread_attr_getinheritsched
                0x000000000001edf0                pthread_attr_setinheritsched
                0x000000000001ee20                pthread_attr_getschedparam
                0x000000000001ee50                pthread_attr_setschedparam
                0x000000000001ee80                pthread_attr_getschedpolicy
                0x000000000001eeb0                pthread_attr_setschedpolicy
                0x000000000001eee0                pthread_attr_getscope
                0x000000000001ef10                pthread_attr_setscope
                0x000000000001ef40                pthread_condattr_destroy
                0x000000000001ef70                pthread_condattr_init
                0x000000000001efa0                pthread_cond_broadcast@@GLIBC_2.3.2
                0x000000000001efa0                __pthread_cond_broadcast
                0x000000000001efd0                pthread_cond_destroy@@GLIBC_2.3.2
                0x000000000001efd0                __pthread_cond_destroy
                0x000000000001f000                pthread_cond_init@@GLIBC_2.3.2
                0x000000000001f000                __pthread_cond_init
                0x000000000001f030                pthread_cond_signal@@GLIBC_2.3.2
                0x000000000001f030                __pthread_cond_signal
                0x000000000001f060                pthread_cond_wait@@GLIBC_2.3.2
                0x000000000001f060                __pthread_cond_wait
                0x000000000001f090                pthread_cond_timedwait@@GLIBC_2.3.2
                0x000000000001f090                __pthread_cond_timedwait
                0x000000000001f0c0                pthread_exit
                0x000000000001f0c0                __pthread_exit
                0x000000000001f0f0                pthread_getschedparam
                0x000000000001f120                pthread_setschedparam
                0x000000000001f150                pthread_mutex_destroy
                0x000000000001f180                pthread_mutex_init
                0x000000000001f1b0                pthread_mutex_lock
                0x000000000001f1e0                pthread_mutex_unlock
                0x000000000001f210                pthread_self
                0x000000000001f240                __pthread_setcancelstate
                0x000000000001f240                pthread_setcancelstate
                0x000000000001f270                pthread_setcanceltype
 *fill*         0x000000000001f296        0xa 
 .text          0x000000000001f2a0       0x4c /home/misiker/Desktop/ld.so/build/libc_pic.a(libc-lowlevellock.os)
                0x000000000001f2a0                __lll_lock_wait_private
                0x000000000001f2d0                __lll_unlock_wake_private
 *fill*         0x000000000001f2ec        0x4 
 .text          0x000000000001f2f0      0x135 /home/misiker/Desktop/ld.so/build/libc_pic.a(exit.os)
                0x000000000001f2f0                __run_exit_handlers
                0x000000000001f410                __GI_exit
                0x000000000001f410                exit
 *fill*         0x000000000001f425        0xb 
 .text          0x000000000001f430      0x22f /home/misiker/Desktop/ld.so/build/libc_pic.a(cxa_atexit.os)
                0x000000000001f430                __new_exitfn
                0x000000000001f5c0                __internal_atexit
                0x000000000001f610                __cxa_atexit
                0x000000000001f610                __GI___cxa_atexit
 *fill*         0x000000000001f65f        0x1 
 .text          0x000000000001f660      0x135 /home/misiker/Desktop/ld.so/build/libc_pic.a(cxa_thread_atexit_impl.os)
                0x000000000001f660                __cxa_thread_atexit_impl
                0x000000000001f730                __GI___call_tls_dtors
                0x000000000001f730                __call_tls_dtors
 *(.gnu.warning)

.text.unlikely  0x0000000000000000      0x1f3
 .text.unlikely
                0x0000000000000000      0x1f3 /home/misiker/Desktop/ld.so/build/elf/dl-allobjs.os
 .text.unlikely
                0x00000000000001f3        0x0 /home/misiker/Desktop/ld.so/build/libc_pic.a(check_fds.os)
 .text.unlikely
                0x00000000000001f3        0x0 /home/misiker/Desktop/ld.so/build/libc_pic.a(profil.os)
 .text.unlikely
                0x00000000000001f3        0x0 /home/misiker/Desktop/ld.so/build/libc_pic.a(prof-freq.os)
 .text.unlikely
                0x00000000000001f3        0x0 /home/misiker/Desktop/ld.so/build/libc_pic.a(xstat.os)
 .text.unlikely
                0x00000000000001f3        0x0 /home/misiker/Desktop/ld.so/build/libc_pic.a(fxstat.os)
 .text.unlikely
                0x00000000000001f3        0x0 /home/misiker/Desktop/ld.so/build/libc_pic.a(lxstat.os)
 .text.unlikely
                0x00000000000001f3        0x0 /home/misiker/Desktop/ld.so/build/libc_pic.a(fcntl.os)
 .text.unlikely
                0x00000000000001f3        0x0 /home/misiker/Desktop/ld.so/build/libc_pic.a(mmap.os)
 .text.unlikely
                0x00000000000001f3        0x0 /home/misiker/Desktop/ld.so/build/libc_pic.a(_exit.os)
 .text.unlikely
                0x00000000000001f3        0x0 /home/misiker/Desktop/ld.so/build/libc_pic.a(getpid.os)
 .text.unlikely
                0x00000000000001f3        0x0 /home/misiker/Desktop/ld.so/build/libc_pic.a(sigaction.os)
 .text.unlikely
                0x00000000000001f3        0x0 /home/misiker/Desktop/ld.so/build/libc_pic.a(strdup.os)
 .text.unlikely
                0x00000000000001f3        0x0 /home/misiker/Desktop/ld.so/build/libc_pic.a(memmove.os)
 .text.unlikely
                0x00000000000001f3        0x0 /home/misiker/Desktop/ld.so/build/libc_pic.a(wordcopy.os)
 .text.unlikely
                0x00000000000001f3        0x0 /home/misiker/Desktop/ld.so/build/libc_pic.a(cacheinfo.os)
 .text.unlikely
                0x00000000000001f3        0x0 /home/misiker/Desktop/ld.so/build/libc_pic.a(closedir.os)
 .text.unlikely
                0x00000000000001f3        0x0 /home/misiker/Desktop/ld.so/build/libc_pic.a(readdir.os)
 .text.unlikely
                0x00000000000001f3        0x0 /home/misiker/Desktop/ld.so/build/libc_pic.a(rewinddir.os)
 .text.unlikely
                0x00000000000001f3        0x0 /home/misiker/Desktop/ld.so/build/libc_pic.a(getdents.os)
 .text.unlikely
                0x00000000000001f3        0x0 /home/misiker/Desktop/ld.so/build/libc_pic.a(fdopendir.os)
 .text.unlikely
                0x00000000000001f3        0x0 /home/misiker/Desktop/ld.so/build/libc_pic.a(forward.os)
 .text.unlikely
                0x00000000000001f3        0x0 /home/misiker/Desktop/ld.so/build/libc_pic.a(exit.os)
 .text.unlikely
                0x00000000000001f3        0x0 /home/misiker/Desktop/ld.so/build/libc_pic.a(cxa_atexit.os)
 .text.unlikely
                0x00000000000001f3        0x0 /home/misiker/Desktop/ld.so/build/libc_pic.a(cxa_thread_atexit_impl.os)

.text.sse4.2    0x0000000000000000      0xda9
 .text.sse4.2   0x0000000000000000      0xda9 /home/misiker/Desktop/ld.so/build/libc_pic.a(strcmp.os)
                0x0000000000000000                __strcmp_sse42

.text.ssse3     0x0000000000000000     0xaad3
 .text.ssse3    0x0000000000000000     0x1259 /home/misiker/Desktop/ld.so/build/libc_pic.a(strcmp-ssse3.os)
                0x0000000000000000                __GI___strcmp_ssse3
                0x0000000000000000                __strcmp_ssse3
 *fill*         0x0000000000001259        0x7 
 .text.ssse3    0x0000000000001260     0x29c6 /home/misiker/Desktop/ld.so/build/libc_pic.a(memcpy-ssse3.os)
                0x0000000000001260                __memcpy_chk_ssse3
                0x0000000000001270                __memcpy_ssse3
 *fill*         0x0000000000003c26        0xa 
 .text.ssse3    0x0000000000003c30     0x2b77 /home/misiker/Desktop/ld.so/build/libc_pic.a(memmove-ssse3.os)
                0x0000000000003c30                __memmove_chk_ssse3
                0x0000000000003c40                __memmove_ssse3
 *fill*         0x00000000000067a7        0x9 
 .text.ssse3    0x00000000000067b0     0x2b16 /home/misiker/Desktop/ld.so/build/libc_pic.a(memmove-ssse3-back.os)
                0x00000000000067b0                __memmove_chk_ssse3_back
                0x00000000000067c0                __memmove_ssse3_back
 *fill*         0x00000000000092c6        0xa 
 .text.ssse3    0x00000000000092d0     0x1803 /home/misiker/Desktop/ld.so/build/libc_pic.a(stpcpy-ssse3.os)
                0x00000000000092d0                __stpcpy_ssse3

.text.sse4.1    0x0000000000000000     0x163e
 .text.sse4.1   0x0000000000000000     0x163e /home/misiker/Desktop/ld.so/build/libc_pic.a(memcmp-sse4.os)
                0x0000000000000000                __memcmp_sse4_1

.text.avx       0x0000000000000000      0x886
 .text.avx      0x0000000000000000      0x4eb /home/misiker/Desktop/ld.so/build/libc_pic.a(memmove-avx-unaligned.os)
                0x0000000000000000                __memmove_chk_avx_unaligned
                0x0000000000000010                __memmove_avx_unaligned
 *fill*         0x00000000000004eb        0x5 
 .text.avx      0x00000000000004f0      0x396 /home/misiker/Desktop/ld.so/build/libc_pic.a(memcpy-avx-unaligned.os)
                0x00000000000004f0                __memcpy_chk_avx_unaligned
                0x0000000000000500                __memcpy_avx_unaligned

.text.atom      0x0000000000000000     0x1a83
 .text.atom     0x0000000000000000      0x315 /home/misiker/Desktop/ld.so/build/libc_pic.a(strchr-sse2-no-bsf.os)
                0x0000000000000000                __strchr_sse2_no_bsf
 *fill*         0x0000000000000315        0xb 
 .text.atom     0x0000000000000320     0x1763 /home/misiker/Desktop/ld.so/build/libc_pic.a(memcmp-ssse3.os)
                0x0000000000000320                __memcmp_ssse3

.text.avx2      0x0000000000000000      0x1a4
 .text.avx2     0x0000000000000000      0x1a4 /home/misiker/Desktop/ld.so/build/libc_pic.a(memset-avx2.os)
                0x0000000000000000                __memset_chk_avx2
                0x0000000000000010                __memset_avx2

.text.startup   0x0000000000000000      0x2a0
 .text.startup  0x0000000000000000      0x2a0 /home/misiker/Desktop/ld.so/build/libc_pic.a(cacheinfo.os)

.text.compat    0x0000000000000000      0x160
 .text.compat   0x0000000000000000      0x160 /home/misiker/Desktop/ld.so/build/libc_pic.a(forward.os)
                0x0000000000000000                pthread_cond_broadcast@GLIBC_2.2.5
                0x0000000000000000                __pthread_cond_broadcast_2_0
                0x0000000000000030                __pthread_cond_destroy_2_0
                0x0000000000000030                pthread_cond_destroy@GLIBC_2.2.5
                0x0000000000000060                __pthread_cond_init_2_0
                0x0000000000000060                pthread_cond_init@GLIBC_2.2.5
                0x0000000000000090                __pthread_cond_signal_2_0
                0x0000000000000090                pthread_cond_signal@GLIBC_2.2.5
                0x00000000000000c0                pthread_cond_wait@GLIBC_2.2.5
                0x00000000000000c0                __pthread_cond_wait_2_0
                0x00000000000000f0                pthread_cond_timedwait@GLIBC_2.2.5
                0x00000000000000f0                __pthread_cond_timedwait_2_0
                0x0000000000000120                __pthread_unwind

.fini
 *(SORT(.fini))

.rodata         0x0000000000000000     0x11c0
 *(.rodata)
 .rodata        0x0000000000000000      0xd90 /home/misiker/Desktop/ld.so/build/elf/dl-allobjs.os
                0x0000000000000d80                __GI__itoa_lower_digits
                0x0000000000000d80                _itoa_lower_digits
 .rodata        0x0000000000000d90       0x40 /home/misiker/Desktop/ld.so/build/libc_pic.a(strcmp.os)
 .rodata        0x0000000000000dd0       0x40 /home/misiker/Desktop/ld.so/build/libc_pic.a(wordcopy.os)
 .rodata        0x0000000000000e10       0x40 /home/misiker/Desktop/ld.so/build/libc_pic.a(strcmp-ssse3.os)
 .rodata        0x0000000000000e50       0x80 /home/misiker/Desktop/ld.so/build/libc_pic.a(stpcpy-sse2-unaligned.os)
 *fill*         0x0000000000000ed0       0x10 
 .rodata        0x0000000000000ee0      0x2e0 /home/misiker/Desktop/ld.so/build/libc_pic.a(cacheinfo.os)

.rodata.str1.1  0x0000000000000000     0x11b7
 .rodata.str1.1
                0x0000000000000000     0x1144 /home/misiker/Desktop/ld.so/build/elf/dl-allobjs.os
 .rodata.str1.1
                0x0000000000001144       0x14 /home/misiker/Desktop/ld.so/build/libc_pic.a(check_fds.os)
 .rodata.str1.1
                0x0000000000001158       0x48 /home/misiker/Desktop/ld.so/build/libc_pic.a(cacheinfo.os)
 .rodata.str1.1
                0x00000000000011a0       0x17 /home/misiker/Desktop/ld.so/build/libc_pic.a(cxa_atexit.os)

.rodata.str1.8  0x0000000000000000     0x260d
 .rodata.str1.8
                0x0000000000000000     0x25d9 /home/misiker/Desktop/ld.so/build/elf/dl-allobjs.os
 *fill*         0x00000000000025d9        0x7 
 .rodata.str1.8
                0x00000000000025e0       0x1d /home/misiker/Desktop/ld.so/build/libc_pic.a(cacheinfo.os)
 *fill*         0x00000000000025fd        0x3 
 .rodata.str1.8
                0x0000000000002600        0xd /home/misiker/Desktop/ld.so/build/libc_pic.a(cxa_atexit.os)

.rodata.str1.16
                0x0000000000000000      0x391
 .rodata.str1.16
                0x0000000000000000      0x373 /home/misiker/Desktop/ld.so/build/elf/dl-allobjs.os
 *fill*         0x0000000000000373        0xd 
 .rodata.str1.16
                0x0000000000000380       0x11 /home/misiker/Desktop/ld.so/build/libc_pic.a(cacheinfo.os)

.rodata.cst16   0x0000000000000000       0x20
 .rodata.cst16  0x0000000000000000       0x20 /home/misiker/Desktop/ld.so/build/elf/dl-allobjs.os

.rodata.cst4    0x0000000000000000        0x4
 .rodata.cst4   0x0000000000000000        0x4 /home/misiker/Desktop/ld.so/build/elf/dl-allobjs.os

.rodata.str1.32
                0x0000000000000000       0x7f
 .rodata.str1.32
                0x0000000000000000       0x7f /home/misiker/Desktop/ld.so/build/elf/dl-allobjs.os

.rodata.sse4.2  0x0000000000000000       0x40
 .rodata.sse4.2
                0x0000000000000000       0x40 /home/misiker/Desktop/ld.so/build/libc_pic.a(strcmp.os)

.rodata.sse4.1  0x0000000000000000      0x140
 .rodata.sse4.1
                0x0000000000000000      0x140 /home/misiker/Desktop/ld.so/build/libc_pic.a(memcmp-sse4.os)

.rodata.ssse3   0x0000000000000000      0x880
 .rodata.ssse3  0x0000000000000000      0x1c0 /home/misiker/Desktop/ld.so/build/libc_pic.a(memcpy-ssse3.os)
 .rodata.ssse3  0x00000000000001c0      0x1c0 /home/misiker/Desktop/ld.so/build/libc_pic.a(memmove-ssse3.os)
 .rodata.ssse3  0x0000000000000380      0x500 /home/misiker/Desktop/ld.so/build/libc_pic.a(memmove-ssse3-back.os)

.rodata1
 *(.rodata1)

.eh_frame_hdr
 *(.eh_frame_hdr)

.eh_frame       0x0000000000000000     0x39f0
 *(.eh_frame)
 .eh_frame      0x0000000000000000     0x2200 /home/misiker/Desktop/ld.so/build/elf/dl-allobjs.os
 .eh_frame      0x0000000000002200       0x68 /home/misiker/Desktop/ld.so/build/libc_pic.a(check_fds.os)
 .eh_frame      0x0000000000002268       0x80 /home/misiker/Desktop/ld.so/build/libc_pic.a(profil.os)
 .eh_frame      0x00000000000022e8       0x30 /home/misiker/Desktop/ld.so/build/libc_pic.a(prof-freq.os)
 .eh_frame      0x0000000000002318       0x30 /home/misiker/Desktop/ld.so/build/libc_pic.a(xstat.os)
 .eh_frame      0x0000000000002348       0x30 /home/misiker/Desktop/ld.so/build/libc_pic.a(fxstat.os)
 .eh_frame      0x0000000000002378       0x30 /home/misiker/Desktop/ld.so/build/libc_pic.a(lxstat.os)
 .eh_frame      0x00000000000023a8       0x30 /home/misiker/Desktop/ld.so/build/libc_pic.a(open.os)
 .eh_frame      0x00000000000023d8       0x30 /home/misiker/Desktop/ld.so/build/libc_pic.a(read.os)
 .eh_frame      0x0000000000002408       0x30 /home/misiker/Desktop/ld.so/build/libc_pic.a(write.os)
 .eh_frame      0x0000000000002438       0x30 /home/misiker/Desktop/ld.so/build/libc_pic.a(access.os)
 .eh_frame      0x0000000000002468       0x70 /home/misiker/Desktop/ld.so/build/libc_pic.a(fcntl.os)
                                         0x68 (size before relaxing)
 .eh_frame      0x00000000000024d8       0x30 /home/misiker/Desktop/ld.so/build/libc_pic.a(close.os)
 .eh_frame      0x0000000000002508       0x60 /home/misiker/Desktop/ld.so/build/libc_pic.a(mmap.os)
 .eh_frame      0x0000000000002568       0x30 /home/misiker/Desktop/ld.so/build/libc_pic.a(munmap.os)
 .eh_frame      0x0000000000002598       0x30 /home/misiker/Desktop/ld.so/build/libc_pic.a(mprotect.os)
 .eh_frame      0x00000000000025c8       0x30 /home/misiker/Desktop/ld.so/build/libc_pic.a(llseek.os)
 .eh_frame      0x00000000000025f8       0x30 /home/misiker/Desktop/ld.so/build/libc_pic.a(uname.os)
 .eh_frame      0x0000000000002628       0x30 /home/misiker/Desktop/ld.so/build/libc_pic.a(_exit.os)
 .eh_frame      0x0000000000002658       0x30 /home/misiker/Desktop/ld.so/build/libc_pic.a(getpid.os)
 .eh_frame      0x0000000000002688       0x30 /home/misiker/Desktop/ld.so/build/libc_pic.a(setjmp.os)
 .eh_frame      0x00000000000026b8       0x48 /home/misiker/Desktop/ld.so/build/libc_pic.a(__longjmp.os)
 .eh_frame      0x0000000000002700       0xf0 /home/misiker/Desktop/ld.so/build/libc_pic.a(sigaction.os)
                                         0xe8 (size before relaxing)
 .eh_frame      0x00000000000027f0       0x48 /home/misiker/Desktop/ld.so/build/libc_pic.a(strchr.os)
                                         0x40 (size before relaxing)
 .eh_frame      0x0000000000002838       0x60 /home/misiker/Desktop/ld.so/build/libc_pic.a(strcmp.os)
                                         0x58 (size before relaxing)
 .eh_frame      0x0000000000002898       0x50 /home/misiker/Desktop/ld.so/build/libc_pic.a(strdup.os)
 .eh_frame      0x00000000000028e8       0x30 /home/misiker/Desktop/ld.so/build/libc_pic.a(strlen.os)
 .eh_frame      0x0000000000002918       0x30 /home/misiker/Desktop/ld.so/build/libc_pic.a(strnlen.os)
 .eh_frame      0x0000000000002948       0x30 /home/misiker/Desktop/ld.so/build/libc_pic.a(memchr.os)
 .eh_frame      0x0000000000002978       0x48 /home/misiker/Desktop/ld.so/build/libc_pic.a(memcmp.os)
                                         0x40 (size before relaxing)
 .eh_frame      0x00000000000029c0       0x80 /home/misiker/Desktop/ld.so/build/libc_pic.a(memmove.os)
 .eh_frame      0x0000000000002a40       0x90 /home/misiker/Desktop/ld.so/build/libc_pic.a(memset.os)
                                         0x80 (size before relaxing)
 .eh_frame      0x0000000000002ad0       0x48 /home/misiker/Desktop/ld.so/build/libc_pic.a(stpcpy.os)
                                         0x40 (size before relaxing)
 .eh_frame      0x0000000000002b18       0x88 /home/misiker/Desktop/ld.so/build/libc_pic.a(memcpy.os)
                                         0x80 (size before relaxing)
 .eh_frame      0x0000000000002ba0       0x98 /home/misiker/Desktop/ld.so/build/libc_pic.a(wordcopy.os)
                                         0x90 (size before relaxing)
 .eh_frame      0x0000000000002c38       0x30 /home/misiker/Desktop/ld.so/build/libc_pic.a(rawmemchr.os)
 .eh_frame      0x0000000000002c68       0x30 /home/misiker/Desktop/ld.so/build/libc_pic.a(strcmp-ssse3.os)
 .eh_frame      0x0000000000002c98       0x30 /home/misiker/Desktop/ld.so/build/libc_pic.a(strcmp-sse2-unaligned.os)
 .eh_frame      0x0000000000002cc8       0x30 /home/misiker/Desktop/ld.so/build/libc_pic.a(memcmp-sse4.os)
 .eh_frame      0x0000000000002cf8       0x48 /home/misiker/Desktop/ld.so/build/libc_pic.a(memcpy-ssse3.os)
                                         0x40 (size before relaxing)
 .eh_frame      0x0000000000002d40       0x30 /home/misiker/Desktop/ld.so/build/libc_pic.a(memcpy-sse2-unaligned.os)
 .eh_frame      0x0000000000002d70       0x48 /home/misiker/Desktop/ld.so/build/libc_pic.a(memcpy-avx512-no-vzeroupper.os)
                                         0x40 (size before relaxing)
 .eh_frame      0x0000000000002db8       0x48 /home/misiker/Desktop/ld.so/build/libc_pic.a(memmove-ssse3.os)
                                         0x40 (size before relaxing)
 .eh_frame      0x0000000000002e00       0x48 /home/misiker/Desktop/ld.so/build/libc_pic.a(memmove-avx-unaligned.os)
                                         0x40 (size before relaxing)
 .eh_frame      0x0000000000002e48       0x48 /home/misiker/Desktop/ld.so/build/libc_pic.a(memcpy-avx-unaligned.os)
                                         0x40 (size before relaxing)
 .eh_frame      0x0000000000002e90       0x48 /home/misiker/Desktop/ld.so/build/libc_pic.a(memmove-ssse3-back.os)
                                         0x40 (size before relaxing)
 .eh_frame      0x0000000000002ed8       0x48 /home/misiker/Desktop/ld.so/build/libc_pic.a(memmove-avx512-no-vzeroupper.os)
                                         0x40 (size before relaxing)
 .eh_frame      0x0000000000002f20       0x30 /home/misiker/Desktop/ld.so/build/libc_pic.a(stpcpy-ssse3.os)
 .eh_frame      0x0000000000002f50       0x30 /home/misiker/Desktop/ld.so/build/libc_pic.a(stpcpy-sse2-unaligned.os)
 .eh_frame      0x0000000000002f80       0x30 /home/misiker/Desktop/ld.so/build/libc_pic.a(strchr-sse2-no-bsf.os)
 .eh_frame      0x0000000000002fb0       0x30 /home/misiker/Desktop/ld.so/build/libc_pic.a(memcmp-ssse3.os)
 .eh_frame      0x0000000000002fe0       0x48 /home/misiker/Desktop/ld.so/build/libc_pic.a(memset-avx2.os)
                                         0x40 (size before relaxing)
 .eh_frame      0x0000000000003028       0x48 /home/misiker/Desktop/ld.so/build/libc_pic.a(memset-avx512-no-vzeroupper.os)
                                         0x40 (size before relaxing)
 .eh_frame      0x0000000000003070      0x1c8 /home/misiker/Desktop/ld.so/build/libc_pic.a(cacheinfo.os)
                                        0x1c0 (size before relaxing)
 .eh_frame      0x0000000000003238       0x30 /home/misiker/Desktop/ld.so/build/libc_pic.a(setitimer.os)
 .eh_frame      0x0000000000003268       0x48 /home/misiker/Desktop/ld.so/build/libc_pic.a(libc-cancellation.os)
                                         0x40 (size before relaxing)
 .eh_frame      0x00000000000032b0       0x40 /home/misiker/Desktop/ld.so/build/libc_pic.a(closedir.os)
 .eh_frame      0x00000000000032f0       0x68 /home/misiker/Desktop/ld.so/build/libc_pic.a(readdir.os)
 .eh_frame      0x0000000000003358       0x40 /home/misiker/Desktop/ld.so/build/libc_pic.a(rewinddir.os)
 .eh_frame      0x0000000000003398       0x68 /home/misiker/Desktop/ld.so/build/libc_pic.a(getdents.os)
 .eh_frame      0x0000000000003400       0x50 /home/misiker/Desktop/ld.so/build/libc_pic.a(fdopendir.os)
 .eh_frame      0x0000000000003450      0x3a8 /home/misiker/Desktop/ld.so/build/libc_pic.a(forward.os)
                                        0x310 (size before relaxing)
 .eh_frame      0x00000000000037f8       0x68 /home/misiker/Desktop/ld.so/build/libc_pic.a(libc-lowlevellock.os)
                                         0x60 (size before relaxing)
 .eh_frame      0x0000000000003860       0x58 /home/misiker/Desktop/ld.so/build/libc_pic.a(exit.os)
 .eh_frame      0x00000000000038b8       0xb8 /home/misiker/Desktop/ld.so/build/libc_pic.a(cxa_atexit.os)
                                         0xb0 (size before relaxing)
 .eh_frame      0x0000000000003970       0x80 /home/misiker/Desktop/ld.so/build/libc_pic.a(cxa_thread_atexit_impl.os)

.gcc_except_table
 *(.gcc_except_table .gcc_except_table.*)

.gnu_extab
 *(.gnu_extab*)

.exception_ranges
 *(.exception_ranges .exception_ranges*)

.eh_frame
 *(.eh_frame)

.gnu_extab
 *(.gnu_extab)

.gcc_except_table
 *(.gcc_except_table .gcc_except_table.*)

.exception_ranges
 *(.exception_ranges .exception_ranges*)

.tdata
 *(.tdata)

.tbss           0x0000000000000000       0x18
 *(.tbss)
 .tbss          0x0000000000000000        0x4 /home/misiker/Desktop/ld.so/build/libc_pic.a(errno.os)
                0x0000000000000000                errno
                0x0000000000000000                __libc_errno
 *fill*         0x0000000000000004        0x4 
 .tbss          0x0000000000000008       0x10 /home/misiker/Desktop/ld.so/build/libc_pic.a(cxa_thread_atexit_impl.os)

.preinit_array
 *(.preinit_array)

.jcr
 *(.jcr)

.dynamic
 *(.dynamic)

.got
 *(.got)
 *(.igot)

.got.plt
 *(.got.plt)
 *(.igot.plt)

.data           0x0000000000000000      0xfc0
 *(.data)
 .data          0x0000000000000000      0xf80 /home/misiker/Desktop/ld.so/build/elf/dl-allobjs.os
                0x0000000000000000                _rtld_global
                0x0000000000000000                _rtld_local
 .data          0x0000000000000f80        0x0 /home/misiker/Desktop/ld.so/build/libc_pic.a(check_fds.os)
 .data          0x0000000000000f80        0x0 /home/misiker/Desktop/ld.so/build/libc_pic.a(errno.os)
 .data          0x0000000000000f80        0x0 /home/misiker/Desktop/ld.so/build/libc_pic.a(profil.os)
 .data          0x0000000000000f80        0x0 /home/misiker/Desktop/ld.so/build/libc_pic.a(prof-freq.os)
 .data          0x0000000000000f80        0x0 /home/misiker/Desktop/ld.so/build/libc_pic.a(xstat.os)
 .data          0x0000000000000f80        0x0 /home/misiker/Desktop/ld.so/build/libc_pic.a(fxstat.os)
 .data          0x0000000000000f80        0x0 /home/misiker/Desktop/ld.so/build/libc_pic.a(lxstat.os)
 .data          0x0000000000000f80        0x0 /home/misiker/Desktop/ld.so/build/libc_pic.a(open.os)
 .data          0x0000000000000f80        0x0 /home/misiker/Desktop/ld.so/build/libc_pic.a(read.os)
 .data          0x0000000000000f80        0x0 /home/misiker/Desktop/ld.so/build/libc_pic.a(write.os)
 .data          0x0000000000000f80        0x0 /home/misiker/Desktop/ld.so/build/libc_pic.a(access.os)
 .data          0x0000000000000f80        0x0 /home/misiker/Desktop/ld.so/build/libc_pic.a(fcntl.os)
 .data          0x0000000000000f80        0x0 /home/misiker/Desktop/ld.so/build/libc_pic.a(close.os)
 .data          0x0000000000000f80        0x0 /home/misiker/Desktop/ld.so/build/libc_pic.a(mmap.os)
 .data          0x0000000000000f80        0x0 /home/misiker/Desktop/ld.so/build/libc_pic.a(munmap.os)
 .data          0x0000000000000f80        0x0 /home/misiker/Desktop/ld.so/build/libc_pic.a(mprotect.os)
 .data          0x0000000000000f80        0x0 /home/misiker/Desktop/ld.so/build/libc_pic.a(llseek.os)
 .data          0x0000000000000f80        0x0 /home/misiker/Desktop/ld.so/build/libc_pic.a(uname.os)
 .data          0x0000000000000f80        0x0 /home/misiker/Desktop/ld.so/build/libc_pic.a(_exit.os)
 .data          0x0000000000000f80        0x0 /home/misiker/Desktop/ld.so/build/libc_pic.a(getpid.os)
 .data          0x0000000000000f80        0x0 /home/misiker/Desktop/ld.so/build/libc_pic.a(environ.os)
 .data          0x0000000000000f80        0x0 /home/misiker/Desktop/ld.so/build/libc_pic.a(setjmp.os)
 .data          0x0000000000000f80        0x0 /home/misiker/Desktop/ld.so/build/libc_pic.a(__longjmp.os)
 .data          0x0000000000000f80        0x0 /home/misiker/Desktop/ld.so/build/libc_pic.a(sigaction.os)
 .data          0x0000000000000f80        0x0 /home/misiker/Desktop/ld.so/build/libc_pic.a(strchr.os)
 .data          0x0000000000000f80        0x0 /home/misiker/Desktop/ld.so/build/libc_pic.a(strcmp.os)
 .data          0x0000000000000f80        0x0 /home/misiker/Desktop/ld.so/build/libc_pic.a(strdup.os)
 .data          0x0000000000000f80        0x0 /home/misiker/Desktop/ld.so/build/libc_pic.a(strlen.os)
 .data          0x0000000000000f80        0x0 /home/misiker/Desktop/ld.so/build/libc_pic.a(strnlen.os)
 .data          0x0000000000000f80        0x0 /home/misiker/Desktop/ld.so/build/libc_pic.a(memchr.os)
 .data          0x0000000000000f80        0x0 /home/misiker/Desktop/ld.so/build/libc_pic.a(memcmp.os)
 .data          0x0000000000000f80        0x0 /home/misiker/Desktop/ld.so/build/libc_pic.a(memmove.os)
 .data          0x0000000000000f80        0x0 /home/misiker/Desktop/ld.so/build/libc_pic.a(memset.os)
 .data          0x0000000000000f80        0x0 /home/misiker/Desktop/ld.so/build/libc_pic.a(stpcpy.os)
 .data          0x0000000000000f80        0x0 /home/misiker/Desktop/ld.so/build/libc_pic.a(memcpy.os)
 .data          0x0000000000000f80        0x0 /home/misiker/Desktop/ld.so/build/libc_pic.a(wordcopy.os)
 .data          0x0000000000000f80        0x0 /home/misiker/Desktop/ld.so/build/libc_pic.a(rawmemchr.os)
 .data          0x0000000000000f80        0x0 /home/misiker/Desktop/ld.so/build/libc_pic.a(strcmp-ssse3.os)
 .data          0x0000000000000f80        0x0 /home/misiker/Desktop/ld.so/build/libc_pic.a(strcmp-sse2-unaligned.os)
 .data          0x0000000000000f80        0x0 /home/misiker/Desktop/ld.so/build/libc_pic.a(memcmp-sse4.os)
 .data          0x0000000000000f80        0x0 /home/misiker/Desktop/ld.so/build/libc_pic.a(memcpy-ssse3.os)
 .data          0x0000000000000f80        0x0 /home/misiker/Desktop/ld.so/build/libc_pic.a(memcpy-sse2-unaligned.os)
 .data          0x0000000000000f80        0x0 /home/misiker/Desktop/ld.so/build/libc_pic.a(memcpy-avx512-no-vzeroupper.os)
 .data          0x0000000000000f80        0x0 /home/misiker/Desktop/ld.so/build/libc_pic.a(memmove-ssse3.os)
 .data          0x0000000000000f80        0x0 /home/misiker/Desktop/ld.so/build/libc_pic.a(memmove-avx-unaligned.os)
 .data          0x0000000000000f80        0x0 /home/misiker/Desktop/ld.so/build/libc_pic.a(memcpy-avx-unaligned.os)
 .data          0x0000000000000f80        0x0 /home/misiker/Desktop/ld.so/build/libc_pic.a(memmove-ssse3-back.os)
 .data          0x0000000000000f80        0x0 /home/misiker/Desktop/ld.so/build/libc_pic.a(memmove-avx512-no-vzeroupper.os)
 .data          0x0000000000000f80        0x0 /home/misiker/Desktop/ld.so/build/libc_pic.a(stpcpy-ssse3.os)
 .data          0x0000000000000f80        0x0 /home/misiker/Desktop/ld.so/build/libc_pic.a(stpcpy-sse2-unaligned.os)
 .data          0x0000000000000f80        0x0 /home/misiker/Desktop/ld.so/build/libc_pic.a(strchr-sse2-no-bsf.os)
 .data          0x0000000000000f80        0x0 /home/misiker/Desktop/ld.so/build/libc_pic.a(memcmp-ssse3.os)
 .data          0x0000000000000f80        0x0 /home/misiker/Desktop/ld.so/build/libc_pic.a(memset-avx2.os)
 .data          0x0000000000000f80        0x0 /home/misiker/Desktop/ld.so/build/libc_pic.a(memset-avx512-no-vzeroupper.os)
 .data          0x0000000000000f80       0x40 /home/misiker/Desktop/ld.so/build/libc_pic.a(cacheinfo.os)
                0x0000000000000f80                __x86_raw_shared_cache_size
                0x0000000000000f88                __x86_raw_shared_cache_size_half
                0x0000000000000f90                __x86_shared_cache_size
                0x0000000000000f98                __x86_shared_cache_size_half
                0x0000000000000fa0                __x86_raw_data_cache_size
                0x0000000000000fa8                __x86_raw_data_cache_size_half
                0x0000000000000fb0                __x86_data_cache_size
                0x0000000000000fb8                __x86_data_cache_size_half
 .data          0x0000000000000fc0        0x0 /home/misiker/Desktop/ld.so/build/libc_pic.a(setitimer.os)
 .data          0x0000000000000fc0        0x0 /home/misiker/Desktop/ld.so/build/libc_pic.a(libc-cancellation.os)
 .data          0x0000000000000fc0        0x0 /home/misiker/Desktop/ld.so/build/libc_pic.a(libc_multiple_threads.os)
 .data          0x0000000000000fc0        0x0 /home/misiker/Desktop/ld.so/build/libc_pic.a(closedir.os)
 .data          0x0000000000000fc0        0x0 /home/misiker/Desktop/ld.so/build/libc_pic.a(readdir.os)
 .data          0x0000000000000fc0        0x0 /home/misiker/Desktop/ld.so/build/libc_pic.a(rewinddir.os)
 .data          0x0000000000000fc0        0x0 /home/misiker/Desktop/ld.so/build/libc_pic.a(getdents.os)
 .data          0x0000000000000fc0        0x0 /home/misiker/Desktop/ld.so/build/libc_pic.a(fdopendir.os)
 .data          0x0000000000000fc0        0x0 /home/misiker/Desktop/ld.so/build/libc_pic.a(forward.os)
 .data          0x0000000000000fc0        0x0 /home/misiker/Desktop/ld.so/build/libc_pic.a(libc-lowlevellock.os)
 .data          0x0000000000000fc0        0x0 /home/misiker/Desktop/ld.so/build/libc_pic.a(exit.os)
 .data          0x0000000000000fc0        0x0 /home/misiker/Desktop/ld.so/build/libc_pic.a(cxa_atexit.os)
 .data          0x0000000000000fc0        0x0 /home/misiker/Desktop/ld.so/build/libc_pic.a(cxa_thread_atexit_impl.os)

.data.rel.ro    0x0000000000000000      0x2ac
 .data.rel.ro   0x0000000000000000      0x2ac /home/misiker/Desktop/ld.so/build/elf/dl-allobjs.os
                0x00000000000000b0                __pointer_chk_guard_local
                0x00000000000000b8                _dl_skip_args
                0x00000000000000c0                __GI__dl_argv
                0x00000000000000c0                _dl_argv
                0x00000000000000c8                _dl_argc
                0x00000000000000e0                _rtld_global_ro
                0x00000000000000e0                _rtld_local_ro
                0x0000000000000290                __stack_prot
                0x0000000000000298                _dl_random
                0x00000000000002a0                __libc_stack_end
                0x00000000000002a0                __GI___libc_stack_end
                0x00000000000002a8                __GI___libc_enable_secure
                0x00000000000002a8                __libc_enable_secure

.init_array     0x0000000000000000        0x8
 .init_array    0x0000000000000000        0x8 /home/misiker/Desktop/ld.so/build/libc_pic.a(cacheinfo.os)

.data.rel.local
                0x0000000000000000        0x8
 .data.rel.local
                0x0000000000000000        0x8 /home/misiker/Desktop/ld.so/build/libc_pic.a(cxa_atexit.os)
                0x0000000000000000                __exit_funcs

.data1
 *(.data1)

.bss            0x0000000000000000      0x634
 *(.dynbss)
 *(.bss)
 .bss           0x0000000000000000      0x120 /home/misiker/Desktop/ld.so/build/elf/dl-allobjs.os
                0x00000000000000f8                __libc_multiple_libcs
                0x0000000000000118                __curbrk
 .bss           0x0000000000000120        0x0 /home/misiker/Desktop/ld.so/build/libc_pic.a(check_fds.os)
 .bss           0x0000000000000120        0x0 /home/misiker/Desktop/ld.so/build/libc_pic.a(errno.os)
 .bss           0x0000000000000120       0xe0 /home/misiker/Desktop/ld.so/build/libc_pic.a(profil.os)
 .bss           0x0000000000000200        0x0 /home/misiker/Desktop/ld.so/build/libc_pic.a(prof-freq.os)
 .bss           0x0000000000000200        0x0 /home/misiker/Desktop/ld.so/build/libc_pic.a(xstat.os)
 .bss           0x0000000000000200        0x0 /home/misiker/Desktop/ld.so/build/libc_pic.a(fxstat.os)
 .bss           0x0000000000000200        0x0 /home/misiker/Desktop/ld.so/build/libc_pic.a(lxstat.os)
 .bss           0x0000000000000200        0x0 /home/misiker/Desktop/ld.so/build/libc_pic.a(open.os)
 .bss           0x0000000000000200        0x0 /home/misiker/Desktop/ld.so/build/libc_pic.a(read.os)
 .bss           0x0000000000000200        0x0 /home/misiker/Desktop/ld.so/build/libc_pic.a(write.os)
 .bss           0x0000000000000200        0x0 /home/misiker/Desktop/ld.so/build/libc_pic.a(access.os)
 .bss           0x0000000000000200        0x0 /home/misiker/Desktop/ld.so/build/libc_pic.a(fcntl.os)
 .bss           0x0000000000000200        0x0 /home/misiker/Desktop/ld.so/build/libc_pic.a(close.os)
 .bss           0x0000000000000200        0x0 /home/misiker/Desktop/ld.so/build/libc_pic.a(mmap.os)
 .bss           0x0000000000000200        0x0 /home/misiker/Desktop/ld.so/build/libc_pic.a(munmap.os)
 .bss           0x0000000000000200        0x0 /home/misiker/Desktop/ld.so/build/libc_pic.a(mprotect.os)
 .bss           0x0000000000000200        0x0 /home/misiker/Desktop/ld.so/build/libc_pic.a(llseek.os)
 .bss           0x0000000000000200        0x0 /home/misiker/Desktop/ld.so/build/libc_pic.a(uname.os)
 .bss           0x0000000000000200        0x0 /home/misiker/Desktop/ld.so/build/libc_pic.a(_exit.os)
 .bss           0x0000000000000200        0x0 /home/misiker/Desktop/ld.so/build/libc_pic.a(getpid.os)
 .bss           0x0000000000000200        0x8 /home/misiker/Desktop/ld.so/build/libc_pic.a(environ.os)
                0x0000000000000200                _environ
                0x0000000000000200                __environ
                0x0000000000000200                environ
 .bss           0x0000000000000208        0x0 /home/misiker/Desktop/ld.so/build/libc_pic.a(setjmp.os)
 .bss           0x0000000000000208        0x0 /home/misiker/Desktop/ld.so/build/libc_pic.a(__longjmp.os)
 .bss           0x0000000000000208        0x0 /home/misiker/Desktop/ld.so/build/libc_pic.a(sigaction.os)
 .bss           0x0000000000000208        0x0 /home/misiker/Desktop/ld.so/build/libc_pic.a(strchr.os)
 .bss           0x0000000000000208        0x0 /home/misiker/Desktop/ld.so/build/libc_pic.a(strcmp.os)
 .bss           0x0000000000000208        0x0 /home/misiker/Desktop/ld.so/build/libc_pic.a(strdup.os)
 .bss           0x0000000000000208        0x0 /home/misiker/Desktop/ld.so/build/libc_pic.a(strlen.os)
 .bss           0x0000000000000208        0x0 /home/misiker/Desktop/ld.so/build/libc_pic.a(strnlen.os)
 .bss           0x0000000000000208        0x0 /home/misiker/Desktop/ld.so/build/libc_pic.a(memchr.os)
 .bss           0x0000000000000208        0x0 /home/misiker/Desktop/ld.so/build/libc_pic.a(memcmp.os)
 .bss           0x0000000000000208        0x0 /home/misiker/Desktop/ld.so/build/libc_pic.a(memmove.os)
 .bss           0x0000000000000208        0x0 /home/misiker/Desktop/ld.so/build/libc_pic.a(memset.os)
 .bss           0x0000000000000208        0x0 /home/misiker/Desktop/ld.so/build/libc_pic.a(stpcpy.os)
 .bss           0x0000000000000208        0x0 /home/misiker/Desktop/ld.so/build/libc_pic.a(memcpy.os)
 .bss           0x0000000000000208        0x0 /home/misiker/Desktop/ld.so/build/libc_pic.a(wordcopy.os)
 .bss           0x0000000000000208        0x0 /home/misiker/Desktop/ld.so/build/libc_pic.a(rawmemchr.os)
 .bss           0x0000000000000208        0x0 /home/misiker/Desktop/ld.so/build/libc_pic.a(strcmp-ssse3.os)
 .bss           0x0000000000000208        0x0 /home/misiker/Desktop/ld.so/build/libc_pic.a(strcmp-sse2-unaligned.os)
 .bss           0x0000000000000208        0x0 /home/misiker/Desktop/ld.so/build/libc_pic.a(memcmp-sse4.os)
 .bss           0x0000000000000208        0x0 /home/misiker/Desktop/ld.so/build/libc_pic.a(memcpy-ssse3.os)
 .bss           0x0000000000000208        0x0 /home/misiker/Desktop/ld.so/build/libc_pic.a(memcpy-sse2-unaligned.os)
 .bss           0x0000000000000208        0x0 /home/misiker/Desktop/ld.so/build/libc_pic.a(memcpy-avx512-no-vzeroupper.os)
 .bss           0x0000000000000208        0x0 /home/misiker/Desktop/ld.so/build/libc_pic.a(memmove-ssse3.os)
 .bss           0x0000000000000208        0x0 /home/misiker/Desktop/ld.so/build/libc_pic.a(memmove-avx-unaligned.os)
 .bss           0x0000000000000208        0x0 /home/misiker/Desktop/ld.so/build/libc_pic.a(memcpy-avx-unaligned.os)
 .bss           0x0000000000000208        0x0 /home/misiker/Desktop/ld.so/build/libc_pic.a(memmove-ssse3-back.os)
 .bss           0x0000000000000208        0x0 /home/misiker/Desktop/ld.so/build/libc_pic.a(memmove-avx512-no-vzeroupper.os)
 .bss           0x0000000000000208        0x0 /home/misiker/Desktop/ld.so/build/libc_pic.a(stpcpy-ssse3.os)
 .bss           0x0000000000000208        0x0 /home/misiker/Desktop/ld.so/build/libc_pic.a(stpcpy-sse2-unaligned.os)
 .bss           0x0000000000000208        0x0 /home/misiker/Desktop/ld.so/build/libc_pic.a(strchr-sse2-no-bsf.os)
 .bss           0x0000000000000208        0x0 /home/misiker/Desktop/ld.so/build/libc_pic.a(memcmp-ssse3.os)
 .bss           0x0000000000000208        0x0 /home/misiker/Desktop/ld.so/build/libc_pic.a(memset-avx2.os)
 .bss           0x0000000000000208        0x0 /home/misiker/Desktop/ld.so/build/libc_pic.a(memset-avx512-no-vzeroupper.os)
 .bss           0x0000000000000208        0x0 /home/misiker/Desktop/ld.so/build/libc_pic.a(cacheinfo.os)
 .bss           0x0000000000000208        0x0 /home/misiker/Desktop/ld.so/build/libc_pic.a(setitimer.os)
 .bss           0x0000000000000208        0x0 /home/misiker/Desktop/ld.so/build/libc_pic.a(libc-cancellation.os)
 .bss           0x0000000000000208        0x0 /home/misiker/Desktop/ld.so/build/libc_pic.a(libc_multiple_threads.os)
 .bss           0x0000000000000208        0x0 /home/misiker/Desktop/ld.so/build/libc_pic.a(closedir.os)
 .bss           0x0000000000000208        0x0 /home/misiker/Desktop/ld.so/build/libc_pic.a(readdir.os)
 .bss           0x0000000000000208        0x0 /home/misiker/Desktop/ld.so/build/libc_pic.a(rewinddir.os)
 .bss           0x0000000000000208        0x0 /home/misiker/Desktop/ld.so/build/libc_pic.a(getdents.os)
 .bss           0x0000000000000208        0x0 /home/misiker/Desktop/ld.so/build/libc_pic.a(fdopendir.os)
 .bss           0x0000000000000208        0x0 /home/misiker/Desktop/ld.so/build/libc_pic.a(forward.os)
 .bss           0x0000000000000208        0x0 /home/misiker/Desktop/ld.so/build/libc_pic.a(libc-lowlevellock.os)
 .bss           0x0000000000000208        0x0 /home/misiker/Desktop/ld.so/build/libc_pic.a(exit.os)
 *fill*         0x0000000000000208       0x18 
 .bss           0x0000000000000220      0x414 /home/misiker/Desktop/ld.so/build/libc_pic.a(cxa_atexit.os)
 .bss           0x0000000000000634        0x0 /home/misiker/Desktop/ld.so/build/libc_pic.a(cxa_thread_atexit_impl.os)
 *(COMMON)
 COMMON         0x0000000000000634        0x0 /home/misiker/Desktop/ld.so/build/elf/dl-allobjs.os
 COMMON         0x0000000000000634        0x0 /home/misiker/Desktop/ld.so/build/libc_pic.a(cacheinfo.os)
 COMMON         0x0000000000000634        0x0 /home/misiker/Desktop/ld.so/build/libc_pic.a(libc_multiple_threads.os)
 COMMON         0x0000000000000634        0x0 /home/misiker/Desktop/ld.so/build/libc_pic.a(forward.os)
 COMMON         0x0000000000000634        0x0 /home/misiker/Desktop/ld.so/build/libc_pic.a(cxa_atexit.os)

.lbss
 *(.dynlbss)
 *(.lbss)
 *(LARGE_COMMON)

.lrodata
 *(.lrodata)

.ldata
 *(.ldata)

.stab
 *(.stab)

.stabstr
 *(.stabstr)

.stab.excl
 *(.stab.excl)

.stab.exclstr
 *(.stab.exclstr)

.stab.index
 *(.stab.index)

.stab.indexstr
 *(.stab.indexstr)

.comment        0x0000000000000000      0xcd6
 *(.comment)
 .comment       0x0000000000000000      0x73f /home/misiker/Desktop/ld.so/build/elf/dl-allobjs.os
 .comment       0x000000000000073f       0x35 /home/misiker/Desktop/ld.so/build/libc_pic.a(check_fds.os)
 .comment       0x0000000000000774       0x35 /home/misiker/Desktop/ld.so/build/libc_pic.a(errno.os)
 .comment       0x00000000000007a9       0x35 /home/misiker/Desktop/ld.so/build/libc_pic.a(profil.os)
 .comment       0x00000000000007de       0x35 /home/misiker/Desktop/ld.so/build/libc_pic.a(prof-freq.os)
 .comment       0x0000000000000813       0x35 /home/misiker/Desktop/ld.so/build/libc_pic.a(xstat.os)
 .comment       0x0000000000000848       0x35 /home/misiker/Desktop/ld.so/build/libc_pic.a(fxstat.os)
 .comment       0x000000000000087d       0x35 /home/misiker/Desktop/ld.so/build/libc_pic.a(lxstat.os)
 .comment       0x00000000000008b2       0x35 /home/misiker/Desktop/ld.so/build/libc_pic.a(fcntl.os)
 .comment       0x00000000000008e7       0x35 /home/misiker/Desktop/ld.so/build/libc_pic.a(mmap.os)
 .comment       0x000000000000091c       0x35 /home/misiker/Desktop/ld.so/build/libc_pic.a(_exit.os)
 .comment       0x0000000000000951       0x35 /home/misiker/Desktop/ld.so/build/libc_pic.a(getpid.os)
 .comment       0x0000000000000986       0x35 /home/misiker/Desktop/ld.so/build/libc_pic.a(environ.os)
 .comment       0x00000000000009bb       0x35 /home/misiker/Desktop/ld.so/build/libc_pic.a(sigaction.os)
 .comment       0x00000000000009f0       0x35 /home/misiker/Desktop/ld.so/build/libc_pic.a(strdup.os)
 .comment       0x0000000000000a25       0x35 /home/misiker/Desktop/ld.so/build/libc_pic.a(memmove.os)
 .comment       0x0000000000000a5a       0x35 /home/misiker/Desktop/ld.so/build/libc_pic.a(wordcopy.os)
 .comment       0x0000000000000a8f       0x35 /home/misiker/Desktop/ld.so/build/libc_pic.a(cacheinfo.os)
 .comment       0x0000000000000ac4       0x35 /home/misiker/Desktop/ld.so/build/libc_pic.a(libc_multiple_threads.os)
 .comment       0x0000000000000af9       0x35 /home/misiker/Desktop/ld.so/build/libc_pic.a(closedir.os)
 .comment       0x0000000000000b2e       0x35 /home/misiker/Desktop/ld.so/build/libc_pic.a(readdir.os)
 .comment       0x0000000000000b63       0x35 /home/misiker/Desktop/ld.so/build/libc_pic.a(rewinddir.os)
 .comment       0x0000000000000b98       0x35 /home/misiker/Desktop/ld.so/build/libc_pic.a(getdents.os)
 .comment       0x0000000000000bcd       0x35 /home/misiker/Desktop/ld.so/build/libc_pic.a(fdopendir.os)
 .comment       0x0000000000000c02       0x35 /home/misiker/Desktop/ld.so/build/libc_pic.a(forward.os)
 .comment       0x0000000000000c37       0x35 /home/misiker/Desktop/ld.so/build/libc_pic.a(exit.os)
 .comment       0x0000000000000c6c       0x35 /home/misiker/Desktop/ld.so/build/libc_pic.a(cxa_atexit.os)
 .comment       0x0000000000000ca1       0x35 /home/misiker/Desktop/ld.so/build/libc_pic.a(cxa_thread_atexit_impl.os)

.note.GNU-stack
                0x0000000000000000        0x0
 .note.GNU-stack
                0x0000000000000000        0x0 /home/misiker/Desktop/ld.so/build/elf/dl-allobjs.os
 .note.GNU-stack
                0x0000000000000000        0x0 /home/misiker/Desktop/ld.so/build/libc_pic.a(check_fds.os)
 .note.GNU-stack
                0x0000000000000000        0x0 /home/misiker/Desktop/ld.so/build/libc_pic.a(errno.os)
 .note.GNU-stack
                0x0000000000000000        0x0 /home/misiker/Desktop/ld.so/build/libc_pic.a(profil.os)
 .note.GNU-stack
                0x0000000000000000        0x0 /home/misiker/Desktop/ld.so/build/libc_pic.a(prof-freq.os)
 .note.GNU-stack
                0x0000000000000000        0x0 /home/misiker/Desktop/ld.so/build/libc_pic.a(xstat.os)
 .note.GNU-stack
                0x0000000000000000        0x0 /home/misiker/Desktop/ld.so/build/libc_pic.a(fxstat.os)
 .note.GNU-stack
                0x0000000000000000        0x0 /home/misiker/Desktop/ld.so/build/libc_pic.a(lxstat.os)
 .note.GNU-stack
                0x0000000000000000        0x0 /home/misiker/Desktop/ld.so/build/libc_pic.a(open.os)
 .note.GNU-stack
                0x0000000000000000        0x0 /home/misiker/Desktop/ld.so/build/libc_pic.a(read.os)
 .note.GNU-stack
                0x0000000000000000        0x0 /home/misiker/Desktop/ld.so/build/libc_pic.a(write.os)
 .note.GNU-stack
                0x0000000000000000        0x0 /home/misiker/Desktop/ld.so/build/libc_pic.a(access.os)
 .note.GNU-stack
                0x0000000000000000        0x0 /home/misiker/Desktop/ld.so/build/libc_pic.a(fcntl.os)
 .note.GNU-stack
                0x0000000000000000        0x0 /home/misiker/Desktop/ld.so/build/libc_pic.a(close.os)
 .note.GNU-stack
                0x0000000000000000        0x0 /home/misiker/Desktop/ld.so/build/libc_pic.a(mmap.os)
 .note.GNU-stack
                0x0000000000000000        0x0 /home/misiker/Desktop/ld.so/build/libc_pic.a(munmap.os)
 .note.GNU-stack
                0x0000000000000000        0x0 /home/misiker/Desktop/ld.so/build/libc_pic.a(mprotect.os)
 .note.GNU-stack
                0x0000000000000000        0x0 /home/misiker/Desktop/ld.so/build/libc_pic.a(llseek.os)
 .note.GNU-stack
                0x0000000000000000        0x0 /home/misiker/Desktop/ld.so/build/libc_pic.a(uname.os)
 .note.GNU-stack
                0x0000000000000000        0x0 /home/misiker/Desktop/ld.so/build/libc_pic.a(_exit.os)
 .note.GNU-stack
                0x0000000000000000        0x0 /home/misiker/Desktop/ld.so/build/libc_pic.a(getpid.os)
 .note.GNU-stack
                0x0000000000000000        0x0 /home/misiker/Desktop/ld.so/build/libc_pic.a(environ.os)
 .note.GNU-stack
                0x0000000000000000        0x0 /home/misiker/Desktop/ld.so/build/libc_pic.a(setjmp.os)
 .note.GNU-stack
                0x0000000000000000        0x0 /home/misiker/Desktop/ld.so/build/libc_pic.a(__longjmp.os)
 .note.GNU-stack
                0x0000000000000000        0x0 /home/misiker/Desktop/ld.so/build/libc_pic.a(sigaction.os)
 .note.GNU-stack
                0x0000000000000000        0x0 /home/misiker/Desktop/ld.so/build/libc_pic.a(strchr.os)
 .note.GNU-stack
                0x0000000000000000        0x0 /home/misiker/Desktop/ld.so/build/libc_pic.a(strcmp.os)
 .note.GNU-stack
                0x0000000000000000        0x0 /home/misiker/Desktop/ld.so/build/libc_pic.a(strdup.os)
 .note.GNU-stack
                0x0000000000000000        0x0 /home/misiker/Desktop/ld.so/build/libc_pic.a(strlen.os)
 .note.GNU-stack
                0x0000000000000000        0x0 /home/misiker/Desktop/ld.so/build/libc_pic.a(strnlen.os)
 .note.GNU-stack
                0x0000000000000000        0x0 /home/misiker/Desktop/ld.so/build/libc_pic.a(memchr.os)
 .note.GNU-stack
                0x0000000000000000        0x0 /home/misiker/Desktop/ld.so/build/libc_pic.a(memcmp.os)
 .note.GNU-stack
                0x0000000000000000        0x0 /home/misiker/Desktop/ld.so/build/libc_pic.a(memmove.os)
 .note.GNU-stack
                0x0000000000000000        0x0 /home/misiker/Desktop/ld.so/build/libc_pic.a(memset.os)
 .note.GNU-stack
                0x0000000000000000        0x0 /home/misiker/Desktop/ld.so/build/libc_pic.a(stpcpy.os)
 .note.GNU-stack
                0x0000000000000000        0x0 /home/misiker/Desktop/ld.so/build/libc_pic.a(memcpy.os)
 .note.GNU-stack
                0x0000000000000000        0x0 /home/misiker/Desktop/ld.so/build/libc_pic.a(wordcopy.os)
 .note.GNU-stack
                0x0000000000000000        0x0 /home/misiker/Desktop/ld.so/build/libc_pic.a(rawmemchr.os)
 .note.GNU-stack
                0x0000000000000000        0x0 /home/misiker/Desktop/ld.so/build/libc_pic.a(strcmp-ssse3.os)
 .note.GNU-stack
                0x0000000000000000        0x0 /home/misiker/Desktop/ld.so/build/libc_pic.a(strcmp-sse2-unaligned.os)
 .note.GNU-stack
                0x0000000000000000        0x0 /home/misiker/Desktop/ld.so/build/libc_pic.a(memcmp-sse4.os)
 .note.GNU-stack
                0x0000000000000000        0x0 /home/misiker/Desktop/ld.so/build/libc_pic.a(memcpy-ssse3.os)
 .note.GNU-stack
                0x0000000000000000        0x0 /home/misiker/Desktop/ld.so/build/libc_pic.a(memcpy-sse2-unaligned.os)
 .note.GNU-stack
                0x0000000000000000        0x0 /home/misiker/Desktop/ld.so/build/libc_pic.a(memcpy-avx512-no-vzeroupper.os)
 .note.GNU-stack
                0x0000000000000000        0x0 /home/misiker/Desktop/ld.so/build/libc_pic.a(memmove-ssse3.os)
 .note.GNU-stack
                0x0000000000000000        0x0 /home/misiker/Desktop/ld.so/build/libc_pic.a(memmove-avx-unaligned.os)
 .note.GNU-stack
                0x0000000000000000        0x0 /home/misiker/Desktop/ld.so/build/libc_pic.a(memcpy-avx-unaligned.os)
 .note.GNU-stack
                0x0000000000000000        0x0 /home/misiker/Desktop/ld.so/build/libc_pic.a(memmove-ssse3-back.os)
 .note.GNU-stack
                0x0000000000000000        0x0 /home/misiker/Desktop/ld.so/build/libc_pic.a(memmove-avx512-no-vzeroupper.os)
 .note.GNU-stack
                0x0000000000000000        0x0 /home/misiker/Desktop/ld.so/build/libc_pic.a(stpcpy-ssse3.os)
 .note.GNU-stack
                0x0000000000000000        0x0 /home/misiker/Desktop/ld.so/build/libc_pic.a(stpcpy-sse2-unaligned.os)
 .note.GNU-stack
                0x0000000000000000        0x0 /home/misiker/Desktop/ld.so/build/libc_pic.a(strchr-sse2-no-bsf.os)
 .note.GNU-stack
                0x0000000000000000        0x0 /home/misiker/Desktop/ld.so/build/libc_pic.a(memcmp-ssse3.os)
 .note.GNU-stack
                0x0000000000000000        0x0 /home/misiker/Desktop/ld.so/build/libc_pic.a(memset-avx2.os)
 .note.GNU-stack
                0x0000000000000000        0x0 /home/misiker/Desktop/ld.so/build/libc_pic.a(memset-avx512-no-vzeroupper.os)
 .note.GNU-stack
                0x0000000000000000        0x0 /home/misiker/Desktop/ld.so/build/libc_pic.a(cacheinfo.os)
 .note.GNU-stack
                0x0000000000000000        0x0 /home/misiker/Desktop/ld.so/build/libc_pic.a(setitimer.os)
 .note.GNU-stack
                0x0000000000000000        0x0 /home/misiker/Desktop/ld.so/build/libc_pic.a(libc-cancellation.os)
 .note.GNU-stack
                0x0000000000000000        0x0 /home/misiker/Desktop/ld.so/build/libc_pic.a(libc_multiple_threads.os)
 .note.GNU-stack
                0x0000000000000000        0x0 /home/misiker/Desktop/ld.so/build/libc_pic.a(closedir.os)
 .note.GNU-stack
                0x0000000000000000        0x0 /home/misiker/Desktop/ld.so/build/libc_pic.a(readdir.os)
 .note.GNU-stack
                0x0000000000000000        0x0 /home/misiker/Desktop/ld.so/build/libc_pic.a(rewinddir.os)
 .note.GNU-stack
                0x0000000000000000        0x0 /home/misiker/Desktop/ld.so/build/libc_pic.a(getdents.os)
 .note.GNU-stack
                0x0000000000000000        0x0 /home/misiker/Desktop/ld.so/build/libc_pic.a(fdopendir.os)
 .note.GNU-stack
                0x0000000000000000        0x0 /home/misiker/Desktop/ld.so/build/libc_pic.a(forward.os)
 .note.GNU-stack
                0x0000000000000000        0x0 /home/misiker/Desktop/ld.so/build/libc_pic.a(libc-lowlevellock.os)
 .note.GNU-stack
                0x0000000000000000        0x0 /home/misiker/Desktop/ld.so/build/libc_pic.a(exit.os)
 .note.GNU-stack
                0x0000000000000000        0x0 /home/misiker/Desktop/ld.so/build/libc_pic.a(cxa_atexit.os)
 .note.GNU-stack
                0x0000000000000000        0x0 /home/misiker/Desktop/ld.so/build/libc_pic.a(cxa_thread_atexit_impl.os)

.debug
 *(.debug)

.line
 *(.line)

.debug_srcinfo
 *(.debug_srcinfo)

.debug_sfnames
 *(.debug_sfnames)

.debug_aranges  0x0000000000000000     0x1430
 *(.debug_aranges)
 .debug_aranges
                0x0000000000000000      0x710 /home/misiker/Desktop/ld.so/build/elf/dl-allobjs.os
 .debug_aranges
                0x0000000000000710       0x30 /home/misiker/Desktop/ld.so/build/libc_pic.a(check_fds.os)
 .debug_aranges
                0x0000000000000740       0x20 /home/misiker/Desktop/ld.so/build/libc_pic.a(errno.os)
 .debug_aranges
                0x0000000000000760       0x30 /home/misiker/Desktop/ld.so/build/libc_pic.a(profil.os)
 .debug_aranges
                0x0000000000000790       0x30 /home/misiker/Desktop/ld.so/build/libc_pic.a(prof-freq.os)
 .debug_aranges
                0x00000000000007c0       0x30 /home/misiker/Desktop/ld.so/build/libc_pic.a(xstat.os)
 .debug_aranges
                0x00000000000007f0       0x30 /home/misiker/Desktop/ld.so/build/libc_pic.a(fxstat.os)
 .debug_aranges
                0x0000000000000820       0x30 /home/misiker/Desktop/ld.so/build/libc_pic.a(lxstat.os)
 .debug_aranges
                0x0000000000000850       0x30 /home/misiker/Desktop/ld.so/build/libc_pic.a(open.os)
 .debug_aranges
                0x0000000000000880       0x30 /home/misiker/Desktop/ld.so/build/libc_pic.a(read.os)
 .debug_aranges
                0x00000000000008b0       0x30 /home/misiker/Desktop/ld.so/build/libc_pic.a(write.os)
 .debug_aranges
                0x00000000000008e0       0x30 /home/misiker/Desktop/ld.so/build/libc_pic.a(access.os)
 .debug_aranges
                0x0000000000000910       0x30 /home/misiker/Desktop/ld.so/build/libc_pic.a(fcntl.os)
 .debug_aranges
                0x0000000000000940       0x30 /home/misiker/Desktop/ld.so/build/libc_pic.a(close.os)
 .debug_aranges
                0x0000000000000970       0x30 /home/misiker/Desktop/ld.so/build/libc_pic.a(mmap.os)
 .debug_aranges
                0x00000000000009a0       0x30 /home/misiker/Desktop/ld.so/build/libc_pic.a(munmap.os)
 .debug_aranges
                0x00000000000009d0       0x30 /home/misiker/Desktop/ld.so/build/libc_pic.a(mprotect.os)
 .debug_aranges
                0x0000000000000a00       0x30 /home/misiker/Desktop/ld.so/build/libc_pic.a(llseek.os)
 .debug_aranges
                0x0000000000000a30       0x30 /home/misiker/Desktop/ld.so/build/libc_pic.a(uname.os)
 .debug_aranges
                0x0000000000000a60       0x30 /home/misiker/Desktop/ld.so/build/libc_pic.a(_exit.os)
 .debug_aranges
                0x0000000000000a90       0x30 /home/misiker/Desktop/ld.so/build/libc_pic.a(getpid.os)
 .debug_aranges
                0x0000000000000ac0       0x20 /home/misiker/Desktop/ld.so/build/libc_pic.a(environ.os)
 .debug_aranges
                0x0000000000000ae0       0x30 /home/misiker/Desktop/ld.so/build/libc_pic.a(setjmp.os)
 .debug_aranges
                0x0000000000000b10       0x30 /home/misiker/Desktop/ld.so/build/libc_pic.a(__longjmp.os)
 .debug_aranges
                0x0000000000000b40       0x30 /home/misiker/Desktop/ld.so/build/libc_pic.a(sigaction.os)
 .debug_aranges
                0x0000000000000b70       0x30 /home/misiker/Desktop/ld.so/build/libc_pic.a(strchr.os)
 .debug_aranges
                0x0000000000000ba0       0x40 /home/misiker/Desktop/ld.so/build/libc_pic.a(strcmp.os)
 .debug_aranges
                0x0000000000000be0       0x30 /home/misiker/Desktop/ld.so/build/libc_pic.a(strdup.os)
 .debug_aranges
                0x0000000000000c10       0x30 /home/misiker/Desktop/ld.so/build/libc_pic.a(strlen.os)
 .debug_aranges
                0x0000000000000c40       0x30 /home/misiker/Desktop/ld.so/build/libc_pic.a(strnlen.os)
 .debug_aranges
                0x0000000000000c70       0x30 /home/misiker/Desktop/ld.so/build/libc_pic.a(memchr.os)
 .debug_aranges
                0x0000000000000ca0       0x30 /home/misiker/Desktop/ld.so/build/libc_pic.a(memcmp.os)
 .debug_aranges
                0x0000000000000cd0       0x30 /home/misiker/Desktop/ld.so/build/libc_pic.a(memmove.os)
 .debug_aranges
                0x0000000000000d00       0x30 /home/misiker/Desktop/ld.so/build/libc_pic.a(memset.os)
 .debug_aranges
                0x0000000000000d30       0x30 /home/misiker/Desktop/ld.so/build/libc_pic.a(stpcpy.os)
 .debug_aranges
                0x0000000000000d60       0x30 /home/misiker/Desktop/ld.so/build/libc_pic.a(memcpy.os)
 .debug_aranges
                0x0000000000000d90       0x30 /home/misiker/Desktop/ld.so/build/libc_pic.a(wordcopy.os)
 .debug_aranges
                0x0000000000000dc0       0x30 /home/misiker/Desktop/ld.so/build/libc_pic.a(rawmemchr.os)
 .debug_aranges
                0x0000000000000df0       0x30 /home/misiker/Desktop/ld.so/build/libc_pic.a(strcmp-ssse3.os)
 .debug_aranges
                0x0000000000000e20       0x30 /home/misiker/Desktop/ld.so/build/libc_pic.a(strcmp-sse2-unaligned.os)
 .debug_aranges
                0x0000000000000e50       0x30 /home/misiker/Desktop/ld.so/build/libc_pic.a(memcmp-sse4.os)
 .debug_aranges
                0x0000000000000e80       0x30 /home/misiker/Desktop/ld.so/build/libc_pic.a(memcpy-ssse3.os)
 .debug_aranges
                0x0000000000000eb0       0x30 /home/misiker/Desktop/ld.so/build/libc_pic.a(memcpy-sse2-unaligned.os)
 .debug_aranges
                0x0000000000000ee0       0x30 /home/misiker/Desktop/ld.so/build/libc_pic.a(memcpy-avx512-no-vzeroupper.os)
 .debug_aranges
                0x0000000000000f10       0x30 /home/misiker/Desktop/ld.so/build/libc_pic.a(memmove-ssse3.os)
 .debug_aranges
                0x0000000000000f40       0x30 /home/misiker/Desktop/ld.so/build/libc_pic.a(memmove-avx-unaligned.os)
 .debug_aranges
                0x0000000000000f70       0x30 /home/misiker/Desktop/ld.so/build/libc_pic.a(memcpy-avx-unaligned.os)
 .debug_aranges
                0x0000000000000fa0       0x30 /home/misiker/Desktop/ld.so/build/libc_pic.a(memmove-ssse3-back.os)
 .debug_aranges
                0x0000000000000fd0       0x30 /home/misiker/Desktop/ld.so/build/libc_pic.a(memmove-avx512-no-vzeroupper.os)
 .debug_aranges
                0x0000000000001000       0x30 /home/misiker/Desktop/ld.so/build/libc_pic.a(stpcpy-ssse3.os)
 .debug_aranges
                0x0000000000001030       0x30 /home/misiker/Desktop/ld.so/build/libc_pic.a(stpcpy-sse2-unaligned.os)
 .debug_aranges
                0x0000000000001060       0x30 /home/misiker/Desktop/ld.so/build/libc_pic.a(strchr-sse2-no-bsf.os)
 .debug_aranges
                0x0000000000001090       0x30 /home/misiker/Desktop/ld.so/build/libc_pic.a(memcmp-ssse3.os)
 .debug_aranges
                0x00000000000010c0       0x30 /home/misiker/Desktop/ld.so/build/libc_pic.a(memset-avx2.os)
 .debug_aranges
                0x00000000000010f0       0x30 /home/misiker/Desktop/ld.so/build/libc_pic.a(memset-avx512-no-vzeroupper.os)
 .debug_aranges
                0x0000000000001120       0x40 /home/misiker/Desktop/ld.so/build/libc_pic.a(cacheinfo.os)
 .debug_aranges
                0x0000000000001160       0x30 /home/misiker/Desktop/ld.so/build/libc_pic.a(setitimer.os)
 .debug_aranges
                0x0000000000001190       0x30 /home/misiker/Desktop/ld.so/build/libc_pic.a(libc-cancellation.os)
 .debug_aranges
                0x00000000000011c0       0x20 /home/misiker/Desktop/ld.so/build/libc_pic.a(libc_multiple_threads.os)
 .debug_aranges
                0x00000000000011e0       0x30 /home/misiker/Desktop/ld.so/build/libc_pic.a(closedir.os)
 .debug_aranges
                0x0000000000001210       0x30 /home/misiker/Desktop/ld.so/build/libc_pic.a(readdir.os)
 .debug_aranges
                0x0000000000001240       0x30 /home/misiker/Desktop/ld.so/build/libc_pic.a(rewinddir.os)
 .debug_aranges
                0x0000000000001270       0x30 /home/misiker/Desktop/ld.so/build/libc_pic.a(getdents.os)
 .debug_aranges
                0x00000000000012a0       0x30 /home/misiker/Desktop/ld.so/build/libc_pic.a(fdopendir.os)
 .debug_aranges
                0x00000000000012d0       0xa0 /home/misiker/Desktop/ld.so/build/libc_pic.a(forward.os)
 .debug_aranges
                0x0000000000001370       0x30 /home/misiker/Desktop/ld.so/build/libc_pic.a(libc-lowlevellock.os)
 .debug_aranges
                0x00000000000013a0       0x30 /home/misiker/Desktop/ld.so/build/libc_pic.a(exit.os)
 .debug_aranges
                0x00000000000013d0       0x30 /home/misiker/Desktop/ld.so/build/libc_pic.a(cxa_atexit.os)
 .debug_aranges
                0x0000000000001400       0x30 /home/misiker/Desktop/ld.so/build/libc_pic.a(cxa_thread_atexit_impl.os)

.debug_pubnames
 *(.debug_pubnames)

.debug_info     0x0000000000000000    0x6ac83
 *(.debug_info)
 .debug_info    0x0000000000000000    0x53f31 /home/misiker/Desktop/ld.so/build/elf/dl-allobjs.os
 .debug_info    0x0000000000053f31      0x8d7 /home/misiker/Desktop/ld.so/build/libc_pic.a(check_fds.os)
 .debug_info    0x0000000000054808      0x4ff /home/misiker/Desktop/ld.so/build/libc_pic.a(errno.os)
 .debug_info    0x0000000000054d07      0xf0e /home/misiker/Desktop/ld.so/build/libc_pic.a(profil.os)
 .debug_info    0x0000000000055c15     0x19c0 /home/misiker/Desktop/ld.so/build/libc_pic.a(prof-freq.os)