Archive member included to satisfy reference by file (symbol)

/home/misiker/Desktop/ld.so/build/elf/rtld-libc.a(rtld-check_fds.os)
                              /home/misiker/Desktop/ld.so/build/elf/dl-allobjs.os (__libc_check_standard_fds)
/home/misiker/Desktop/ld.so/build/elf/rtld-libc.a(rtld-errno.os)
                              /home/misiker/Desktop/ld.so/build/elf/dl-allobjs.os (rtld_errno)
/home/misiker/Desktop/ld.so/build/elf/rtld-libc.a(rtld-closedir.os)
                              /home/misiker/Desktop/ld.so/build/elf/dl-allobjs.os (__closedir)
/home/misiker/Desktop/ld.so/build/elf/rtld-libc.a(rtld-readdir.os)
                              /home/misiker/Desktop/ld.so/build/elf/dl-allobjs.os (__readdir)
/home/misiker/Desktop/ld.so/build/elf/rtld-libc.a(rtld-rewinddir.os)
                              /home/misiker/Desktop/ld.so/build/elf/dl-allobjs.os (__rewinddir)
/home/misiker/Desktop/ld.so/build/elf/rtld-libc.a(rtld-getdents.os)
                              /home/misiker/Desktop/ld.so/build/elf/rtld-libc.a(rtld-readdir.os) (__getdents)
/home/misiker/Desktop/ld.so/build/elf/rtld-libc.a(rtld-fdopendir.os)
                              /home/misiker/Desktop/ld.so/build/elf/dl-allobjs.os (__fdopendir)
/home/misiker/Desktop/ld.so/build/elf/rtld-libc.a(rtld-profil.os)
                              /home/misiker/Desktop/ld.so/build/elf/dl-allobjs.os (__profil)
/home/misiker/Desktop/ld.so/build/elf/rtld-libc.a(rtld-prof-freq.os)
                              /home/misiker/Desktop/ld.so/build/elf/dl-allobjs.os (__profile_frequency)
/home/misiker/Desktop/ld.so/build/elf/rtld-libc.a(rtld-xstat.os)
                              /home/misiker/Desktop/ld.so/build/elf/dl-allobjs.os (__GI___xstat64)
/home/misiker/Desktop/ld.so/build/elf/rtld-libc.a(rtld-fxstat.os)
                              /home/misiker/Desktop/ld.so/build/elf/dl-allobjs.os (__GI___fxstat64)
/home/misiker/Desktop/ld.so/build/elf/rtld-libc.a(rtld-lxstat.os)
                              /home/misiker/Desktop/ld.so/build/elf/dl-allobjs.os (__GI___lxstat64)
/home/misiker/Desktop/ld.so/build/elf/rtld-libc.a(rtld-open.os)
                              /home/misiker/Desktop/ld.so/build/elf/dl-allobjs.os (__open)
/home/misiker/Desktop/ld.so/build/elf/rtld-libc.a(rtld-read.os)
                              /home/misiker/Desktop/ld.so/build/elf/dl-allobjs.os (__libc_read)
/home/misiker/Desktop/ld.so/build/elf/rtld-libc.a(rtld-write.os)
                              /home/misiker/Desktop/ld.so/build/elf/dl-allobjs.os (__libc_write)
/home/misiker/Desktop/ld.so/build/elf/rtld-libc.a(rtld-access.os)
                              /home/misiker/Desktop/ld.so/build/elf/dl-allobjs.os (__access)
/home/misiker/Desktop/ld.so/build/elf/rtld-libc.a(rtld-fcntl.os)
                              /home/misiker/Desktop/ld.so/build/elf/rtld-libc.a(rtld-check_fds.os) (__libc_fcntl)
/home/misiker/Desktop/ld.so/build/elf/rtld-libc.a(rtld-close.os)
                              /home/misiker/Desktop/ld.so/build/elf/dl-allobjs.os (__close)
/home/misiker/Desktop/ld.so/build/elf/rtld-libc.a(rtld-mmap.os)
                              /home/misiker/Desktop/ld.so/build/elf/dl-allobjs.os (__mmap)
/home/misiker/Desktop/ld.so/build/elf/rtld-libc.a(rtld-munmap.os)
                              /home/misiker/Desktop/ld.so/build/elf/dl-allobjs.os (__munmap)
/home/misiker/Desktop/ld.so/build/elf/rtld-libc.a(rtld-mprotect.os)
                              /home/misiker/Desktop/ld.so/build/elf/dl-allobjs.os (__mprotect)
/home/misiker/Desktop/ld.so/build/elf/rtld-libc.a(rtld-llseek.os)
                              /home/misiker/Desktop/ld.so/build/elf/dl-allobjs.os (__lseek)
/home/misiker/Desktop/ld.so/build/elf/rtld-libc.a(rtld-uname.os)
                              /home/misiker/Desktop/ld.so/build/elf/dl-allobjs.os (__uname)
/home/misiker/Desktop/ld.so/build/elf/rtld-libc.a(rtld-_exit.os)
                              /home/misiker/Desktop/ld.so/build/elf/dl-allobjs.os (__GI__exit)
/home/misiker/Desktop/ld.so/build/elf/rtld-libc.a(rtld-getpid.os)
                              /home/misiker/Desktop/ld.so/build/elf/dl-allobjs.os (__getpid)
/home/misiker/Desktop/ld.so/build/elf/rtld-libc.a(rtld-environ.os)
                              /home/misiker/Desktop/ld.so/build/elf/dl-allobjs.os (__environ)
/home/misiker/Desktop/ld.so/build/elf/rtld-libc.a(rtld-setjmp.os)
                              /home/misiker/Desktop/ld.so/build/elf/dl-allobjs.os (__sigsetjmp)
/home/misiker/Desktop/ld.so/build/elf/rtld-libc.a(rtld-__longjmp.os)
                              /home/misiker/Desktop/ld.so/build/elf/dl-allobjs.os (__longjmp)
/home/misiker/Desktop/ld.so/build/elf/rtld-libc.a(rtld-sigaction.os)
                              /home/misiker/Desktop/ld.so/build/elf/rtld-libc.a(rtld-profil.os) (__sigaction)
/home/misiker/Desktop/ld.so/build/elf/rtld-libc.a(rtld-strchr.os)
                              /home/misiker/Desktop/ld.so/build/elf/dl-allobjs.os (strchr)
/home/misiker/Desktop/ld.so/build/elf/rtld-libc.a(rtld-strcmp.os)
                              /home/misiker/Desktop/ld.so/build/elf/dl-allobjs.os (strcmp)
/home/misiker/Desktop/ld.so/build/elf/rtld-libc.a(rtld-strdup.os)
                              /home/misiker/Desktop/ld.so/build/elf/dl-allobjs.os (__strdup)
/home/misiker/Desktop/ld.so/build/elf/rtld-libc.a(rtld-strlen.os)
                              /home/misiker/Desktop/ld.so/build/elf/dl-allobjs.os (strlen)
/home/misiker/Desktop/ld.so/build/elf/rtld-libc.a(rtld-strnlen.os)
                              /home/misiker/Desktop/ld.so/build/elf/dl-allobjs.os (strnlen)
/home/misiker/Desktop/ld.so/build/elf/rtld-libc.a(rtld-memchr.os)
                              /home/misiker/Desktop/ld.so/build/elf/dl-allobjs.os (memchr)
/home/misiker/Desktop/ld.so/build/elf/rtld-libc.a(rtld-memcmp.os)
                              /home/misiker/Desktop/ld.so/build/elf/dl-allobjs.os (memcmp)
/home/misiker/Desktop/ld.so/build/elf/rtld-libc.a(rtld-memmove.os)
                              /home/misiker/Desktop/ld.so/build/elf/dl-allobjs.os (memmove)
/home/misiker/Desktop/ld.so/build/elf/rtld-libc.a(rtld-memset.os)
                              /home/misiker/Desktop/ld.so/build/elf/dl-allobjs.os (memset)
/home/misiker/Desktop/ld.so/build/elf/rtld-libc.a(rtld-stpcpy.os)
                              /home/misiker/Desktop/ld.so/build/elf/dl-allobjs.os (__stpcpy)
/home/misiker/Desktop/ld.so/build/elf/rtld-libc.a(rtld-memcpy.os)
                              /home/misiker/Desktop/ld.so/build/elf/dl-allobjs.os (memcpy)
/home/misiker/Desktop/ld.so/build/elf/rtld-libc.a(rtld-wordcopy.os)
                              /home/misiker/Desktop/ld.so/build/elf/rtld-libc.a(rtld-memmove.os) (_wordcopy_fwd_aligned)
/home/misiker/Desktop/ld.so/build/elf/rtld-libc.a(rtld-rawmemchr.os)
                              /home/misiker/Desktop/ld.so/build/elf/dl-allobjs.os (rawmemchr)
/home/misiker/Desktop/ld.so/build/elf/rtld-libc.a(rtld-setitimer.os)
                              /home/misiker/Desktop/ld.so/build/elf/rtld-libc.a(rtld-profil.os) (__setitimer)

Memory Configuration

Name             Origin             Length             Attributes
*default*        0x0000000000000000 0xffffffffffffffff

Linker script and memory map

START GROUP
LOAD /home/misiker/Desktop/ld.so/build/elf/dl-allobjs.os
LOAD /home/misiker/Desktop/ld.so/build/elf/rtld-libc.a
LOAD /usr/lib/gcc/x86_64-linux-gnu/5/libgcc.a
END GROUP

.interp
 *(.interp)

.note.gnu.build-id
 *(.note.gnu.build-id)

.hash
 *(.hash)

.gnu.hash
 *(.gnu.hash)

.dynsym
 *(.dynsym)

.dynstr
 *(.dynstr)

.gnu.version
 *(.gnu.version)

.gnu.version_d
 *(.gnu.version_d)

.gnu.version_r
 *(.gnu.version_r)

.rela.init
 *(.rela.init)

.rela.text
 *(.rela.text)

.rela.fini
 *(.rela.fini)

.rela.rodata
 *(.rela.rodata)

.rela.data.rel.ro
 *(.rela.data.rel.ro)

.rela.data
 *(.rela.data)

.rela.tdata
 *(.rela.tdata)

.rela.tbss
 *(.rela.tbss)

.rela.ctors
 *(.rela.ctors)

.rela.dtors
 *(.rela.dtors)

.rela.got
 *(.rela.got)

.rela.bss
 *(.rela.bss)

.rela.ldata
 *(.rela.ldata)

.rela.lbss
 *(.rela.lbss)

.rela.lrodata
 *(.rela.lrodata)

.rela.ifunc
 *(.rela.ifunc)

.rela.plt
 *(.rela.plt)

.init
 *(SORT(.init))

.plt
 *(.plt)
 *(.iplt)

.plt.got
 *(.plt.got)

.plt.bnd
 *(.plt.bnd)

.text           0x0000000000000000    0x1bff0
 *(.text .stub)
 .text          0x0000000000000000    0x18740 /home/misiker/Desktop/ld.so/build/elf/dl-allobjs.os
                0x0000000000000000                _start
                0x0000000000000008                _dl_start_user
                0x0000000000000050                _dl_initial_error_catch_tsd
                0x0000000000006890                _dl_dst_count
                0x0000000000006940                _dl_dst_substitute
                0x0000000000007250                _dl_init_paths
                0x0000000000007690                _dl_map_object
                0x0000000000008090                _dl_rtld_di_serinfo
                0x0000000000008fa0                _dl_lookup_symbol_x
                0x000000000000a070                _dl_setup_hash
                0x000000000000a120                _dl_add_to_namespace_list
                0x000000000000a1b0                _dl_new_object
                0x000000000000a550                _dl_try_allocate_static_tls
                0x000000000000a630                _dl_allocate_static_tls
                0x000000000000a660                _dl_nothread_init_static_tls
                0x000000000000a6b0                _dl_protect_relro
                0x000000000000a710                _dl_reloc_bad_type
                0x000000000000a7e0                _dl_relocate_object
                0x000000000000cb00                _dl_map_object_deps
                0x000000000000dda0                _dl_important_hwcaps
                0x000000000000e540                _dl_fixup
                0x000000000000e750                _dl_profile_fixup
                0x000000000000ed50                _dl_call_pltexit
                0x000000000000ee60                _dl_signal_error
                0x000000000000f000                _dl_signal_cerror
                0x000000000000f090                _dl_catch_error
                0x000000000000f160                _dl_receive_error
                0x000000000000f2e0                _dl_init
                0x000000000000f410                _dl_sort_fini
                0x000000000000f650                _dl_fini
                0x000000000000f9e0                _dl_debug_state
                0x000000000000f9e0                __GI__dl_debug_state
                0x000000000000f9f0                _dl_debug_initialize
                0x0000000000010060                _dl_sysdep_read_whole_file
                0x00000000000100f0                _dl_debug_printf
                0x00000000000101a0                _dl_debug_printf_c
                0x0000000000010250                _dl_dprintf
                0x00000000000102f0                _dl_name_match_p
                0x0000000000010360                _dl_higher_prime_number
                0x00000000000107e0                _dl_check_map_versions
                0x0000000000010ca0                _dl_check_all_versions
                0x0000000000010d10                _dl_start_profile
                0x00000000000114f0                __GI__dl_mcount
                0x00000000000114f0                _dl_mcount
                0x0000000000011750                _dl_resolve_conflicts
                0x0000000000011be0                _dl_next_tls_modid
                0x0000000000011ce0                _dl_count_modids
                0x0000000000011d40                _dl_determine_tlsoffset
                0x0000000000011f10                __GI__dl_tls_setup
                0x0000000000011f10                _dl_tls_setup
                0x0000000000011fc0                _dl_get_tls_static_info
                0x0000000000011fe0                _dl_allocate_tls_storage
                0x0000000000012080                __GI__dl_allocate_tls_init
                0x0000000000012080                _dl_allocate_tls_init
                0x0000000000012320                __GI__dl_allocate_tls
                0x0000000000012320                _dl_allocate_tls
                0x0000000000012360                _dl_deallocate_tls
                0x0000000000012360                __GI__dl_deallocate_tls
                0x00000000000123f0                _dl_update_slotinfo
                0x0000000000012690                __GI___tls_get_addr
                0x0000000000012690                __tls_get_addr
                0x00000000000126d0                _dl_tls_get_addr_soft
                0x0000000000012750                _dl_add_to_slotinfo
                0x0000000000012830                _dl_get_origin
                0x00000000000129b0                _dl_scope_free
                0x0000000000012a80                _dl_make_stack_executable
                0x0000000000012a80                __GI__dl_make_stack_executable
                0x0000000000012b10                _dl_check_caller
                0x0000000000012f40                __GI__dl_find_dso_for_object
                0x0000000000012f40                _dl_find_dso_for_object
                0x0000000000013030                _dl_open
                0x0000000000013440                _dl_show_scope
                0x0000000000013f50                _dl_addr_inside_object
                0x0000000000014100                _dl_close_worker
                0x0000000000015060                _dl_close
                0x00000000000150f0                _dl_runtime_resolve_avx512
                0x0000000000015260                _dl_runtime_profile_avx512
                0x00000000000156e0                _dl_runtime_resolve_avx
                0x0000000000015840                _dl_runtime_profile_avx
                0x0000000000015cc0                _dl_runtime_resolve_sse
                0x0000000000015df0                _dl_runtime_profile_sse
                0x0000000000015ff0                _dl_cache_libcmp
                0x00000000000160d0                _dl_load_cache_lookup
                0x0000000000016690                _dl_unload_cache
                0x00000000000166d0                _dl_make_tlsdesc_dynamic
                0x00000000000169a0                _dl_tlsdesc_resolve_rela_fixup
                0x0000000000016b60                _dl_tlsdesc_resolve_hold_fixup
                0x0000000000016ba0                _dl_unmap
                0x0000000000016c20                _dl_tlsdesc_return
                0x0000000000016c30                _dl_tlsdesc_undefweak
                0x0000000000016c40                _dl_tlsdesc_dynamic
                0x0000000000016ce0                _dl_tlsdesc_resolve_rela
                0x0000000000016d50                _dl_tlsdesc_resolve_hold
                0x0000000000016dd0                __get_cpu_features
                0x0000000000016de0                _dl_sysdep_start
                0x0000000000017490                _dl_sysdep_start_cleanup
                0x00000000000174a0                _dl_show_auxv
                0x0000000000017650                _dl_discover_osversion
                0x0000000000017820                _dl_next_ld_env_entry
                0x0000000000017870                unsetenv
                0x00000000000178e0                __libc_memalign
                0x00000000000179e0                malloc
                0x00000000000179f0                calloc
                0x0000000000017a30                free
                0x0000000000017a60                __sigjmp_save
                0x0000000000017a70                __strerror_r
                0x0000000000017b50                __GI___libc_fatal
                0x0000000000017b50                __libc_fatal
                0x0000000000017b80                __GI___chk_fail
                0x0000000000017b80                __chk_fail
                0x0000000000017b90                __GI___assert_fail
                0x0000000000017b90                __assert_fail
                0x0000000000017be0                realloc
                0x0000000000017c70                __GI___assert_perror_fail
                0x0000000000017c70                __assert_perror_fail
                0x0000000000017ce0                __strtoul_internal
                0x0000000000017eb0                _itoa
                0x0000000000017f00                __strsep
                0x0000000000017f00                strsep
                0x0000000000017f00                __strsep_g
                0x0000000000017f90                __brk
                0x0000000000017f90                brk
                0x0000000000017fe0                sbrk
                0x0000000000017fe0                __sbrk
                0x0000000000018070                __getcwd
                0x0000000000018070                getcwd
                0x00000000000184d0                openat64
                0x0000000000018540                __alloc_dir
                0x0000000000018640                __opendir
                0x0000000000018640                opendir
                0x00000000000186f0                __fxstatat
                0x00000000000186f0                __fxstatat64
                0x00000000000186f0                __GI___fxstatat64
 .text          0x0000000000018740       0xf2 /home/misiker/Desktop/ld.so/build/elf/rtld-libc.a(rtld-check_fds.os)
                0x0000000000018800                __libc_check_standard_fds
 .text          0x0000000000018832        0x0 /home/misiker/Desktop/ld.so/build/elf/rtld-libc.a(rtld-errno.os)
 *fill*         0x0000000000018832        0xe 
 .text          0x0000000000018840       0x50 /home/misiker/Desktop/ld.so/build/elf/rtld-libc.a(rtld-closedir.os)
                0x0000000000018840                __closedir
                0x0000000000018840                closedir
 .text          0x0000000000018890       0x85 /home/misiker/Desktop/ld.so/build/elf/rtld-libc.a(rtld-readdir.os)
                0x0000000000018890                readdir
                0x0000000000018890                __readdir64
                0x0000000000018890                __readdir
                0x0000000000018890                readdir64
 *fill*         0x0000000000018915        0xb 
 .text          0x0000000000018920       0x30 /home/misiker/Desktop/ld.so/build/elf/rtld-libc.a(rtld-rewinddir.os)
                0x0000000000018920                rewinddir
                0x0000000000018920                __rewinddir
 .text          0x0000000000018950       0x89 /home/misiker/Desktop/ld.so/build/elf/rtld-libc.a(rtld-getdents.os)
                0x0000000000018950                __getdents
                0x0000000000018950                __getdents64
 *fill*         0x00000000000189d9        0x7 
 .text          0x00000000000189e0       0x8e /home/misiker/Desktop/ld.so/build/elf/rtld-libc.a(rtld-fdopendir.os)
                0x00000000000189e0                fdopendir
                0x00000000000189e0                __fdopendir
 *fill*         0x0000000000018a6e        0x2 
 .text          0x0000000000018a70      0x110 /home/misiker/Desktop/ld.so/build/elf/rtld-libc.a(rtld-profil.os)
                0x0000000000018ac0                __profil
                0x0000000000018ac0                profil
 .text          0x0000000000018b80        0x7 /home/misiker/Desktop/ld.so/build/elf/rtld-libc.a(rtld-prof-freq.os)
                0x0000000000018b80                __profile_frequency
 *fill*         0x0000000000018b87        0x9 
 .text          0x0000000000018b90       0x40 /home/misiker/Desktop/ld.so/build/elf/rtld-libc.a(rtld-xstat.os)
                0x0000000000018b90                _xstat
                0x0000000000018b90                __xstat64
                0x0000000000018b90                __GI___xstat64
                0x0000000000018b90                __GI___xstat
                0x0000000000018b90                __xstat
 .text          0x0000000000018bd0       0x40 /home/misiker/Desktop/ld.so/build/elf/rtld-libc.a(rtld-fxstat.os)
                0x0000000000018bd0                __GI___fxstat
                0x0000000000018bd0                __GI___fxstat64
                0x0000000000018bd0                __fxstat64
                0x0000000000018bd0                _fxstat
                0x0000000000018bd0                __fxstat
 .text          0x0000000000018c10       0x40 /home/misiker/Desktop/ld.so/build/elf/rtld-libc.a(rtld-lxstat.os)
                0x0000000000018c10                __GI___lxstat
                0x0000000000018c10                _lxstat
                0x0000000000018c10                __lxstat
                0x0000000000018c10                __lxstat64
                0x0000000000018c10                __GI___lxstat64
 .text          0x0000000000018c50       0x20 /home/misiker/Desktop/ld.so/build/elf/rtld-libc.a(rtld-open.os)
                0x0000000000018c50                __GI___open64
                0x0000000000018c50                __open
                0x0000000000018c50                __GI_open
                0x0000000000018c50                __GI___open
                0x0000000000018c50                __GI_open64
                0x0000000000018c50                __libc_open
                0x0000000000018c50                open64
                0x0000000000018c50                __GI___libc_open
                0x0000000000018c50                open
                0x0000000000018c50                __open64
 .text          0x0000000000018c70       0x20 /home/misiker/Desktop/ld.so/build/elf/rtld-libc.a(rtld-read.os)
                0x0000000000018c70                __read
                0x0000000000018c70                __GI_read
                0x0000000000018c70                __libc_read
                0x0000000000018c70                __GI___read
                0x0000000000018c70                read
                0x0000000000018c70                __GI___libc_read
 .text          0x0000000000018c90       0x20 /home/misiker/Desktop/ld.so/build/elf/rtld-libc.a(rtld-write.os)
                0x0000000000018c90                __write
                0x0000000000018c90                __GI_write
                0x0000000000018c90                write
                0x0000000000018c90                __GI___libc_write
                0x0000000000018c90                __GI___write
                0x0000000000018c90                __libc_write
 .text          0x0000000000018cb0       0x20 /home/misiker/Desktop/ld.so/build/elf/rtld-libc.a(rtld-access.os)
                0x0000000000018cb0                __GI_access
                0x0000000000018cb0                __GI___access
                0x0000000000018cb0                access
                0x0000000000018cb0                __access
 .text          0x0000000000018cd0       0x7e /home/misiker/Desktop/ld.so/build/elf/rtld-libc.a(rtld-fcntl.os)
                0x0000000000018cd0                __libc_fcntl
                0x0000000000018cd0                __fcntl
                0x0000000000018cd0                fcntl
 *fill*         0x0000000000018d4e        0x2 
 .text          0x0000000000018d50       0x20 /home/misiker/Desktop/ld.so/build/elf/rtld-libc.a(rtld-close.os)
                0x0000000000018d50                __GI_close
                0x0000000000018d50                __GI___libc_close
                0x0000000000018d50                __libc_close
                0x0000000000018d50                __close
                0x0000000000018d50                __GI___close
                0x0000000000018d50                close
 .text          0x0000000000018d70       0xae /home/misiker/Desktop/ld.so/build/elf/rtld-libc.a(rtld-mmap.os)
                0x0000000000018d70                __mmap
                0x0000000000018d70                mmap
                0x0000000000018d70                __mmap64
                0x0000000000018d70                mmap64
 *fill*         0x0000000000018e1e        0x2 
 .text          0x0000000000018e20       0x20 /home/misiker/Desktop/ld.so/build/elf/rtld-libc.a(rtld-munmap.os)
                0x0000000000018e20                munmap
                0x0000000000018e20                __GI___munmap
                0x0000000000018e20                __GI_munmap
                0x0000000000018e20                __munmap
 .text          0x0000000000018e40       0x20 /home/misiker/Desktop/ld.so/build/elf/rtld-libc.a(rtld-mprotect.os)
                0x0000000000018e40                __mprotect
                0x0000000000018e40                __GI___mprotect
                0x0000000000018e40                __GI_mprotect
                0x0000000000018e40                mprotect
 .text          0x0000000000018e60       0x20 /home/misiker/Desktop/ld.so/build/elf/rtld-libc.a(rtld-llseek.os)
                0x0000000000018e60                __GI___lseek
                0x0000000000018e60                __GI_lseek64
                0x0000000000018e60                __llseek
                0x0000000000018e60                __GI_llseek
                0x0000000000018e60                __lseek64
                0x0000000000018e60                lseek
                0x0000000000018e60                __libc_lseek64
                0x0000000000018e60                __GI___libc_lseek64
                0x0000000000018e60                __GI___libc_lseek
                0x0000000000018e60                llseek
                0x0000000000018e60                __lseek
                0x0000000000018e60                __GI___lseek64
                0x0000000000018e60                __libc_lseek
                0x0000000000018e60                __GI___llseek
                0x0000000000018e60                __GI_lseek
                0x0000000000018e60                lseek64
 .text          0x0000000000018e80       0x20 /home/misiker/Desktop/ld.so/build/elf/rtld-libc.a(rtld-uname.os)
                0x0000000000018e80                uname
                0x0000000000018e80                __GI_uname
                0x0000000000018e80                __uname
                0x0000000000018e80                __GI___uname
 .text          0x0000000000018ea0       0x4a /home/misiker/Desktop/ld.so/build/elf/rtld-libc.a(rtld-_exit.os)
                0x0000000000018ea0                _Exit
                0x0000000000018ea0                __GI__exit
                0x0000000000018ea0                _exit
 *fill*         0x0000000000018eea        0x6 
 .text          0x0000000000018ef0        0x8 /home/misiker/Desktop/ld.so/build/elf/rtld-libc.a(rtld-getpid.os)
                0x0000000000018ef0                __getpid
                0x0000000000018ef0                getpid
 .text          0x0000000000018ef8        0x0 /home/misiker/Desktop/ld.so/build/elf/rtld-libc.a(rtld-environ.os)
 *fill*         0x0000000000018ef8        0x8 
 .text          0x0000000000018f00       0x4f /home/misiker/Desktop/ld.so/build/elf/rtld-libc.a(rtld-setjmp.os)
                0x0000000000018f00                __sigsetjmp
                0x0000000000018f00                __GI___sigsetjmp
 *fill*         0x0000000000018f4f        0x1 
 .text          0x0000000000018f50       0x4a /home/misiker/Desktop/ld.so/build/elf/rtld-libc.a(rtld-__longjmp.os)
                0x0000000000018f50                __longjmp
 *fill*         0x0000000000018f9a        0x6 
 .text          0x0000000000018fa0      0x270 /home/misiker/Desktop/ld.so/build/elf/rtld-libc.a(rtld-sigaction.os)
                0x0000000000018fc0                __libc_sigaction
                0x00000000000191f0                sigaction
                0x00000000000191f0                __sigaction
 .text          0x0000000000019210      0x21a /home/misiker/Desktop/ld.so/build/elf/rtld-libc.a(rtld-strchr.os)
                0x0000000000019210                index
                0x0000000000019210                strchr
 *fill*         0x000000000001942a        0x6 
 .text          0x0000000000019430     0x1439 /home/misiker/Desktop/ld.so/build/elf/rtld-libc.a(rtld-strcmp.os)
                0x0000000000019430                strcmp
 *fill*         0x000000000001a869        0x7 
 .text          0x000000000001a870       0x41 /home/misiker/Desktop/ld.so/build/elf/rtld-libc.a(rtld-strdup.os)
                0x000000000001a870                __strdup
                0x000000000001a870                strdup
 *fill*         0x000000000001a8b1        0xf 
 .text          0x000000000001a8c0      0x19c /home/misiker/Desktop/ld.so/build/elf/rtld-libc.a(rtld-strlen.os)
                0x000000000001a8c0                strlen
 *fill*         0x000000000001aa5c        0x4 
 .text          0x000000000001aa60      0x218 /home/misiker/Desktop/ld.so/build/elf/rtld-libc.a(rtld-strnlen.os)
                0x000000000001aa60                __strnlen
                0x000000000001aa60                strnlen
 *fill*         0x000000000001ac78        0x8 
 .text          0x000000000001ac80      0x344 /home/misiker/Desktop/ld.so/build/elf/rtld-libc.a(rtld-memchr.os)
                0x000000000001ac80                memchr
                0x000000000001ac80                __memchr
 *fill*         0x000000000001afc4        0xc 
 .text          0x000000000001afd0      0x400 /home/misiker/Desktop/ld.so/build/elf/rtld-libc.a(rtld-memcmp.os)
                0x000000000001afd0                bcmp
                0x000000000001afd0                memcmp
 .text          0x000000000001b3d0      0x15a /home/misiker/Desktop/ld.so/build/elf/rtld-libc.a(rtld-memmove.os)
                0x000000000001b3d0                memmove
 *fill*         0x000000000001b52a        0x6 
 .text          0x000000000001b530       0xe3 /home/misiker/Desktop/ld.so/build/elf/rtld-libc.a(rtld-memset.os)
                0x000000000001b530                memset
 *fill*         0x000000000001b613        0xd 
 .text          0x000000000001b620       0xdc /home/misiker/Desktop/ld.so/build/elf/rtld-libc.a(rtld-stpcpy.os)
                0x000000000001b620                stpcpy
                0x000000000001b620                __stpcpy
 *fill*         0x000000000001b6fc        0x4 
 .text          0x000000000001b700      0x160 /home/misiker/Desktop/ld.so/build/elf/rtld-libc.a(rtld-memcpy.os)
                0x000000000001b700                memcpy
 .text          0x000000000001b860      0x556 /home/misiker/Desktop/ld.so/build/elf/rtld-libc.a(rtld-wordcopy.os)
                0x000000000001b860                _wordcopy_fwd_aligned
                0x000000000001b9a0                _wordcopy_fwd_dest_aligned
                0x000000000001bad0                _wordcopy_bwd_aligned
                0x000000000001bc60                _wordcopy_bwd_dest_aligned
 *fill*         0x000000000001bdb6        0xa 
 .text          0x000000000001bdc0      0x204 /home/misiker/Desktop/ld.so/build/elf/rtld-libc.a(rtld-rawmemchr.os)
                0x000000000001bdc0                __rawmemchr
                0x000000000001bdc0                rawmemchr
 *fill*         0x000000000001bfc4        0xc 
 .text          0x000000000001bfd0       0x20 /home/misiker/Desktop/ld.so/build/elf/rtld-libc.a(rtld-setitimer.os)
                0x000000000001bfd0                setitimer
                0x000000000001bfd0                __setitimer
                0x000000000001bfd0                __GI_setitimer
                0x000000000001bfd0                __GI___setitimer
 *(.gnu.warning)

.text.unlikely  0x0000000000000000      0x1f3
 .text.unlikely
                0x0000000000000000      0x1f3 /home/misiker/Desktop/ld.so/build/elf/dl-allobjs.os
 .text.unlikely
                0x00000000000001f3        0x0 /home/misiker/Desktop/ld.so/build/elf/rtld-libc.a(rtld-check_fds.os)
 .text.unlikely
                0x00000000000001f3        0x0 /home/misiker/Desktop/ld.so/build/elf/rtld-libc.a(rtld-closedir.os)
 .text.unlikely
                0x00000000000001f3        0x0 /home/misiker/Desktop/ld.so/build/elf/rtld-libc.a(rtld-readdir.os)
 .text.unlikely
                0x00000000000001f3        0x0 /home/misiker/Desktop/ld.so/build/elf/rtld-libc.a(rtld-rewinddir.os)
 .text.unlikely
                0x00000000000001f3        0x0 /home/misiker/Desktop/ld.so/build/elf/rtld-libc.a(rtld-getdents.os)
 .text.unlikely
                0x00000000000001f3        0x0 /home/misiker/Desktop/ld.so/build/elf/rtld-libc.a(rtld-fdopendir.os)
 .text.unlikely
                0x00000000000001f3        0x0 /home/misiker/Desktop/ld.so/build/elf/rtld-libc.a(rtld-profil.os)
 .text.unlikely
                0x00000000000001f3        0x0 /home/misiker/Desktop/ld.so/build/elf/rtld-libc.a(rtld-prof-freq.os)
 .text.unlikely
                0x00000000000001f3        0x0 /home/misiker/Desktop/ld.so/build/elf/rtld-libc.a(rtld-xstat.os)
 .text.unlikely
                0x00000000000001f3        0x0 /home/misiker/Desktop/ld.so/build/elf/rtld-libc.a(rtld-fxstat.os)
 .text.unlikely
                0x00000000000001f3        0x0 /home/misiker/Desktop/ld.so/build/elf/rtld-libc.a(rtld-lxstat.os)
 .text.unlikely
                0x00000000000001f3        0x0 /home/misiker/Desktop/ld.so/build/elf/rtld-libc.a(rtld-fcntl.os)
 .text.unlikely
                0x00000000000001f3        0x0 /home/misiker/Desktop/ld.so/build/elf/rtld-libc.a(rtld-mmap.os)
 .text.unlikely
                0x00000000000001f3        0x0 /home/misiker/Desktop/ld.so/build/elf/rtld-libc.a(rtld-_exit.os)
 .text.unlikely
                0x00000000000001f3        0x0 /home/misiker/Desktop/ld.so/build/elf/rtld-libc.a(rtld-getpid.os)
 .text.unlikely
                0x00000000000001f3        0x0 /home/misiker/Desktop/ld.so/build/elf/rtld-libc.a(rtld-sigaction.os)
 .text.unlikely
                0x00000000000001f3        0x0 /home/misiker/Desktop/ld.so/build/elf/rtld-libc.a(rtld-strdup.os)
 .text.unlikely
                0x00000000000001f3        0x0 /home/misiker/Desktop/ld.so/build/elf/rtld-libc.a(rtld-memmove.os)
 .text.unlikely
                0x00000000000001f3        0x0 /home/misiker/Desktop/ld.so/build/elf/rtld-libc.a(rtld-wordcopy.os)

.fini
 *(SORT(.fini))

.rodata         0x0000000000000000      0xe10
 *(.rodata)
 .rodata        0x0000000000000000      0xd90 /home/misiker/Desktop/ld.so/build/elf/dl-allobjs.os
                0x0000000000000d80                __GI__itoa_lower_digits
                0x0000000000000d80                _itoa_lower_digits
 .rodata        0x0000000000000d90       0x40 /home/misiker/Desktop/ld.so/build/elf/rtld-libc.a(rtld-strcmp.os)
 .rodata        0x0000000000000dd0       0x40 /home/misiker/Desktop/ld.so/build/elf/rtld-libc.a(rtld-wordcopy.os)

.rodata.str1.1  0x0000000000000000     0x1158
 .rodata.str1.1
                0x0000000000000000     0x1144 /home/misiker/Desktop/ld.so/build/elf/dl-allobjs.os
 .rodata.str1.1
                0x0000000000001144       0x14 /home/misiker/Desktop/ld.so/build/elf/rtld-libc.a(rtld-check_fds.os)

.rodata.str1.8  0x0000000000000000     0x25d9
 .rodata.str1.8
                0x0000000000000000     0x25d9 /home/misiker/Desktop/ld.so/build/elf/dl-allobjs.os

.rodata.str1.16
                0x0000000000000000      0x373
 .rodata.str1.16
                0x0000000000000000      0x373 /home/misiker/Desktop/ld.so/build/elf/dl-allobjs.os

.rodata.cst16   0x0000000000000000       0x20
 .rodata.cst16  0x0000000000000000       0x20 /home/misiker/Desktop/ld.so/build/elf/dl-allobjs.os

.rodata.cst4    0x0000000000000000        0x4
 .rodata.cst4   0x0000000000000000        0x4 /home/misiker/Desktop/ld.so/build/elf/dl-allobjs.os

.rodata.str1.32
                0x0000000000000000       0x7f
 .rodata.str1.32
                0x0000000000000000       0x7f /home/misiker/Desktop/ld.so/build/elf/dl-allobjs.os

.rodata1
 *(.rodata1)

.eh_frame_hdr
 *(.eh_frame_hdr)

.eh_frame       0x0000000000000000     0x2c58
 *(.eh_frame)
 .eh_frame      0x0000000000000000     0x2200 /home/misiker/Desktop/ld.so/build/elf/dl-allobjs.os
 .eh_frame      0x0000000000002200       0x68 /home/misiker/Desktop/ld.so/build/elf/rtld-libc.a(rtld-check_fds.os)
 .eh_frame      0x0000000000002268       0x40 /home/misiker/Desktop/ld.so/build/elf/rtld-libc.a(rtld-closedir.os)
 .eh_frame      0x00000000000022a8       0x48 /home/misiker/Desktop/ld.so/build/elf/rtld-libc.a(rtld-readdir.os)
 .eh_frame      0x00000000000022f0       0x38 /home/misiker/Desktop/ld.so/build/elf/rtld-libc.a(rtld-rewinddir.os)
 .eh_frame      0x0000000000002328       0x68 /home/misiker/Desktop/ld.so/build/elf/rtld-libc.a(rtld-getdents.os)
 .eh_frame      0x0000000000002390       0x50 /home/misiker/Desktop/ld.so/build/elf/rtld-libc.a(rtld-fdopendir.os)
 .eh_frame      0x00000000000023e0       0x50 /home/misiker/Desktop/ld.so/build/elf/rtld-libc.a(rtld-profil.os)
                                         0x48 (size before relaxing)
 .eh_frame      0x0000000000002430       0x30 /home/misiker/Desktop/ld.so/build/elf/rtld-libc.a(rtld-prof-freq.os)
 .eh_frame      0x0000000000002460       0x30 /home/misiker/Desktop/ld.so/build/elf/rtld-libc.a(rtld-xstat.os)
 .eh_frame      0x0000000000002490       0x30 /home/misiker/Desktop/ld.so/build/elf/rtld-libc.a(rtld-fxstat.os)
 .eh_frame      0x00000000000024c0       0x30 /home/misiker/Desktop/ld.so/build/elf/rtld-libc.a(rtld-lxstat.os)
 .eh_frame      0x00000000000024f0       0x30 /home/misiker/Desktop/ld.so/build/elf/rtld-libc.a(rtld-open.os)
 .eh_frame      0x0000000000002520       0x30 /home/misiker/Desktop/ld.so/build/elf/rtld-libc.a(rtld-read.os)
 .eh_frame      0x0000000000002550       0x30 /home/misiker/Desktop/ld.so/build/elf/rtld-libc.a(rtld-write.os)
 .eh_frame      0x0000000000002580       0x30 /home/misiker/Desktop/ld.so/build/elf/rtld-libc.a(rtld-access.os)
 .eh_frame      0x00000000000025b0       0x30 /home/misiker/Desktop/ld.so/build/elf/rtld-libc.a(rtld-fcntl.os)
 .eh_frame      0x00000000000025e0       0x30 /home/misiker/Desktop/ld.so/build/elf/rtld-libc.a(rtld-close.os)
 .eh_frame      0x0000000000002610       0x60 /home/misiker/Desktop/ld.so/build/elf/rtld-libc.a(rtld-mmap.os)
 .eh_frame      0x0000000000002670       0x30 /home/misiker/Desktop/ld.so/build/elf/rtld-libc.a(rtld-munmap.os)
 .eh_frame      0x00000000000026a0       0x30 /home/misiker/Desktop/ld.so/build/elf/rtld-libc.a(rtld-mprotect.os)
 .eh_frame      0x00000000000026d0       0x30 /home/misiker/Desktop/ld.so/build/elf/rtld-libc.a(rtld-llseek.os)
 .eh_frame      0x0000000000002700       0x30 /home/misiker/Desktop/ld.so/build/elf/rtld-libc.a(rtld-uname.os)
 .eh_frame      0x0000000000002730       0x30 /home/misiker/Desktop/ld.so/build/elf/rtld-libc.a(rtld-_exit.os)
 .eh_frame      0x0000000000002760       0x30 /home/misiker/Desktop/ld.so/build/elf/rtld-libc.a(rtld-getpid.os)
 .eh_frame      0x0000000000002790       0x30 /home/misiker/Desktop/ld.so/build/elf/rtld-libc.a(rtld-setjmp.os)
 .eh_frame      0x00000000000027c0       0x48 /home/misiker/Desktop/ld.so/build/elf/rtld-libc.a(rtld-__longjmp.os)
 .eh_frame      0x0000000000002808       0xf0 /home/misiker/Desktop/ld.so/build/elf/rtld-libc.a(rtld-sigaction.os)
                                         0xe8 (size before relaxing)
 .eh_frame      0x00000000000028f8       0x30 /home/misiker/Desktop/ld.so/build/elf/rtld-libc.a(rtld-strchr.os)
 .eh_frame      0x0000000000002928       0x30 /home/misiker/Desktop/ld.so/build/elf/rtld-libc.a(rtld-strcmp.os)
 .eh_frame      0x0000000000002958       0x50 /home/misiker/Desktop/ld.so/build/elf/rtld-libc.a(rtld-strdup.os)
 .eh_frame      0x00000000000029a8       0x30 /home/misiker/Desktop/ld.so/build/elf/rtld-libc.a(rtld-strlen.os)
 .eh_frame      0x00000000000029d8       0x30 /home/misiker/Desktop/ld.so/build/elf/rtld-libc.a(rtld-strnlen.os)
 .eh_frame      0x0000000000002a08       0x30 /home/misiker/Desktop/ld.so/build/elf/rtld-libc.a(rtld-memchr.os)
 .eh_frame      0x0000000000002a38       0x30 /home/misiker/Desktop/ld.so/build/elf/rtld-libc.a(rtld-memcmp.os)
 .eh_frame      0x0000000000002a68       0x68 /home/misiker/Desktop/ld.so/build/elf/rtld-libc.a(rtld-memmove.os)
 .eh_frame      0x0000000000002ad0       0x30 /home/misiker/Desktop/ld.so/build/elf/rtld-libc.a(rtld-memset.os)
 .eh_frame      0x0000000000002b00       0x30 /home/misiker/Desktop/ld.so/build/elf/rtld-libc.a(rtld-stpcpy.os)
 .eh_frame      0x0000000000002b30       0x30 /home/misiker/Desktop/ld.so/build/elf/rtld-libc.a(rtld-memcpy.os)
 .eh_frame      0x0000000000002b60       0x98 /home/misiker/Desktop/ld.so/build/elf/rtld-libc.a(rtld-wordcopy.os)
                                         0x90 (size before relaxing)
 .eh_frame      0x0000000000002bf8       0x30 /home/misiker/Desktop/ld.so/build/elf/rtld-libc.a(rtld-rawmemchr.os)
 .eh_frame      0x0000000000002c28       0x30 /home/misiker/Desktop/ld.so/build/elf/rtld-libc.a(rtld-setitimer.os)

.gcc_except_table
 *(.gcc_except_table .gcc_except_table.*)

.gnu_extab
 *(.gnu_extab*)

.exception_ranges
 *(.exception_ranges .exception_ranges*)

.eh_frame
 *(.eh_frame)

.gnu_extab
 *(.gnu_extab)

.gcc_except_table
 *(.gcc_except_table .gcc_except_table.*)

.exception_ranges
 *(.exception_ranges .exception_ranges*)

.tdata
 *(.tdata)

.tbss
 *(.tbss)

.preinit_array
 *(.preinit_array)

.jcr
 *(.jcr)

.dynamic
 *(.dynamic)

.got
 *(.got)
 *(.igot)

.got.plt
 *(.got.plt)
 *(.igot.plt)

.data           0x0000000000000000      0xf80
 *(.data)
 .data          0x0000000000000000      0xf80 /home/misiker/Desktop/ld.so/build/elf/dl-allobjs.os
                0x0000000000000000                _rtld_global
                0x0000000000000000                _rtld_local
 .data          0x0000000000000f80        0x0 /home/misiker/Desktop/ld.so/build/elf/rtld-libc.a(rtld-check_fds.os)
 .data          0x0000000000000f80        0x0 /home/misiker/Desktop/ld.so/build/elf/rtld-libc.a(rtld-errno.os)
 .data          0x0000000000000f80        0x0 /home/misiker/Desktop/ld.so/build/elf/rtld-libc.a(rtld-closedir.os)
 .data          0x0000000000000f80        0x0 /home/misiker/Desktop/ld.so/build/elf/rtld-libc.a(rtld-readdir.os)
 .data          0x0000000000000f80        0x0 /home/misiker/Desktop/ld.so/build/elf/rtld-libc.a(rtld-rewinddir.os)
 .data          0x0000000000000f80        0x0 /home/misiker/Desktop/ld.so/build/elf/rtld-libc.a(rtld-getdents.os)
 .data          0x0000000000000f80        0x0 /home/misiker/Desktop/ld.so/build/elf/rtld-libc.a(rtld-fdopendir.os)
 .data          0x0000000000000f80        0x0 /home/misiker/Desktop/ld.so/build/elf/rtld-libc.a(rtld-profil.os)
 .data          0x0000000000000f80        0x0 /home/misiker/Desktop/ld.so/build/elf/rtld-libc.a(rtld-prof-freq.os)
 .data          0x0000000000000f80        0x0 /home/misiker/Desktop/ld.so/build/elf/rtld-libc.a(rtld-xstat.os)
 .data          0x0000000000000f80        0x0 /home/misiker/Desktop/ld.so/build/elf/rtld-libc.a(rtld-fxstat.os)
 .data          0x0000000000000f80        0x0 /home/misiker/Desktop/ld.so/build/elf/rtld-libc.a(rtld-lxstat.os)
 .data          0x0000000000000f80        0x0 /home/misiker/Desktop/ld.so/build/elf/rtld-libc.a(rtld-open.os)
 .data          0x0000000000000f80        0x0 /home/misiker/Desktop/ld.so/build/elf/rtld-libc.a(rtld-read.os)
 .data          0x0000000000000f80        0x0 /home/misiker/Desktop/ld.so/build/elf/rtld-libc.a(rtld-write.os)
 .data          0x0000000000000f80        0x0 /home/misiker/Desktop/ld.so/build/elf/rtld-libc.a(rtld-access.os)
 .data          0x0000000000000f80        0x0 /home/misiker/Desktop/ld.so/build/elf/rtld-libc.a(rtld-fcntl.os)
 .data          0x0000000000000f80        0x0 /home/misiker/Desktop/ld.so/build/elf/rtld-libc.a(rtld-close.os)
 .data          0x0000000000000f80        0x0 /home/misiker/Desktop/ld.so/build/elf/rtld-libc.a(rtld-mmap.os)
 .data          0x0000000000000f80        0x0 /home/misiker/Desktop/ld.so/build/elf/rtld-libc.a(rtld-munmap.os)
 .data          0x0000000000000f80        0x0 /home/misiker/Desktop/ld.so/build/elf/rtld-libc.a(rtld-mprotect.os)
 .data          0x0000000000000f80        0x0 /home/misiker/Desktop/ld.so/build/elf/rtld-libc.a(rtld-llseek.os)
 .data          0x0000000000000f80        0x0 /home/misiker/Desktop/ld.so/build/elf/rtld-libc.a(rtld-uname.os)
 .data          0x0000000000000f80        0x0 /home/misiker/Desktop/ld.so/build/elf/rtld-libc.a(rtld-_exit.os)
 .data          0x0000000000000f80        0x0 /home/misiker/Desktop/ld.so/build/elf/rtld-libc.a(rtld-getpid.os)
 .data          0x0000000000000f80        0x0 /home/misiker/Desktop/ld.so/build/elf/rtld-libc.a(rtld-environ.os)
 .data          0x0000000000000f80        0x0 /home/misiker/Desktop/ld.so/build/elf/rtld-libc.a(rtld-setjmp.os)
 .data          0x0000000000000f80        0x0 /home/misiker/Desktop/ld.so/build/elf/rtld-libc.a(rtld-__longjmp.os)
 .data          0x0000000000000f80        0x0 /home/misiker/Desktop/ld.so/build/elf/rtld-libc.a(rtld-sigaction.os)
 .data          0x0000000000000f80        0x0 /home/misiker/Desktop/ld.so/build/elf/rtld-libc.a(rtld-strchr.os)
 .data          0x0000000000000f80        0x0 /home/misiker/Desktop/ld.so/build/elf/rtld-libc.a(rtld-strcmp.os)
 .data          0x0000000000000f80        0x0 /home/misiker/Desktop/ld.so/build/elf/rtld-libc.a(rtld-strdup.os)
 .data          0x0000000000000f80        0x0 /home/misiker/Desktop/ld.so/build/elf/rtld-libc.a(rtld-strlen.os)
 .data          0x0000000000000f80        0x0 /home/misiker/Desktop/ld.so/build/elf/rtld-libc.a(rtld-strnlen.os)
 .data          0x0000000000000f80        0x0 /home/misiker/Desktop/ld.so/build/elf/rtld-libc.a(rtld-memchr.os)
 .data          0x0000000000000f80        0x0 /home/misiker/Desktop/ld.so/build/elf/rtld-libc.a(rtld-memcmp.os)
 .data          0x0000000000000f80        0x0 /home/misiker/Desktop/ld.so/build/elf/rtld-libc.a(rtld-memmove.os)
 .data          0x0000000000000f80        0x0 /home/misiker/Desktop/ld.so/build/elf/rtld-libc.a(rtld-memset.os)
 .data          0x0000000000000f80        0x0 /home/misiker/Desktop/ld.so/build/elf/rtld-libc.a(rtld-stpcpy.os)
 .data          0x0000000000000f80        0x0 /home/misiker/Desktop/ld.so/build/elf/rtld-libc.a(rtld-memcpy.os)
 .data          0x0000000000000f80        0x0 /home/misiker/Desktop/ld.so/build/elf/rtld-libc.a(rtld-wordcopy.os)
 .data          0x0000000000000f80        0x0 /home/misiker/Desktop/ld.so/build/elf/rtld-libc.a(rtld-rawmemchr.os)
 .data          0x0000000000000f80        0x0 /home/misiker/Desktop/ld.so/build/elf/rtld-libc.a(rtld-setitimer.os)

.data.rel.ro    0x0000000000000000      0x2ac
 .data.rel.ro   0x0000000000000000      0x2ac /home/misiker/Desktop/ld.so/build/elf/dl-allobjs.os
                0x00000000000000b0                __pointer_chk_guard_local
                0x00000000000000b8                _dl_skip_args
                0x00000000000000c0                __GI__dl_argv
                0x00000000000000c0                _dl_argv
                0x00000000000000c8                _dl_argc
                0x00000000000000e0                _rtld_global_ro
                0x00000000000000e0                _rtld_local_ro
                0x0000000000000290                __stack_prot
                0x0000000000000298                _dl_random
                0x00000000000002a0                __libc_stack_end
                0x00000000000002a0                __GI___libc_stack_end
                0x00000000000002a8                __GI___libc_enable_secure
                0x00000000000002a8                __libc_enable_secure

.data1
 *(.data1)

.bss            0x0000000000000000      0x148
 *(.dynbss)
 *(.bss)
 .bss           0x0000000000000000      0x120 /home/misiker/Desktop/ld.so/build/elf/dl-allobjs.os
                0x00000000000000f8                __libc_multiple_libcs
                0x0000000000000118                __curbrk
 .bss           0x0000000000000120        0x0 /home/misiker/Desktop/ld.so/build/elf/rtld-libc.a(rtld-check_fds.os)
 .bss           0x0000000000000120        0x0 /home/misiker/Desktop/ld.so/build/elf/rtld-libc.a(rtld-errno.os)
 .bss           0x0000000000000120        0x0 /home/misiker/Desktop/ld.so/build/elf/rtld-libc.a(rtld-closedir.os)
 .bss           0x0000000000000120        0x0 /home/misiker/Desktop/ld.so/build/elf/rtld-libc.a(rtld-readdir.os)
 .bss           0x0000000000000120        0x0 /home/misiker/Desktop/ld.so/build/elf/rtld-libc.a(rtld-rewinddir.os)
 .bss           0x0000000000000120        0x0 /home/misiker/Desktop/ld.so/build/elf/rtld-libc.a(rtld-getdents.os)
 .bss           0x0000000000000120        0x0 /home/misiker/Desktop/ld.so/build/elf/rtld-libc.a(rtld-fdopendir.os)
 .bss           0x0000000000000120       0x20 /home/misiker/Desktop/ld.so/build/elf/rtld-libc.a(rtld-profil.os)
 .bss           0x0000000000000140        0x0 /home/misiker/Desktop/ld.so/build/elf/rtld-libc.a(rtld-prof-freq.os)
 .bss           0x0000000000000140        0x0 /home/misiker/Desktop/ld.so/build/elf/rtld-libc.a(rtld-xstat.os)
 .bss           0x0000000000000140        0x0 /home/misiker/Desktop/ld.so/build/elf/rtld-libc.a(rtld-fxstat.os)
 .bss           0x0000000000000140        0x0 /home/misiker/Desktop/ld.so/build/elf/rtld-libc.a(rtld-lxstat.os)
 .bss           0x0000000000000140        0x0 /home/misiker/Desktop/ld.so/build/elf/rtld-libc.a(rtld-open.os)
 .bss           0x0000000000000140        0x0 /home/misiker/Desktop/ld.so/build/elf/rtld-libc.a(rtld-read.os)
 .bss           0x0000000000000140        0x0 /home/misiker/Desktop/ld.so/build/elf/rtld-libc.a(rtld-write.os)
 .bss           0x0000000000000140        0x0 /home/misiker/Desktop/ld.so/build/elf/rtld-libc.a(rtld-access.os)
 .bss           0x0000000000000140        0x0 /home/misiker/Desktop/ld.so/build/elf/rtld-libc.a(rtld-fcntl.os)
 .bss           0x0000000000000140        0x0 /home/misiker/Desktop/ld.so/build/elf/rtld-libc.a(rtld-close.os)
 .bss           0x0000000000000140        0x0 /home/misiker/Desktop/ld.so/build/elf/rtld-libc.a(rtld-mmap.os)
 .bss           0x0000000000000140        0x0 /home/misiker/Desktop/ld.so/build/elf/rtld-libc.a(rtld-munmap.os)
 .bss           0x0000000000000140        0x0 /home/misiker/Desktop/ld.so/build/elf/rtld-libc.a(rtld-mprotect.os)
 .bss           0x0000000000000140        0x0 /home/misiker/Desktop/ld.so/build/elf/rtld-libc.a(rtld-llseek.os)
 .bss           0x0000000000000140        0x0 /home/misiker/Desktop/ld.so/build/elf/rtld-libc.a(rtld-uname.os)
 .bss           0x0000000000000140        0x0 /home/misiker/Desktop/ld.so/build/elf/rtld-libc.a(rtld-_exit.os)
 .bss           0x0000000000000140        0x0 /home/misiker/Desktop/ld.so/build/elf/rtld-libc.a(rtld-getpid.os)
 .bss           0x0000000000000140        0x8 /home/misiker/Desktop/ld.so/build/elf/rtld-libc.a(rtld-environ.os)
                0x0000000000000140                _environ
                0x0000000000000140                __environ
                0x0000000000000140                environ
 .bss           0x0000000000000148        0x0 /home/misiker/Desktop/ld.so/build/elf/rtld-libc.a(rtld-setjmp.os)
 .bss           0x0000000000000148        0x0 /home/misiker/Desktop/ld.so/build/elf/rtld-libc.a(rtld-__longjmp.os)
 .bss           0x0000000000000148        0x0 /home/misiker/Desktop/ld.so/build/elf/rtld-libc.a(rtld-sigaction.os)
 .bss           0x0000000000000148        0x0 /home/misiker/Desktop/ld.so/build/elf/rtld-libc.a(rtld-strchr.os)
 .bss           0x0000000000000148        0x0 /home/misiker/Desktop/ld.so/build/elf/rtld-libc.a(rtld-strcmp.os)
 .bss           0x0000000000000148        0x0 /home/misiker/Desktop/ld.so/build/elf/rtld-libc.a(rtld-strdup.os)
 .bss           0x0000000000000148        0x0 /home/misiker/Desktop/ld.so/build/elf/rtld-libc.a(rtld-strlen.os)
 .bss           0x0000000000000148        0x0 /home/misiker/Desktop/ld.so/build/elf/rtld-libc.a(rtld-strnlen.os)
 .bss           0x0000000000000148        0x0 /home/misiker/Desktop/ld.so/build/elf/rtld-libc.a(rtld-memchr.os)
 .bss           0x0000000000000148        0x0 /home/misiker/Desktop/ld.so/build/elf/rtld-libc.a(rtld-memcmp.os)
 .bss           0x0000000000000148        0x0 /home/misiker/Desktop/ld.so/build/elf/rtld-libc.a(rtld-memmove.os)
 .bss           0x0000000000000148        0x0 /home/misiker/Desktop/ld.so/build/elf/rtld-libc.a(rtld-memset.os)
 .bss           0x0000000000000148        0x0 /home/misiker/Desktop/ld.so/build/elf/rtld-libc.a(rtld-stpcpy.os)
 .bss           0x0000000000000148        0x0 /home/misiker/Desktop/ld.so/build/elf/rtld-libc.a(rtld-memcpy.os)
 .bss           0x0000000000000148        0x0 /home/misiker/Desktop/ld.so/build/elf/rtld-libc.a(rtld-wordcopy.os)
 .bss           0x0000000000000148        0x0 /home/misiker/Desktop/ld.so/build/elf/rtld-libc.a(rtld-rawmemchr.os)
 .bss           0x0000000000000148        0x0 /home/misiker/Desktop/ld.so/build/elf/rtld-libc.a(rtld-setitimer.os)
 *(COMMON)
 COMMON         0x0000000000000148        0x0 /home/misiker/Desktop/ld.so/build/elf/dl-allobjs.os
 COMMON         0x0000000000000148        0x0 /home/misiker/Desktop/ld.so/build/elf/rtld-libc.a(rtld-errno.os)

.lbss
 *(.dynlbss)
 *(.lbss)
 *(LARGE_COMMON)

.lrodata
 *(.lrodata)

.ldata
 *(.ldata)

.stab
 *(.stab)

.stabstr
 *(.stabstr)

.stab.excl
 *(.stab.excl)

.stab.exclstr
 *(.stab.exclstr)

.stab.index
 *(.stab.index)

.stab.indexstr
 *(.stab.indexstr)

.comment        0x0000000000000000      0xb98
 *(.comment)
 .comment       0x0000000000000000      0x73f /home/misiker/Desktop/ld.so/build/elf/dl-allobjs.os
 .comment       0x000000000000073f       0x35 /home/misiker/Desktop/ld.so/build/elf/rtld-libc.a(rtld-check_fds.os)
 .comment       0x0000000000000774       0x35 /home/misiker/Desktop/ld.so/build/elf/rtld-libc.a(rtld-errno.os)
 .comment       0x00000000000007a9       0x35 /home/misiker/Desktop/ld.so/build/elf/rtld-libc.a(rtld-closedir.os)
 .comment       0x00000000000007de       0x35 /home/misiker/Desktop/ld.so/build/elf/rtld-libc.a(rtld-readdir.os)
 .comment       0x0000000000000813       0x35 /home/misiker/Desktop/ld.so/build/elf/rtld-libc.a(rtld-rewinddir.os)
 .comment       0x0000000000000848       0x35 /home/misiker/Desktop/ld.so/build/elf/rtld-libc.a(rtld-getdents.os)
 .comment       0x000000000000087d       0x35 /home/misiker/Desktop/ld.so/build/elf/rtld-libc.a(rtld-fdopendir.os)
 .comment       0x00000000000008b2       0x35 /home/misiker/Desktop/ld.so/build/elf/rtld-libc.a(rtld-profil.os)
 .comment       0x00000000000008e7       0x35 /home/misiker/Desktop/ld.so/build/elf/rtld-libc.a(rtld-prof-freq.os)
 .comment       0x000000000000091c       0x35 /home/misiker/Desktop/ld.so/build/elf/rtld-libc.a(rtld-xstat.os)
 .comment       0x0000000000000951       0x35 /home/misiker/Desktop/ld.so/build/elf/rtld-libc.a(rtld-fxstat.os)
 .comment       0x0000000000000986       0x35 /home/misiker/Desktop/ld.so/build/elf/rtld-libc.a(rtld-lxstat.os)
 .comment       0x00000000000009bb       0x35 /home/misiker/Desktop/ld.so/build/elf/rtld-libc.a(rtld-fcntl.os)
 .comment       0x00000000000009f0       0x35 /home/misiker/Desktop/ld.so/build/elf/rtld-libc.a(rtld-mmap.os)
 .comment       0x0000000000000a25       0x35 /home/misiker/Desktop/ld.so/build/elf/rtld-libc.a(rtld-_exit.os)
 .comment       0x0000000000000a5a       0x35 /home/misiker/Desktop/ld.so/build/elf/rtld-libc.a(rtld-getpid.os)
 .comment       0x0000000000000a8f       0x35 /home/misiker/Desktop/ld.so/build/elf/rtld-libc.a(rtld-environ.os)
 .comment       0x0000000000000ac4       0x35 /home/misiker/Desktop/ld.so/build/elf/rtld-libc.a(rtld-sigaction.os)
 .comment       0x0000000000000af9       0x35 /home/misiker/Desktop/ld.so/build/elf/rtld-libc.a(rtld-strdup.os)
 .comment       0x0000000000000b2e       0x35 /home/misiker/Desktop/ld.so/build/elf/rtld-libc.a(rtld-memmove.os)
 .comment       0x0000000000000b63       0x35 /home/misiker/Desktop/ld.so/build/elf/rtld-libc.a(rtld-wordcopy.os)

.note.GNU-stack
                0x0000000000000000        0x0
 .note.GNU-stack
                0x0000000000000000        0x0 /home/misiker/Desktop/ld.so/build/elf/dl-allobjs.os
 .note.GNU-stack
                0x0000000000000000        0x0 /home/misiker/Desktop/ld.so/build/elf/rtld-libc.a(rtld-check_fds.os)
 .note.GNU-stack
                0x0000000000000000        0x0 /home/misiker/Desktop/ld.so/build/elf/rtld-libc.a(rtld-errno.os)
 .note.GNU-stack
                0x0000000000000000        0x0 /home/misiker/Desktop/ld.so/build/elf/rtld-libc.a(rtld-closedir.os)
 .note.GNU-stack
                0x0000000000000000        0x0 /home/misiker/Desktop/ld.so/build/elf/rtld-libc.a(rtld-readdir.os)
 .note.GNU-stack
                0x0000000000000000        0x0 /home/misiker/Desktop/ld.so/build/elf/rtld-libc.a(rtld-rewinddir.os)
 .note.GNU-stack
                0x0000000000000000        0x0 /home/misiker/Desktop/ld.so/build/elf/rtld-libc.a(rtld-getdents.os)
 .note.GNU-stack
                0x0000000000000000        0x0 /home/misiker/Desktop/ld.so/build/elf/rtld-libc.a(rtld-fdopendir.os)
 .note.GNU-stack
                0x0000000000000000        0x0 /home/misiker/Desktop/ld.so/build/elf/rtld-libc.a(rtld-profil.os)
 .note.GNU-stack
                0x0000000000000000        0x0 /home/misiker/Desktop/ld.so/build/elf/rtld-libc.a(rtld-prof-freq.os)
 .note.GNU-stack
                0x0000000000000000        0x0 /home/misiker/Desktop/ld.so/build/elf/rtld-libc.a(rtld-xstat.os)
 .note.GNU-stack
                0x0000000000000000        0x0 /home/misiker/Desktop/ld.so/build/elf/rtld-libc.a(rtld-fxstat.os)
 .note.GNU-stack
                0x0000000000000000        0x0 /home/misiker/Desktop/ld.so/build/elf/rtld-libc.a(rtld-lxstat.os)
 .note.GNU-stack
                0x0000000000000000        0x0 /home/misiker/Desktop/ld.so/build/elf/rtld-libc.a(rtld-open.os)
 .note.GNU-stack
                0x0000000000000000        0x0 /home/misiker/Desktop/ld.so/build/elf/rtld-libc.a(rtld-read.os)
 .note.GNU-stack
                0x0000000000000000        0x0 /home/misiker/Desktop/ld.so/build/elf/rtld-libc.a(rtld-write.os)
 .note.GNU-stack
                0x0000000000000000        0x0 /home/misiker/Desktop/ld.so/build/elf/rtld-libc.a(rtld-access.os)
 .note.GNU-stack
                0x0000000000000000        0x0 /home/misiker/Desktop/ld.so/build/elf/rtld-libc.a(rtld-fcntl.os)
 .note.GNU-stack
                0x0000000000000000        0x0 /home/misiker/Desktop/ld.so/build/elf/rtld-libc.a(rtld-close.os)
 .note.GNU-stack
                0x0000000000000000        0x0 /home/misiker/Desktop/ld.so/build/elf/rtld-libc.a(rtld-mmap.os)
 .note.GNU-stack
                0x0000000000000000        0x0 /home/misiker/Desktop/ld.so/build/elf/rtld-libc.a(rtld-munmap.os)
 .note.GNU-stack
                0x0000000000000000        0x0 /home/misiker/Desktop/ld.so/build/elf/rtld-libc.a(rtld-mprotect.os)
 .note.GNU-stack
                0x0000000000000000        0x0 /home/misiker/Desktop/ld.so/build/elf/rtld-libc.a(rtld-llseek.os)
 .note.GNU-stack
                0x0000000000000000        0x0 /home/misiker/Desktop/ld.so/build/elf/rtld-libc.a(rtld-uname.os)
 .note.GNU-stack
                0x0000000000000000        0x0 /home/misiker/Desktop/ld.so/build/elf/rtld-libc.a(rtld-_exit.os)
 .note.GNU-stack
                0x0000000000000000        0x0 /home/misiker/Desktop/ld.so/build/elf/rtld-libc.a(rtld-getpid.os)
 .note.GNU-stack
                0x0000000000000000        0x0 /home/misiker/Desktop/ld.so/build/elf/rtld-libc.a(rtld-environ.os)
 .note.GNU-stack
                0x0000000000000000        0x0 /home/misiker/Desktop/ld.so/build/elf/rtld-libc.a(rtld-setjmp.os)
 .note.GNU-stack
                0x0000000000000000        0x0 /home/misiker/Desktop/ld.so/build/elf/rtld-libc.a(rtld-__longjmp.os)
 .note.GNU-stack
                0x0000000000000000        0x0 /home/misiker/Desktop/ld.so/build/elf/rtld-libc.a(rtld-sigaction.os)
 .note.GNU-stack
                0x0000000000000000        0x0 /home/misiker/Desktop/ld.so/build/elf/rtld-libc.a(rtld-strchr.os)
 .note.GNU-stack
                0x0000000000000000        0x0 /home/misiker/Desktop/ld.so/build/elf/rtld-libc.a(rtld-strcmp.os)
 .note.GNU-stack
                0x0000000000000000        0x0 /home/misiker/Desktop/ld.so/build/elf/rtld-libc.a(rtld-strdup.os)
 .note.GNU-stack
                0x0000000000000000        0x0 /home/misiker/Desktop/ld.so/build/elf/rtld-libc.a(rtld-strlen.os)
 .note.GNU-stack
                0x0000000000000000        0x0 /home/misiker/Desktop/ld.so/build/elf/rtld-libc.a(rtld-strnlen.os)
 .note.GNU-stack
                0x0000000000000000        0x0 /home/misiker/Desktop/ld.so/build/elf/rtld-libc.a(rtld-memchr.os)
 .note.GNU-stack
                0x0000000000000000        0x0 /home/misiker/Desktop/ld.so/build/elf/rtld-libc.a(rtld-memcmp.os)
 .note.GNU-stack
                0x0000000000000000        0x0 /home/misiker/Desktop/ld.so/build/elf/rtld-libc.a(rtld-memmove.os)
 .note.GNU-stack
                0x0000000000000000        0x0 /home/misiker/Desktop/ld.so/build/elf/rtld-libc.a(rtld-memset.os)
 .note.GNU-stack
                0x0000000000000000        0x0 /home/misiker/Desktop/ld.so/build/elf/rtld-libc.a(rtld-stpcpy.os)
 .note.GNU-stack
                0x0000000000000000        0x0 /home/misiker/Desktop/ld.so/build/elf/rtld-libc.a(rtld-memcpy.os)
 .note.GNU-stack
                0x0000000000000000        0x0 /home/misiker/Desktop/ld.so/build/elf/rtld-libc.a(rtld-wordcopy.os)
 .note.GNU-stack
                0x0000000000000000        0x0 /home/misiker/Desktop/ld.so/build/elf/rtld-libc.a(rtld-rawmemchr.os)
 .note.GNU-stack
                0x0000000000000000        0x0 /home/misiker/Desktop/ld.so/build/elf/rtld-libc.a(rtld-setitimer.os)

.debug
 *(.debug)

.line
 *(.line)

.debug_srcinfo
 *(.debug_srcinfo)

.debug_sfnames
 *(.debug_sfnames)

.debug_aranges  0x0000000000000000      0xf00
 *(.debug_aranges)
 .debug_aranges
                0x0000000000000000      0x710 /home/misiker/Desktop/ld.so/build/elf/dl-allobjs.os
 .debug_aranges
                0x0000000000000710       0x30 /home/misiker/Desktop/ld.so/build/elf/rtld-libc.a(rtld-check_fds.os)
 .debug_aranges
                0x0000000000000740       0x20 /home/misiker/Desktop/ld.so/build/elf/rtld-libc.a(rtld-errno.os)
 .debug_aranges
                0x0000000000000760       0x30 /home/misiker/Desktop/ld.so/build/elf/rtld-libc.a(rtld-closedir.os)
 .debug_aranges
                0x0000000000000790       0x30 /home/misiker/Desktop/ld.so/build/elf/rtld-libc.a(rtld-readdir.os)
 .debug_aranges
                0x00000000000007c0       0x30 /home/misiker/Desktop/ld.so/build/elf/rtld-libc.a(rtld-rewinddir.os)
 .debug_aranges
                0x00000000000007f0       0x30 /home/misiker/Desktop/ld.so/build/elf/rtld-libc.a(rtld-getdents.os)
 .debug_aranges
                0x0000000000000820       0x30 /home/misiker/Desktop/ld.so/build/elf/rtld-libc.a(rtld-fdopendir.os)
 .debug_aranges
                0x0000000000000850       0x30 /home/misiker/Desktop/ld.so/build/elf/rtld-libc.a(rtld-profil.os)
 .debug_aranges
                0x0000000000000880       0x30 /home/misiker/Desktop/ld.so/build/elf/rtld-libc.a(rtld-prof-freq.os)
 .debug_aranges
                0x00000000000008b0       0x30 /home/misiker/Desktop/ld.so/build/elf/rtld-libc.a(rtld-xstat.os)
 .debug_aranges
                0x00000000000008e0       0x30 /home/misiker/Desktop/ld.so/build/elf/rtld-libc.a(rtld-fxstat.os)
 .debug_aranges
                0x0000000000000910       0x30 /home/misiker/Desktop/ld.so/build/elf/rtld-libc.a(rtld-lxstat.os)
 .debug_aranges
                0x0000000000000940       0x30 /home/misiker/Desktop/ld.so/build/elf/rtld-libc.a(rtld-open.os)
 .debug_aranges
                0x0000000000000970       0x30 /home/misiker/Desktop/ld.so/build/elf/rtld-libc.a(rtld-read.os)
 .debug_aranges
                0x00000000000009a0       0x30 /home/misiker/Desktop/ld.so/build/elf/rtld-libc.a(rtld-write.os)
 .debug_aranges
                0x00000000000009d0       0x30 /home/misiker/Desktop/ld.so/build/elf/rtld-libc.a(rtld-access.os)
 .debug_aranges
                0x0000000000000a00       0x30 /home/misiker/Desktop/ld.so/build/elf/rtld-libc.a(rtld-fcntl.os)
 .debug_aranges
                0x0000000000000a30       0x30 /home/misiker/Desktop/ld.so/build/elf/rtld-libc.a(rtld-close.os)
 .debug_aranges
                0x0000000000000a60       0x30 /home/misiker/Desktop/ld.so/build/elf/rtld-libc.a(rtld-mmap.os)
 .debug_aranges
                0x0000000000000a90       0x30 /home/misiker/Desktop/ld.so/build/elf/rtld-libc.a(rtld-munmap.os)
 .debug_aranges
                0x0000000000000ac0       0x30 /home/misiker/Desktop/ld.so/build/elf/rtld-libc.a(rtld-mprotect.os)
 .debug_aranges
                0x0000000000000af0       0x30 /home/misiker/Desktop/ld.so/build/elf/rtld-libc.a(rtld-llseek.os)
 .debug_aranges
                0x0000000000000b20       0x30 /home/misiker/Desktop/ld.so/build/elf/rtld-libc.a(rtld-uname.os)
 .debug_aranges
                0x0000000000000b50       0x30 /home/misiker/Desktop/ld.so/build/elf/rtld-libc.a(rtld-_exit.os)
 .debug_aranges
                0x0000000000000b80       0x30 /home/misiker/Desktop/ld.so/build/elf/rtld-libc.a(rtld-getpid.os)
 .debug_aranges
                0x0000000000000bb0       0x20 /home/misiker/Desktop/ld.so/build/elf/rtld-libc.a(rtld-environ.os)
 .debug_aranges
                0x0000000000000bd0       0x30 /home/misiker/Desktop/ld.so/build/elf/rtld-libc.a(rtld-setjmp.os)
 .debug_aranges
                0x0000000000000c00       0x30 /home/misiker/Desktop/ld.so/build/elf/rtld-libc.a(rtld-__longjmp.os)
 .debug_aranges
                0x0000000000000c30       0x30 /home/misiker/Desktop/ld.so/build/elf/rtld-libc.a(rtld-sigaction.os)
 .debug_aranges
                0x0000000000000c60       0x30 /home/misiker/Desktop/ld.so/build/elf/rtld-libc.a(rtld-strchr.os)
 .debug_aranges
                0x0000000000000c90       0x30 /home/misiker/Desktop/ld.so/build/elf/rtld-libc.a(rtld-strcmp.os)
 .debug_aranges
                0x0000000000000cc0       0x30 /home/misiker/Desktop/ld.so/build/elf/rtld-libc.a(rtld-strdup.os)
 .debug_aranges
                0x0000000000000cf0       0x30 /home/misiker/Desktop/ld.so/build/elf/rtld-libc.a(rtld-strlen.os)
 .debug_aranges
                0x0000000000000d20       0x30 /home/misiker/Desktop/ld.so/build/elf/rtld-libc.a(rtld-strnlen.os)
 .debug_aranges
                0x0000000000000d50       0x30 /home/misiker/Desktop/ld.so/build/elf/rtld-libc.a(rtld-memchr.os)
 .debug_aranges
                0x0000000000000d80       0x30 /home/misiker/Desktop/ld.so/build/elf/rtld-libc.a(rtld-memcmp.os)
 .debug_aranges
                0x0000000000000db0       0x30 /home/misiker/Desktop/ld.so/build/elf/rtld-libc.a(rtld-memmove.os)
 .debug_aranges
                0x0000000000000de0       0x30 /home/misiker/Desktop/ld.so/build/elf/rtld-libc.a(rtld-memset.os)
 .debug_aranges
                0x0000000000000e10       0x30 /home/misiker/Desktop/ld.so/build/elf/rtld-libc.a(rtld-stpcpy.os)
 .debug_aranges
                0x0000000000000e40       0x30 /home/misiker/Desktop/ld.so/build/elf/rtld-libc.a(rtld-memcpy.os)
 .debug_aranges
                0x0000000000000e70       0x30 /home/misiker/Desktop/ld.so/build/elf/rtld-libc.a(rtld-wordcopy.os)
 .debug_aranges
                0x0000000000000ea0       0x30 /home/misiker/Desktop/ld.so/build/elf/rtld-libc.a(rtld-rawmemchr.os)
 .debug_aranges
                0x0000000000000ed0       0x30 /home/misiker/Desktop/ld.so/build/elf/rtld-libc.a(rtld-setitimer.os)

.debug_pubnames
 *(.debug_pubnames)

.debug_info     0x0000000000000000    0x5f165
 *(.debug_info)
 .debug_info    0x0000000000000000    0x53f31 /home/misiker/Desktop/ld.so/build/elf/dl-allobjs.os
 .debug_info    0x0000000000053f31      0x847 /home/misiker/Desktop/ld.so/build/elf/rtld-libc.a(rtld-check_fds.os)
 .debug_info    0x0000000000054778      0x447 /home/misiker/Desktop/ld.so/build/elf/rtld-libc.a(rtld-errno.os)
 .debug_info    0x0000000000054bbf      0x6b2 /home/misiker/Desktop/ld.so/build/elf/rtld-libc.a(rtld-closedir.os)
 .debug_info    0x0000000000055271      0x723 /home/misiker/Desktop/ld.so/build/elf/rtld-libc.a(rtld-readdir.os)
 .debug_info    0x0000000000055994      0x641 /home/misiker/Desktop/ld.so/build/elf/rtld-libc.a(rtld-rewinddir.os)
 .debug_info    0x0000000000055fd5      0x705 /home/misiker/Desktop/ld.so/build/elf/rtld-libc.a(rtld-getdents.os)
 .debug_info    0x00000000000566da      0x832 /home/misiker/Desktop/ld.so/build/elf/rtld-libc.a(rtld-fdopendir.os)
 .debug_info    0x0000000000056f0c      0xa43 /home/misiker/Desktop/ld.so/build/elf/rtld-libc.a(rtld-profil.os)
 .debug_info    0x000000000005794f     0x194c /home/misiker/Desktop/ld.so/build/elf/rtld-libc.a(rtld-prof-freq.os)
 .debug_info    0x000000000005929b      0x687 /home/misiker/Desktop/ld.so/build/elf/rtld-libc.a(rtld-xstat.os)
 .debug_info    0x0000000000059922      0x680 /home/misiker/Desktop/ld.so/build/elf/rtld-libc.a(rtld-fxstat.os)
 .debug_info    0x0000000000059fa2      0x687 /home/misiker/Desktop/ld.so/build/elf/rtld-libc.a(rtld-lxstat.os)
 .debug_info    0x000000000005a629       0x7d /home/misiker/Desktop/ld.so/build/elf/rtld-libc.a(rtld-open.os)
 .debug_info    0x000000000005a6a6       0x7d /home/misiker/Desktop/ld.so/build/elf/rtld-libc.a(rtld-read.os)
 .debug_info    0x000000000005a723       0x7d /home/misiker/Desktop/ld.so/build/elf/rtld-libc.a(rtld-write.os)
 .debug_info    0x000000000005a7a0       0x7d /home/misiker/Desktop/ld.so/build/elf/rtld-libc.a(rtld-access.os)
 .debug_info    0x000000000005a81d      0x7c9 /home/misiker/Desktop/ld.so/build/elf/rtld-libc.a(rtld-fcntl.os)
 .debug_info    0x000000000005afe6       0x7d /home/misiker/Desktop/ld.so/build/elf/rtld-libc.a(rtld-close.os)
 .debug_info    0x000000000005b063     0x1b94 /home/misiker/Desktop/ld.so/build/elf/rtld-libc.a(rtld-mmap.os)
 .debug_info    0x000000000005cbf7       0x7f /home/misiker/Desktop/ld.so/build/elf/rtld-libc.a(rtld-munmap.os)
 .debug_info    0x000000000005cc76       0x7f /home/misiker/Desktop/ld.so/build/elf/rtld-libc.a(rtld-mprotect.os)
 .debug_info    0x000000000005ccf5       0x7f /home/misiker/Desktop/ld.so/build/elf/rtld-libc.a(rtld-llseek.os)
 .debug_info    0x000000000005cd74       0x80 /home/misiker/Desktop/ld.so/build/elf/rtld-libc.a(rtld-uname.os)
 .debug_info    0x000000000005cdf4      0x52f /home/misiker/Desktop/ld.so/build/elf/rtld-libc.a(rtld-_exit.os)
 .debug_info    0x000000000005d323      0x4b6 /home/misiker/Desktop/ld.so/build/elf/rtld-libc.a(rtld-getpid.os)
 .debug_info    0x000000000005d7d9       0xcc /home/misiker/Desktop/ld.so/build/elf/rtld-libc.a(rtld-environ.os)
 .debug_info    0x000000000005d8a5       0x79 /home/misiker/Desktop/ld.so/build/elf/rtld-libc.a(rtld-setjmp.os)
 .debug_info    0x000000000005d91e       0x7c /home/misiker/Desktop/ld.so/build/elf/rtld-libc.a(rtld-__longjmp.os)
 .debug_info    0x000000000005d99a      0xa0c /home/misiker/Desktop/ld.so/build/elf/rtld-libc.a(rtld-sigaction.os)
 .debug_info    0x000000000005e3a6       0x86 /home/misiker/Desktop/ld.so/build/elf/rtld-libc.a(rtld-strchr.os)
 .debug_info    0x000000000005e42c       0x86 /home/misiker/Desktop/ld.so/build/elf/rtld-libc.a(rtld-strcmp.os)
 .debug_info    0x000000000005e4b2      0x159 /home/misiker/Desktop/ld.so/build/elf/rtld-libc.a(rtld-strdup.os)
 .debug_info    0x000000000005e60b       0x79 /home/misiker/Desktop/ld.so/build/elf/rtld-libc.a(rtld-strlen.os)
 .debug_info    0x000000000005e684       0x79 /home/misiker/Desktop/ld.so/build/elf/rtld-libc.a(rtld-strnlen.os)
 .debug_info    0x000000000005e6fd       0x79 /home/misiker/Desktop/ld.so/build/elf/rtld-libc.a(rtld-memchr.os)
 .debug_info    0x000000000005e776       0x86 /home/misiker/Desktop/ld.so/build/elf/rtld-libc.a(rtld-memcmp.os)
 .debug_info    0x000000000005e7fc      0x28f /home/misiker/Desktop/ld.so/build/elf/rtld-libc.a(rtld-memmove.os)
 .debug_info    0x000000000005ea8b       0x86 /home/misiker/Desktop/ld.so/build/elf/rtld-libc.a(rtld-memset.os)
 .debug_info    0x000000000005eb11       0x86 /home/misiker/Desktop/ld.so/build/elf/rtld-libc.a(rtld-stpcpy.os)
 .debug_info    0x000000000005eb97       0x86 /home/misiker/Desktop/ld.so/build/elf/rtld-libc.a(rtld-memcpy.os)
 .debug_info    0x000000000005ec1d      0x44d /home/misiker/Desktop/ld.so/build/elf/rtld-libc.a(rtld-wordcopy.os)
 .debug_info    0x000000000005f06a       0x7c /home/misiker/Desktop/ld.so/build/elf/rtld-libc.a(rtld-rawmemchr.os)
 .debug_info    0x000000000005f0e6       0x7f /home/misiker/Desktop/ld.so/build/elf/rtld-libc.a(rtld-setitimer.os)

.debug_abbrev   0x0000000000000000     0xa896
 *(.debug_abbrev)
 .debug_abbrev  0x0000000000000000     0x86fa /home/misiker/Desktop/ld.so/build/elf/dl-allobjs.os
 .debug_abbrev  0x00000000000086fa      0x212 /home/misiker/Desktop/ld.so/build/elf/rtld-libc.a(rtld-check_fds.os)
 .debug_abbrev  0x000000000000890c       0xe6 /home/misiker/Desktop/ld.so/build/elf/rtld-libc.a(rtld-errno.os)
 .debug_abbrev  0x00000000000089f2      0x18e /home/misiker/Desktop/ld.so/build/elf/rtld-libc.a(rtld-closedir.os)
 .debug_abbrev  0x0000000000008b80      0x183 /home/misiker/Desktop/ld.so/build/elf/rtld-libc.a(rtld-readdir.os)
 .debug_abbrev  0x0000000000008d03      0x14d /home/misiker/Desktop/ld.so/build/elf/rtld-libc.a(rtld-rewinddir.os)
 .debug_abbrev  0x0000000000008e50      0x1c0 /home/misiker/Desktop/ld.so/build/elf/rtld-libc.a(rtld-getdents.os)
 .debug_abbrev  0x0000000000009010      0x18d /home/misiker/Desktop/ld.so/build/elf/rtld-libc.a(rtld-fdopendir.os)
 .debug_abbrev  0x000000000000919d      0x297 /home/misiker/Desktop/ld.so/build/elf/rtld-libc.a(rtld-profil.os)
 .debug_abbrev  0x0000000000009434      0x26d /home/misiker/Desktop/ld.so/build/elf/rtld-libc.a(rtld-prof-freq.os)
 .debug_abbrev  0x00000000000096a1      0x143 /home/misiker/Desktop/ld.so/build/elf/rtld-libc.a(rtld-xstat.os)
 .debug_abbrev  0x00000000000097e4      0x152 /home/misiker/Desktop/ld.so/build/elf/rtld-libc.a(rtld-fxstat.os)
 .debug_abbrev  0x0000000000009936      0x143 /home/misiker/Desktop/ld.so/build/elf/rtld-libc.a(rtld-lxstat.os)
 .debug_abbrev  0x0000000000009a79       0x14 /home/misiker/Desktop/ld.so/build/elf/rtld-libc.a(rtld-open.os)
 .debug_abbrev  0x0000000000009a8d       0x14 /home/misiker/Desktop/ld.so/build/elf/rtld-libc.a(rtld-read.os)
 .debug_abbrev  0x0000000000009aa1       0x14 /home/misiker/Desktop/ld.so/build/elf/rtld-libc.a(rtld-write.os)
 .debug_abbrev  0x0000000000009ab5       0x14 /home/misiker/Desktop/ld.so/build/elf/rtld-libc.a(rtld-access.os)
 .debug_abbrev  0x0000000000009ac9      0x224 /home/misiker/Desktop/ld.so/build/elf/rtld-libc.a(rtld-fcntl.os)
 .debug_abbrev  0x0000000000009ced       0x14 /home/misiker/Desktop/ld.so/build/elf/rtld-libc.a(rtld-close.os)
 .debug_abbrev  0x0000000000009d01      0x2d3 /home/misiker/Desktop/ld.so/build/elf/rtld-libc.a(rtld-mmap.os)
 .debug_abbrev  0x0000000000009fd4       0x14 /home/misiker/Desktop/ld.so/build/elf/rtld-libc.a(rtld-munmap.os)
 .debug_abbrev  0x0000000000009fe8       0x14 /home/misiker/Desktop/ld.so/build/elf/rtld-libc.a(rtld-mprotect.os)
 .debug_abbrev  0x0000000000009ffc       0x14 /home/misiker/Desktop/ld.so/build/elf/rtld-libc.a(rtld-llseek.os)
 .debug_abbrev  0x000000000000a010       0x14 /home/misiker/Desktop/ld.so/build/elf/rtld-libc.a(rtld-uname.os)
 .debug_abbrev  0x000000000000a024      0x14d /home/misiker/Desktop/ld.so/build/elf/rtld-libc.a(rtld-_exit.os)
 .debug_abbrev  0x000000000000a171      0x11a /home/misiker/Desktop/ld.so/build/elf/rtld-libc.a(rtld-getpid.os)
 .debug_abbrev  0x000000000000a28b       0x53 /home/misiker/Desktop/ld.so/build/elf/rtld-libc.a(rtld-environ.os)
 .debug_abbrev  0x000000000000a2de       0x14 /home/misiker/Desktop/ld.so/build/elf/rtld-libc.a(rtld-setjmp.os)
 .debug_abbrev  0x000000000000a2f2       0x14 /home/misiker/Desktop/ld.so/build/elf/rtld-libc.a(rtld-__longjmp.os)
 .debug_abbrev  0x000000000000a306      0x1de /home/misiker/Desktop/ld.so/build/elf/rtld-libc.a(rtld-sigaction.os)
 .debug_abbrev  0x000000000000a4e4       0x14 /home/misiker/Desktop/ld.so/build/elf/rtld-libc.a(rtld-strchr.os)
 .debug_abbrev  0x000000000000a4f8       0x14 /home/misiker/Desktop/ld.so/build/elf/rtld-libc.a(rtld-strcmp.os)
 .debug_abbrev  0x000000000000a50c       0xde /home/misiker/Desktop/ld.so/build/elf/rtld-libc.a(rtld-strdup.os)
 .debug_abbrev  0x000000000000a5ea       0x14 /home/misiker/Desktop/ld.so/build/elf/rtld-libc.a(rtld-strlen.os)
 .debug_abbrev  0x000000000000a5fe       0x14 /home/misiker/Desktop/ld.so/build/elf/rtld-libc.a(rtld-strnlen.os)
 .debug_abbrev  0x000000000000a612       0x14 /home/misiker/Desktop/ld.so/build/elf/rtld-libc.a(rtld-memchr.os)
 .debug_abbrev  0x000000000000a626       0x14 /home/misiker/Desktop/ld.so/build/elf/rtld-libc.a(rtld-memcmp.os)
 .debug_abbrev  0x000000000000a63a       0xfd /home/misiker/Desktop/ld.so/build/elf/rtld-libc.a(rtld-memmove.os)
 .debug_abbrev  0x000000000000a737       0x14 /home/misiker/Desktop/ld.so/build/elf/rtld-libc.a(rtld-memset.os)
 .debug_abbrev  0x000000000000a74b       0x14 /home/misiker/Desktop/ld.so/build/elf/rtld-libc.a(rtld-stpcpy.os)
 .debug_abbrev  0x000000000000a75f       0x14 /home/misiker/Desktop/ld.so/build/elf/rtld-libc.a(rtld-memcpy.os)
 .debug_abbrev  0x000000000000a773       0xfb /home/misiker/Desktop/ld.so/build/elf/rtld-libc.a(rtld-wordcopy.os)
 .debug_abbrev  0x000000000000a86e       0x14 /home/misiker/Desktop/ld.so/build/elf/rtld-libc.a(rtld-rawmemchr.os)
 .debug_abbrev  0x000000000000a882       0x14 /home/misiker/Desktop/ld.so/build/elf/rtld-libc.a(rtld-setitimer.os)

.debug_line     0x0000000000000000     0xe40c
 *(.debug_line .debug_line.* .debug_line_end)
 .debug_line    0x0000000000000000     0xb18e /home/misiker/Desktop/ld.so/build/elf/dl-allobjs.os
 .debug_line    0x000000000000b18e      0x1dd /home/misiker/Desktop/ld.so/build/elf/rtld-libc.a(rtld-check_fds.os)
 .debug_line    0x000000000000b36b       0xc2 /home/misiker/Desktop/ld.so/build/elf/rtld-libc.a(rtld-errno.os)
 .debug_line    0x000000000000b42d      0x1fd /home/misiker/Desktop/ld.so/build/elf/rtld-libc.a(rtld-closedir.os)
 .debug_line    0x000000000000b62a      0x217 /home/misiker/Desktop/ld.so/build/elf/rtld-libc.a(rtld-readdir.os)
 .debug_line    0x000000000000b841      0x1d9 /home/misiker/Desktop/ld.so/build/elf/rtld-libc.a(rtld-rewinddir.os)
 .debug_line    0x000000000000ba1a      0x1e8 /home/misiker/Desktop/ld.so/build/elf/rtld-libc.a(rtld-getdents.os)
 .debug_line    0x000000000000bc02      0x257 /home/misiker/Desktop/ld.so/build/elf/rtld-libc.a(rtld-fdopendir.os)
 .debug_line    0x000000000000be59      0x291 /home/misiker/Desktop/ld.so/build/elf/rtld-libc.a(rtld-profil.os)
 .debug_line    0x000000000000c0ea      0x241 /home/misiker/Desktop/ld.so/build/elf/rtld-libc.a(rtld-prof-freq.os)
 .debug_line    0x000000000000c32b      0x16b /home/misiker/Desktop/ld.so/build/elf/rtld-libc.a(rtld-xstat.os)
 .debug_line    0x000000000000c496      0x16c /home/misiker/Desktop/ld.so/build/elf/rtld-libc.a(rtld-fxstat.os)
 .debug_line    0x000000000000c602      0x16c /home/misiker/Desktop/ld.so/build/elf/rtld-libc.a(rtld-lxstat.os)
 .debug_line    0x000000000000c76e       0x59 /home/misiker/Desktop/ld.so/build/elf/rtld-libc.a(rtld-open.os)
 .debug_line    0x000000000000c7c7       0x59 /home/misiker/Desktop/ld.so/build/elf/rtld-libc.a(rtld-read.os)
 .debug_line    0x000000000000c820       0x59 /home/misiker/Desktop/ld.so/build/elf/rtld-libc.a(rtld-write.os)
 .debug_line    0x000000000000c879       0x59 /home/misiker/Desktop/ld.so/build/elf/rtld-libc.a(rtld-access.os)
 .debug_line    0x000000000000c8d2      0x1b5 /home/misiker/Desktop/ld.so/build/elf/rtld-libc.a(rtld-fcntl.os)
 .debug_line    0x000000000000ca87       0x59 /home/misiker/Desktop/ld.so/build/elf/rtld-libc.a(rtld-close.os)
 .debug_line    0x000000000000cae0      0x27a /home/misiker/Desktop/ld.so/build/elf/rtld-libc.a(rtld-mmap.os)
 .debug_line    0x000000000000cd5a       0x59 /home/misiker/Desktop/ld.so/build/elf/rtld-libc.a(rtld-munmap.os)
 .debug_line    0x000000000000cdb3       0x59 /home/misiker/Desktop/ld.so/build/elf/rtld-libc.a(rtld-mprotect.os)
 .debug_line    0x000000000000ce0c       0x59 /home/misiker/Desktop/ld.so/build/elf/rtld-libc.a(rtld-llseek.os)
 .debug_line    0x000000000000ce65       0x59 /home/misiker/Desktop/ld.so/build/elf/rtld-libc.a(rtld-uname.os)
 .debug_line    0x000000000000cebe      0x12d /home/misiker/Desktop/ld.so/build/elf/rtld-libc.a(rtld-_exit.os)
 .debug_line    0x000000000000cfeb      0x12a /home/misiker/Desktop/ld.so/build/elf/rtld-libc.a(rtld-getpid.os)
 .debug_line    0x000000000000d115       0x41 /home/misiker/Desktop/ld.so/build/elf/rtld-libc.a(rtld-environ.os)
 .debug_line    0x000000000000d156       0x5f /home/misiker/Desktop/ld.so/build/elf/rtld-libc.a(rtld-setjmp.os)
 .debug_line    0x000000000000d1b5       0x61 /home/misiker/Desktop/ld.so/build/elf/rtld-libc.a(rtld-__longjmp.os)
 .debug_line    0x000000000000d216      0x26b /home/misiker/Desktop/ld.so/build/elf/rtld-libc.a(rtld-sigaction.os)
 .debug_line    0x000000000000d481       0xde /home/misiker/Desktop/ld.so/build/elf/rtld-libc.a(rtld-strchr.os)
 .debug_line    0x000000000000d55f      0x49c /home/misiker/Desktop/ld.so/build/elf/rtld-libc.a(rtld-strcmp.os)
 .debug_line    0x000000000000d9fb       0xa5 /home/misiker/Desktop/ld.so/build/elf/rtld-libc.a(rtld-strdup.os)
 .debug_line    0x000000000000daa0       0x98 /home/misiker/Desktop/ld.so/build/elf/rtld-libc.a(rtld-strlen.os)
 .debug_line    0x000000000000db38       0x98 /home/misiker/Desktop/ld.so/build/elf/rtld-libc.a(rtld-strnlen.os)
 .debug_line    0x000000000000dbd0      0x117 /home/misiker/Desktop/ld.so/build/elf/rtld-libc.a(rtld-memchr.os)
 .debug_line    0x000000000000dce7      0x159 /home/misiker/Desktop/ld.so/build/elf/rtld-libc.a(rtld-memcmp.os)
 .debug_line    0x000000000000de40      0x10c /home/misiker/Desktop/ld.so/build/elf/rtld-libc.a(rtld-memmove.os)
 .debug_line    0x000000000000df4c       0x95 /home/misiker/Desktop/ld.so/build/elf/rtld-libc.a(rtld-memset.os)
 .debug_line    0x000000000000dfe1       0xa2 /home/misiker/Desktop/ld.so/build/elf/rtld-libc.a(rtld-stpcpy.os)
 .debug_line    0x000000000000e083       0xc0 /home/misiker/Desktop/ld.so/build/elf/rtld-libc.a(rtld-memcpy.os)
 .debug_line    0x000000000000e143      0x1a8 /home/misiker/Desktop/ld.so/build/elf/rtld-libc.a(rtld-wordcopy.os)
 .debug_line    0x000000000000e2eb       0xc8 /home/misiker/Desktop/ld.so/build/elf/rtld-libc.a(rtld-rawmemchr.os)
 .debug_line    0x000000000000e3b3       0x59 /home/misiker/Desktop/ld.so/build/elf/rtld-libc.a(rtld-setitimer.os)

.debug_frame
 *(.debug_frame)

.debug_str      0x0000000000000000    0x35e2b
 *(.debug_str)
 .debug_str     0x0000000000000000    0x2e467 /home/misiker/Desktop/ld.so/build/elf/dl-allobjs.os
 .debug_str     0x000000000002e467      0x5a5 /home/misiker/Desktop/ld.so/build/elf/rtld-libc.a(rtld-check_fds.os)
 .debug_str     0x000000000002ea0c      0x3bb /home/misiker/Desktop/ld.so/build/elf/rtld-libc.a(rtld-errno.os)
 .debug_str     0x000000000002edc7      0x536 /home/misiker/Desktop/ld.so/build/elf/rtld-libc.a(rtld-closedir.os)
 .debug_str     0x000000000002f2fd      0x5a4 /home/misiker/Desktop/ld.so/build/elf/rtld-libc.a(rtld-readdir.os)
 .debug_str     0x000000000002f8a1      0x51f /home/misiker/Desktop/ld.so/build/elf/rtld-libc.a(rtld-rewinddir.os)
 .debug_str     0x000000000002fdc0      0x515 /home/misiker/Desktop/ld.so/build/elf/rtld-libc.a(rtld-getdents.os)
 .debug_str     0x00000000000302d5      0x664 /home/misiker/Desktop/ld.so/build/elf/rtld-libc.a(rtld-fdopendir.os)
 .debug_str     0x0000000000030939      0x776 /home/misiker/Desktop/ld.so/build/elf/rtld-libc.a(rtld-profil.os)
 .debug_str     0x00000000000310af     0x110c /home/misiker/Desktop/ld.so/build/elf/rtld-libc.a(rtld-prof-freq.os)
 .debug_str     0x00000000000321bb      0x524 /home/misiker/Desktop/ld.so/build/elf/rtld-libc.a(rtld-xstat.os)
 .debug_str     0x00000000000326df      0x522 /home/misiker/Desktop/ld.so/build/elf/rtld-libc.a(rtld-fxstat.os)
 .debug_str     0x0000000000032c01      0x527 /home/misiker/Desktop/ld.so/build/elf/rtld-libc.a(rtld-lxstat.os)
 .debug_str     0x0000000000033128      0x52e /home/misiker/Desktop/ld.so/build/elf/rtld-libc.a(rtld-fcntl.os)
 .debug_str     0x0000000000033656     0x115d /home/misiker/Desktop/ld.so/build/elf/rtld-libc.a(rtld-mmap.os)
 .debug_str     0x00000000000347b3      0x430 /home/misiker/Desktop/ld.so/build/elf/rtld-libc.a(rtld-_exit.os)
 .debug_str     0x0000000000034be3      0x425 /home/misiker/Desktop/ld.so/build/elf/rtld-libc.a(rtld-getpid.os)
 .debug_str     0x0000000000035008      0x1b7 /home/misiker/Desktop/ld.so/build/elf/rtld-libc.a(rtld-environ.os)
 .debug_str     0x00000000000351bf      0x6a8 /home/misiker/Desktop/ld.so/build/elf/rtld-libc.a(rtld-sigaction.os)
 .debug_str     0x0000000000035867      0x1a9 /home/misiker/Desktop/ld.so/build/elf/rtld-libc.a(rtld-strdup.os)
 .debug_str     0x0000000000035a10      0x22f /home/misiker/Desktop/ld.so/build/elf/rtld-libc.a(rtld-memmove.os)
 .debug_str     0x0000000000035c3f      0x1ec /home/misiker/Desktop/ld.so/build/elf/rtld-libc.a(rtld-wordcopy.os)

.debug_loc      0x0000000000000000    0x32e66
 *(.debug_loc)
 .debug_loc     0x0000000000000000    0x2f855 /home/misiker/Desktop/ld.so/build/elf/dl-allobjs.os
 .debug_loc     0x000000000002f855      0x1fb /home/misiker/Desktop/ld.so/build/elf/rtld-libc.a(rtld-check_fds.os)
 .debug_loc     0x000000000002fa50      0x141 /home/misiker/Desktop/ld.so/build/elf/rtld-libc.a(rtld-closedir.os)
 .debug_loc     0x000000000002fb91      0x1d8 /home/misiker/Desktop/ld.so/build/elf/rtld-libc.a(rtld-readdir.os)
 .debug_loc     0x000000000002fd69       0x4c /home/misiker/Desktop/ld.so/build/elf/rtld-libc.a(rtld-rewinddir.os)
 .debug_loc     0x000000000002fdb5      0x321 /home/misiker/Desktop/ld.so/build/elf/rtld-libc.a(rtld-getdents.os)
 .debug_loc     0x00000000000300d6       0xbe /home/misiker/Desktop/ld.so/build/elf/rtld-libc.a(rtld-fdopendir.os)
 .debug_loc     0x0000000000030194      0x23a /home/misiker/Desktop/ld.so/build/elf/rtld-libc.a(rtld-profil.os)
 .debug_loc     0x00000000000303ce      0x182 /home/misiker/Desktop/ld.so/build/elf/rtld-libc.a(rtld-xstat.os)
 .debug_loc     0x0000000000030550      0x177 /home/misiker/Desktop/ld.so/build/elf/rtld-libc.a(rtld-fxstat.os)
 .debug_loc     0x00000000000306c7      0x182 /home/misiker/Desktop/ld.so/build/elf/rtld-libc.a(rtld-lxstat.os)
 .debug_loc     0x0000000000030849      0x321 /home/misiker/Desktop/ld.so/build/elf/rtld-libc.a(rtld-fcntl.os)
 .debug_loc     0x0000000000030b6a      0x6e0 /home/misiker/Desktop/ld.so/build/elf/rtld-libc.a(rtld-mmap.os)
 .debug_loc     0x000000000003124a      0x158 /home/misiker/Desktop/ld.so/build/elf/rtld-libc.a(rtld-_exit.os)
 .debug_loc     0x00000000000313a2      0x37a /home/misiker/Desktop/ld.so/build/elf/rtld-libc.a(rtld-sigaction.os)
 .debug_loc     0x000000000003171c      0x107 /home/misiker/Desktop/ld.so/build/elf/rtld-libc.a(rtld-strdup.os)
 .debug_loc     0x0000000000031823      0x651 /home/misiker/Desktop/ld.so/build/elf/rtld-libc.a(rtld-memmove.os)
 .debug_loc     0x0000000000031e74      0xff2 /home/misiker/Desktop/ld.so/build/elf/rtld-libc.a(rtld-wordcopy.os)

.debug_macinfo
 *(.debug_macinfo)

.debug_weaknames
 *(.debug_weaknames)

.debug_funcnames
 *(.debug_funcnames)

.debug_typenames
 *(.debug_typenames)

.debug_varnames
 *(.debug_varnames)

.debug_pubtypes
 *(.debug_pubtypes)

.debug_ranges   0x0000000000000000     0x8910
 *(.debug_ranges)
 .debug_ranges  0x0000000000000000     0x8330 /home/misiker/Desktop/ld.so/build/elf/dl-allobjs.os
 .debug_ranges  0x0000000000008330       0x70 /home/misiker/Desktop/ld.so/build/elf/rtld-libc.a(rtld-check_fds.os)
 .debug_ranges  0x00000000000083a0       0x30 /home/misiker/Desktop/ld.so/build/elf/rtld-libc.a(rtld-closedir.os)
 .debug_ranges  0x00000000000083d0       0xa0 /home/misiker/Desktop/ld.so/build/elf/rtld-libc.a(rtld-readdir.os)
 .debug_ranges  0x0000000000008470       0xd0 /home/misiker/Desktop/ld.so/build/elf/rtld-libc.a(rtld-getdents.os)
 .debug_ranges  0x0000000000008540       0x30 /home/misiker/Desktop/ld.so/build/elf/rtld-libc.a(rtld-xstat.os)
 .debug_ranges  0x0000000000008570       0x30 /home/misiker/Desktop/ld.so/build/elf/rtld-libc.a(rtld-fxstat.os)
 .debug_ranges  0x00000000000085a0       0x30 /home/misiker/Desktop/ld.so/build/elf/rtld-libc.a(rtld-lxstat.os)
 .debug_ranges  0x00000000000085d0       0x40 /home/misiker/Desktop/ld.so/build/elf/rtld-libc.a(rtld-fcntl.os)
 .debug_ranges  0x0000000000008610       0xe0 /home/misiker/Desktop/ld.so/build/elf/rtld-libc.a(rtld-mmap.os)
 .debug_ranges  0x00000000000086f0       0x90 /home/misiker/Desktop/ld.so/build/elf/rtld-libc.a(rtld-_exit.os)
 .debug_ranges  0x0000000000008780       0xc0 /home/misiker/Desktop/ld.so/build/elf/rtld-libc.a(rtld-sigaction.os)
 .debug_ranges  0x0000000000008840       0xd0 /home/misiker/Desktop/ld.so/build/elf/rtld-libc.a(rtld-memmove.os)

.debug_macro
 *(.debug_macro)

.gnu.attributes
 *(.gnu.attributes)
OUTPUT(/home/misiker/Desktop/ld.so/build/elf/librtld.os elf64-x86-64)
